Archive member included to satisfy reference by file (symbol)

/usr/local/Cellar/arm-none-eabi-gcc/6-2016-q4-update/bin/../lib/gcc/arm-none-eabi/6.2.1/../../../../arm-none-eabi/lib/thumb/v7e-m/fpv4-sp/softfp/libc.a(lib_a-assert.o)
                              ./BUILD/NRF52_DK/GCC_ARM/mbed-os/targets/TARGET_NORDIC/TARGET_NRF5/nordic_critical.o (__assert_func)
/usr/local/Cellar/arm-none-eabi-gcc/6-2016-q4-update/bin/../lib/gcc/arm-none-eabi/6.2.1/../../../../arm-none-eabi/lib/thumb/v7e-m/fpv4-sp/softfp/libc.a(lib_a-callocr.o)
                              ./BUILD/NRF52_DK/GCC_ARM/mbed-os/platform/mbed_alloc_wrappers.o (_calloc_r)
/usr/local/Cellar/arm-none-eabi-gcc/6-2016-q4-update/bin/../lib/gcc/arm-none-eabi/6.2.1/../../../../arm-none-eabi/lib/thumb/v7e-m/fpv4-sp/softfp/libc.a(lib_a-errno.o)
                              ./BUILD/NRF52_DK/GCC_ARM/mbed-os/platform/retarget.o (__errno)
/usr/local/Cellar/arm-none-eabi-gcc/6-2016-q4-update/bin/../lib/gcc/arm-none-eabi/6.2.1/../../../../arm-none-eabi/lib/thumb/v7e-m/fpv4-sp/softfp/libc.a(lib_a-fclose.o)
                              ./BUILD/NRF52_DK/GCC_ARM/mbed-os/drivers/Stream.o (fclose)
/usr/local/Cellar/arm-none-eabi-gcc/6-2016-q4-update/bin/../lib/gcc/arm-none-eabi/6.2.1/../../../../arm-none-eabi/lib/thumb/v7e-m/fpv4-sp/softfp/libc.a(lib_a-fflush.o)
                              /usr/local/Cellar/arm-none-eabi-gcc/6-2016-q4-update/bin/../lib/gcc/arm-none-eabi/6.2.1/../../../../arm-none-eabi/lib/thumb/v7e-m/fpv4-sp/softfp/libc.a(lib_a-fclose.o) (__sflush_r)
/usr/local/Cellar/arm-none-eabi-gcc/6-2016-q4-update/bin/../lib/gcc/arm-none-eabi/6.2.1/../../../../arm-none-eabi/lib/thumb/v7e-m/fpv4-sp/softfp/libc.a(lib_a-fgetc.o)
                              ./BUILD/NRF52_DK/GCC_ARM/mbed-os/platform/retarget.o (fgetc)
/usr/local/Cellar/arm-none-eabi-gcc/6-2016-q4-update/bin/../lib/gcc/arm-none-eabi/6.2.1/../../../../arm-none-eabi/lib/thumb/v7e-m/fpv4-sp/softfp/libc.a(lib_a-fgets.o)
                              ./BUILD/NRF52_DK/GCC_ARM/mbed-os/platform/retarget.o (fgets)
/usr/local/Cellar/arm-none-eabi-gcc/6-2016-q4-update/bin/../lib/gcc/arm-none-eabi/6.2.1/../../../../arm-none-eabi/lib/thumb/v7e-m/fpv4-sp/softfp/libc.a(lib_a-findfp.o)
                              /usr/local/Cellar/arm-none-eabi-gcc/6-2016-q4-update/bin/../lib/gcc/arm-none-eabi/6.2.1/../../../../arm-none-eabi/lib/thumb/v7e-m/fpv4-sp/softfp/libc.a(lib_a-fclose.o) (__sinit)
/usr/local/Cellar/arm-none-eabi-gcc/6-2016-q4-update/bin/../lib/gcc/arm-none-eabi/6.2.1/../../../../arm-none-eabi/lib/thumb/v7e-m/fpv4-sp/softfp/libc.a(lib_a-fiprintf.o)
                              /usr/local/Cellar/arm-none-eabi-gcc/6-2016-q4-update/bin/../lib/gcc/arm-none-eabi/6.2.1/../../../../arm-none-eabi/lib/thumb/v7e-m/fpv4-sp/softfp/libc.a(lib_a-assert.o) (fiprintf)
/usr/local/Cellar/arm-none-eabi-gcc/6-2016-q4-update/bin/../lib/gcc/arm-none-eabi/6.2.1/../../../../arm-none-eabi/lib/thumb/v7e-m/fpv4-sp/softfp/libc.a(lib_a-fopen.o)
                              ./BUILD/NRF52_DK/GCC_ARM/mbed-os/drivers/Stream.o (fopen)
/usr/local/Cellar/arm-none-eabi-gcc/6-2016-q4-update/bin/../lib/gcc/arm-none-eabi/6.2.1/../../../../arm-none-eabi/lib/thumb/v7e-m/fpv4-sp/softfp/libc.a(lib_a-fputc.o)
                              ./BUILD/NRF52_DK/GCC_ARM/mbed-os/drivers/Stream.o (fputc)
/usr/local/Cellar/arm-none-eabi-gcc/6-2016-q4-update/bin/../lib/gcc/arm-none-eabi/6.2.1/../../../../arm-none-eabi/lib/thumb/v7e-m/fpv4-sp/softfp/libc.a(lib_a-fputs.o)
                              ./BUILD/NRF52_DK/GCC_ARM/mbed-os/drivers/Stream.o (fputs)
/usr/local/Cellar/arm-none-eabi-gcc/6-2016-q4-update/bin/../lib/gcc/arm-none-eabi/6.2.1/../../../../arm-none-eabi/lib/thumb/v7e-m/fpv4-sp/softfp/libc.a(lib_a-freer.o)
                              ./BUILD/NRF52_DK/GCC_ARM/mbed-os/platform/mbed_alloc_wrappers.o (_free_r)
/usr/local/Cellar/arm-none-eabi-gcc/6-2016-q4-update/bin/../lib/gcc/arm-none-eabi/6.2.1/../../../../arm-none-eabi/lib/thumb/v7e-m/fpv4-sp/softfp/libc.a(lib_a-fseek.o)
                              /usr/local/Cellar/arm-none-eabi-gcc/6-2016-q4-update/bin/../lib/gcc/arm-none-eabi/6.2.1/../../../../arm-none-eabi/lib/thumb/v7e-m/fpv4-sp/softfp/libc.a(lib_a-fopen.o) (_fseek_r)
/usr/local/Cellar/arm-none-eabi-gcc/6-2016-q4-update/bin/../lib/gcc/arm-none-eabi/6.2.1/../../../../arm-none-eabi/lib/thumb/v7e-m/fpv4-sp/softfp/libc.a(lib_a-fseeko.o)
                              /usr/local/Cellar/arm-none-eabi-gcc/6-2016-q4-update/bin/../lib/gcc/arm-none-eabi/6.2.1/../../../../arm-none-eabi/lib/thumb/v7e-m/fpv4-sp/softfp/libc.a(lib_a-fseek.o) (_fseeko_r)
/usr/local/Cellar/arm-none-eabi-gcc/6-2016-q4-update/bin/../lib/gcc/arm-none-eabi/6.2.1/../../../../arm-none-eabi/lib/thumb/v7e-m/fpv4-sp/softfp/libc.a(lib_a-fstatr.o)
                              /usr/local/Cellar/arm-none-eabi-gcc/6-2016-q4-update/bin/../lib/gcc/arm-none-eabi/6.2.1/../../../../arm-none-eabi/lib/thumb/v7e-m/fpv4-sp/softfp/libc.a(lib_a-fseeko.o) (_fstat_r)
[...]
Memory Configuration

Name             Origin             Length             Attributes
FLASH            0x000000000001c000 0x0000000000064000 xr
RAM              0x0000000020002ef8 0x000000000000d108 xrw
*default*        0x0000000000000000 0xffffffffffffffff

Linker script and memory map

LOAD /usr/local/Cellar/arm-none-eabi-gcc/6-2016-q4-update/bin/../lib/gcc/arm-none-eabi/6.2.1/thumb/v7e-m/fpv4-sp/softfp/crti.o
LOAD /usr/local/Cellar/arm-none-eabi-gcc/6-2016-q4-update/bin/../lib/gcc/arm-none-eabi/6.2.1/thumb/v7e-m/fpv4-sp/softfp/crtbegin.o
LOAD /usr/local/Cellar/arm-none-eabi-gcc/6-2016-q4-update/bin/../lib/gcc/arm-none-eabi/6.2.1/../../../../arm-none-eabi/lib/thumb/v7e-m/fpv4-sp/softfp/crt0.o
LOAD ./BUILD/NRF52_DK/GCC_ARM/./test_env.o
LOAD ./BUILD/NRF52_DK/GCC_ARM/mbed-os/drivers/AnalogIn.o
LOAD ./BUILD/NRF52_DK/GCC_ARM/mbed-os/drivers/BusIn.o
LOAD ./BUILD/NRF52_DK/GCC_ARM/mbed-os/drivers/BusInOut.o
LOAD ./BUILD/NRF52_DK/GCC_ARM/mbed-os/drivers/BusOut.o
LOAD ./BUILD/NRF52_DK/GCC_ARM/mbed-os/drivers/CAN.o
LOAD ./BUILD/NRF52_DK/GCC_ARM/mbed-os/drivers/Ethernet.o
LOAD ./BUILD/NRF52_DK/GCC_ARM/mbed-os/drivers/FileBase.o
LOAD ./BUILD/NRF52_DK/GCC_ARM/mbed-os/drivers/FileLike.o
LOAD ./BUILD/NRF52_DK/GCC_ARM/mbed-os/drivers/FilePath.o
LOAD ./BUILD/NRF52_DK/GCC_ARM/mbed-os/drivers/FileSystemLike.o
LOAD ./BUILD/NRF52_DK/GCC_ARM/mbed-os/drivers/I2C.o
LOAD ./BUILD/NRF52_DK/GCC_ARM/mbed-os/drivers/I2CSlave.o
LOAD ./BUILD/NRF52_DK/GCC_ARM/mbed-os/drivers/InterruptIn.o
LOAD ./BUILD/NRF52_DK/GCC_ARM/mbed-os/drivers/InterruptManager.o
LOAD ./BUILD/NRF52_DK/GCC_ARM/mbed-os/drivers/LocalFileSystem.o
LOAD ./BUILD/NRF52_DK/GCC_ARM/mbed-os/drivers/RawSerial.o
LOAD ./BUILD/NRF52_DK/GCC_ARM/mbed-os/drivers/SPI.o
LOAD ./BUILD/NRF52_DK/GCC_ARM/mbed-os/drivers/SPISlave.o
LOAD ./BUILD/NRF52_DK/GCC_ARM/mbed-os/drivers/Serial.o
LOAD ./BUILD/NRF52_DK/GCC_ARM/mbed-os/drivers/SerialBase.o
LOAD ./BUILD/NRF52_DK/GCC_ARM/mbed-os/drivers/Stream.o
LOAD ./BUILD/NRF52_DK/GCC_ARM/mbed-os/drivers/Ticker.o
LOAD ./BUILD/NRF52_DK/GCC_ARM/mbed-os/drivers/Timeout.o
LOAD ./BUILD/NRF52_DK/GCC_ARM/mbed-os/drivers/Timer.o
LOAD ./BUILD/NRF52_DK/GCC_ARM/mbed-os/drivers/TimerEvent.o
LOAD ./BUILD/NRF52_DK/GCC_ARM/mbed-os/events/EventQueue.o
LOAD ./BUILD/NRF52_DK/GCC_ARM/mbed-os/events/equeue/equeue.o
LOAD ./BUILD/NRF52_DK/GCC_ARM/mbed-os/events/equeue/equeue_mbed.o
LOAD ./BUILD/NRF52_DK/GCC_ARM/mbed-os/events/equeue/equeue_posix.o
LOAD ./BUILD/NRF52_DK/GCC_ARM/mbed-os/features/FEATURE_BLE/source/BLE.o
LOAD ./BUILD/NRF52_DK/GCC_ARM/mbed-os/features/FEATURE_BLE/source/BLEInstanceBase.o
LOAD ./BUILD/NRF52_DK/GCC_ARM/mbed-os/features/FEATURE_BLE/source/DiscoveredCharacteristic.o
LOAD ./BUILD/NRF52_DK/GCC_ARM/mbed-os/features/FEATURE_BLE/source/GapScanningParams.o
LOAD ./BUILD/NRF52_DK/GCC_ARM/mbed-os/features/FEATURE_BLE/source/services/DFUService.o
LOAD ./BUILD/NRF52_DK/GCC_ARM/mbed-os/features/FEATURE_BLE/source/services/UARTService.o
LOAD ./BUILD/NRF52_DK/GCC_ARM/mbed-os/features/FEATURE_BLE/source/services/URIBeaconConfigService.o
LOAD ./BUILD/NRF52_DK/GCC_ARM/mbed-os/features/FEATURE_BLE/targets/TARGET_NORDIC/TARGET_NRF5/source/btle/btle.o
LOAD ./BUILD/NRF52_DK/GCC_ARM/mbed-os/features/FEATURE_BLE/targets/TARGET_NORDIC/TARGET_NRF5/source/btle/btle_advertising.o
LOAD ./BUILD/NRF52_DK/GCC_ARM/mbed-os/features/FEATURE_BLE/targets/TARGET_NORDIC/TARGET_NRF5/source/btle/btle_discovery.o
LOAD ./BUILD/NRF52_DK/GCC_ARM/mbed-os/features/FEATURE_BLE/targets/TARGET_NORDIC/TARGET_NRF5/source/btle/btle_gap.o
LOAD ./BUILD/NRF52_DK/GCC_ARM/mbed-os/features/FEATURE_BLE/targets/TARGET_NORDIC/TARGET_NRF5/source/btle/btle_security.o
LOAD ./BUILD/NRF52_DK/GCC_ARM/mbed-os/features/FEATURE_BLE/targets/TARGET_NORDIC/TARGET_NRF5/source/btle/btle_security_pm.o
LOAD ./BUILD/NRF52_DK/GCC_ARM/mbed-os/features/FEATURE_BLE/targets/TARGET_NORDIC/TARGET_NRF5/source/btle/custom/custom_helper.o
LOAD ./BUILD/NRF52_DK/GCC_ARM/mbed-os/features/FEATURE_BLE/targets/TARGET_NORDIC/TARGET_NRF5/source/nRF5xCharacteristicDescriptorDiscoverer.o
LOAD ./BUILD/NRF52_DK/GCC_ARM/mbed-os/features/FEATURE_BLE/targets/TARGET_NORDIC/TARGET_NRF5/source/nRF5xDiscoveredCharacteristic.o
LOAD ./BUILD/NRF52_DK/GCC_ARM/mbed-os/features/FEATURE_BLE/targets/TARGET_NORDIC/TARGET_NRF5/source/nRF5xGap.o
LOAD ./BUILD/NRF52_DK/GCC_ARM/mbed-os/features/FEATURE_BLE/targets/TARGET_NORDIC/TARGET_NRF5/source/nRF5xGattClient.o
LOAD ./BUILD/NRF52_DK/GCC_ARM/mbed-os/features/FEATURE_BLE/targets/TARGET_NORDIC/TARGET_NRF5/source/nRF5xGattServer.o
LOAD ./BUILD/NRF52_DK/GCC_ARM/mbed-os/features/FEATURE_BLE/targets/TARGET_NORDIC/TARGET_NRF5/source/nRF5xServiceDiscovery.o
LOAD ./BUILD/NRF52_DK/GCC_ARM/mbed-os/features/FEATURE_BLE/targets/TARGET_NORDIC/TARGET_NRF5/source/nRF5xn.o
LOAD ./BUILD/NRF52_DK/GCC_ARM/mbed-os/features/frameworks/greentea-client/source/greentea_metrics.o
LOAD ./BUILD/NRF52_DK/GCC_ARM/mbed-os/features/frameworks/greentea-client/source/greentea_serial.o
LOAD ./BUILD/NRF52_DK/GCC_ARM/mbed-os/features/frameworks/greentea-client/source/test_env.o
LOAD ./BUILD/NRF52_DK/GCC_ARM/mbed-os/features/frameworks/unity/source/unity.o
LOAD ./BUILD/NRF52_DK/GCC_ARM/mbed-os/features/frameworks/utest/mbed-utest-shim.o
LOAD ./BUILD/NRF52_DK/GCC_ARM/mbed-os/features/frameworks/utest/source/unity_handler.o
LOAD ./BUILD/NRF52_DK/GCC_ARM/mbed-os/features/frameworks/utest/source/utest_case.o
LOAD ./BUILD/NRF52_DK/GCC_ARM/mbed-os/features/frameworks/utest/source/utest_default_handlers.o
LOAD ./BUILD/NRF52_DK/GCC_ARM/mbed-os/features/frameworks/utest/source/utest_greentea_handlers.o
LOAD ./BUILD/NRF52_DK/GCC_ARM/mbed-os/features/frameworks/utest/source/utest_harness.o
LOAD ./BUILD/NRF52_DK/GCC_ARM/mbed-os/features/frameworks/utest/source/utest_shim.o
LOAD ./BUILD/NRF52_DK/GCC_ARM/mbed-os/features/frameworks/utest/source/utest_stack_trace.o
LOAD ./BUILD/NRF52_DK/GCC_ARM/mbed-os/features/frameworks/utest/source/utest_types.o
LOAD ./BUILD/NRF52_DK/GCC_ARM/mbed-os/features/netsocket/NetworkInterface.o
LOAD ./BUILD/NRF52_DK/GCC_ARM/mbed-os/features/netsocket/NetworkStack.o
LOAD ./BUILD/NRF52_DK/GCC_ARM/mbed-os/features/netsocket/Socket.o
LOAD ./BUILD/NRF52_DK/GCC_ARM/mbed-os/features/netsocket/SocketAddress.o
LOAD ./BUILD/NRF52_DK/GCC_ARM/mbed-os/features/netsocket/TCPServer.o
LOAD ./BUILD/NRF52_DK/GCC_ARM/mbed-os/features/netsocket/TCPSocket.o
LOAD ./BUILD/NRF52_DK/GCC_ARM/mbed-os/features/netsocket/UDPSocket.o
LOAD ./BUILD/NRF52_DK/GCC_ARM/mbed-os/features/netsocket/WiFiAccessPoint.o
LOAD ./BUILD/NRF52_DK/GCC_ARM/mbed-os/features/netsocket/nsapi_dns.o
LOAD ./BUILD/NRF52_DK/GCC_ARM/mbed-os/hal/mbed_gpio.o
LOAD ./BUILD/NRF52_DK/GCC_ARM/mbed-os/hal/mbed_lp_ticker_api.o
LOAD ./BUILD/NRF52_DK/GCC_ARM/mbed-os/hal/mbed_pinmap_common.o
LOAD ./BUILD/NRF52_DK/GCC_ARM/mbed-os/hal/mbed_ticker_api.o
LOAD ./BUILD/NRF52_DK/GCC_ARM/mbed-os/hal/mbed_us_ticker_api.o
LOAD ./BUILD/NRF52_DK/GCC_ARM/mbed-os/platform/CallChain.o
LOAD ./BUILD/NRF52_DK/GCC_ARM/mbed-os/platform/mbed_alloc_wrappers.o
LOAD ./BUILD/NRF52_DK/GCC_ARM/mbed-os/platform/mbed_assert.o
LOAD ./BUILD/NRF52_DK/GCC_ARM/mbed-os/platform/mbed_board.o
LOAD ./BUILD/NRF52_DK/GCC_ARM/mbed-os/platform/mbed_critical.o
LOAD ./BUILD/NRF52_DK/GCC_ARM/mbed-os/platform/mbed_error.o
LOAD ./BUILD/NRF52_DK/GCC_ARM/mbed-os/platform/mbed_interface.o
LOAD ./BUILD/NRF52_DK/GCC_ARM/mbed-os/platform/mbed_mem_trace.o
LOAD ./BUILD/NRF52_DK/GCC_ARM/mbed-os/platform/mbed_rtc_time.o
LOAD ./BUILD/NRF52_DK/GCC_ARM/mbed-os/platform/mbed_semihost_api.o
LOAD ./BUILD/NRF52_DK/GCC_ARM/mbed-os/platform/mbed_stats.o
LOAD ./BUILD/NRF52_DK/GCC_ARM/mbed-os/platform/mbed_wait_api_no_rtos.o
LOAD ./BUILD/NRF52_DK/GCC_ARM/mbed-os/platform/mbed_wait_api_rtos.o
LOAD ./BUILD/NRF52_DK/GCC_ARM/mbed-os/platform/retarget.o
LOAD ./BUILD/NRF52_DK/GCC_ARM/mbed-os/rtos/Mutex.o
LOAD ./BUILD/NRF52_DK/GCC_ARM/mbed-os/rtos/RtosTimer.o
LOAD ./BUILD/NRF52_DK/GCC_ARM/mbed-os/rtos/Semaphore.o
LOAD ./BUILD/NRF52_DK/GCC_ARM/mbed-os/rtos/Thread.o
LOAD ./BUILD/NRF52_DK/GCC_ARM/mbed-os/rtos/rtos_idle.o
LOAD ./BUILD/NRF52_DK/GCC_ARM/mbed-os/rtos/rtx/TARGET_CORTEX_M/HAL_CM.o
LOAD ./BUILD/NRF52_DK/GCC_ARM/mbed-os/rtos/rtx/TARGET_CORTEX_M/RTX_Conf_CM.o
LOAD ./BUILD/NRF52_DK/GCC_ARM/mbed-os/rtos/rtx/TARGET_CORTEX_M/TARGET_RTOS_M4_M7/TOOLCHAIN_GCC/HAL_CM4.o
LOAD ./BUILD/NRF52_DK/GCC_ARM/mbed-os/rtos/rtx/TARGET_CORTEX_M/TARGET_RTOS_M4_M7/TOOLCHAIN_GCC/SVC_Table.o
LOAD ./BUILD/NRF52_DK/GCC_ARM/mbed-os/rtos/rtx/TARGET_CORTEX_M/rt_CMSIS.o
LOAD ./BUILD/NRF52_DK/GCC_ARM/mbed-os/rtos/rtx/TARGET_CORTEX_M/rt_Event.o
LOAD ./BUILD/NRF52_DK/GCC_ARM/mbed-os/rtos/rtx/TARGET_CORTEX_M/rt_List.o
LOAD ./BUILD/NRF52_DK/GCC_ARM/mbed-os/rtos/rtx/TARGET_CORTEX_M/rt_Mailbox.o
LOAD ./BUILD/NRF52_DK/GCC_ARM/mbed-os/rtos/rtx/TARGET_CORTEX_M/rt_MemBox.o
LOAD ./BUILD/NRF52_DK/GCC_ARM/mbed-os/rtos/rtx/TARGET_CORTEX_M/rt_Memory.o
LOAD ./BUILD/NRF52_DK/GCC_ARM/mbed-os/rtos/rtx/TARGET_CORTEX_M/rt_Mutex.o
LOAD ./BUILD/NRF52_DK/GCC_ARM/mbed-os/rtos/rtx/TARGET_CORTEX_M/rt_OsEventObserver.o
LOAD ./BUILD/NRF52_DK/GCC_ARM/mbed-os/rtos/rtx/TARGET_CORTEX_M/rt_Robin.o
LOAD ./BUILD/NRF52_DK/GCC_ARM/mbed-os/rtos/rtx/TARGET_CORTEX_M/rt_Semaphore.o
LOAD ./BUILD/NRF52_DK/GCC_ARM/mbed-os/rtos/rtx/TARGET_CORTEX_M/rt_System.o
LOAD ./BUILD/NRF52_DK/GCC_ARM/mbed-os/rtos/rtx/TARGET_CORTEX_M/rt_Task.o
LOAD ./BUILD/NRF52_DK/GCC_ARM/mbed-os/rtos/rtx/TARGET_CORTEX_M/rt_Time.o
LOAD ./BUILD/NRF52_DK/GCC_ARM/mbed-os/rtos/rtx/TARGET_CORTEX_M/rt_Timer.o
LOAD ./BUILD/NRF52_DK/GCC_ARM/mbed-os/targets/TARGET_NORDIC/TARGET_NRF5/TARGET_MCU_NRF52832/analogin_api.o
LOAD ./BUILD/NRF52_DK/GCC_ARM/mbed-os/targets/TARGET_NORDIC/TARGET_NRF5/TARGET_MCU_NRF52832/device/TOOLCHAIN_GCC_ARM/startup_NRF52832.o
LOAD ./BUILD/NRF52_DK/GCC_ARM/mbed-os/targets/TARGET_NORDIC/TARGET_NRF5/TARGET_MCU_NRF52832/device/cmsis_nvic.o
LOAD ./BUILD/NRF52_DK/GCC_ARM/mbed-os/targets/TARGET_NORDIC/TARGET_NRF5/TARGET_MCU_NRF52832/device/system_nrf52.o
LOAD ./BUILD/NRF52_DK/GCC_ARM/mbed-os/targets/TARGET_NORDIC/TARGET_NRF5/TARGET_MCU_NRF52832/pwmout_api.o
LOAD ./BUILD/NRF52_DK/GCC_ARM/mbed-os/targets/TARGET_NORDIC/TARGET_NRF5/TARGET_MCU_NRF52832/sdk/driver_nrf/pwm/nrf_drv_pwm.o
LOAD ./BUILD/NRF52_DK/GCC_ARM/mbed-os/targets/TARGET_NORDIC/TARGET_NRF5/TARGET_MCU_NRF52832/sdk/driver_nrf/saadc/nrf_drv_saadc.o
LOAD ./BUILD/NRF52_DK/GCC_ARM/mbed-os/targets/TARGET_NORDIC/TARGET_NRF5/gpio_api.o
LOAD ./BUILD/NRF52_DK/GCC_ARM/mbed-os/targets/TARGET_NORDIC/TARGET_NRF5/i2c_api.o
LOAD ./BUILD/NRF52_DK/GCC_ARM/mbed-os/targets/TARGET_NORDIC/TARGET_NRF5/lp_ticker.o
LOAD ./BUILD/NRF52_DK/GCC_ARM/mbed-os/targets/TARGET_NORDIC/TARGET_NRF5/nordic_critical.o
LOAD ./BUILD/NRF52_DK/GCC_ARM/mbed-os/targets/TARGET_NORDIC/TARGET_NRF5/pinmap.o
LOAD ./BUILD/NRF52_DK/GCC_ARM/mbed-os/targets/TARGET_NORDIC/TARGET_NRF5/port_api.o
LOAD ./BUILD/NRF52_DK/GCC_ARM/mbed-os/targets/TARGET_NORDIC/TARGET_NRF5/reloc_vector_table.o
LOAD ./BUILD/NRF52_DK/GCC_ARM/mbed-os/targets/TARGET_NORDIC/TARGET_NRF5/rtc_api.o
LOAD ./BUILD/NRF52_DK/GCC_ARM/mbed-os/targets/TARGET_NORDIC/TARGET_NRF5/sdk/ble/ble_advertising/ble_advertising.o
LOAD ./BUILD/NRF52_DK/GCC_ARM/mbed-os/targets/TARGET_NORDIC/TARGET_NRF5/sdk/ble/ble_db_discovery/ble_db_discovery.o
LOAD ./BUILD/NRF52_DK/GCC_ARM/mbed-os/targets/TARGET_NORDIC/TARGET_NRF5/sdk/ble/ble_debug_assert_handler/ble_debug_assert_handler.o
LOAD ./BUILD/NRF52_DK/GCC_ARM/mbed-os/targets/TARGET_NORDIC/TARGET_NRF5/sdk/ble/ble_dtm/ble_dtm.o
LOAD ./BUILD/NRF52_DK/GCC_ARM/mbed-os/targets/TARGET_NORDIC/TARGET_NRF5/sdk/ble/ble_racp/ble_racp.o
LOAD ./BUILD/NRF52_DK/GCC_ARM/mbed-os/targets/TARGET_NORDIC/TARGET_NRF5/sdk/ble/ble_radio_notification/ble_radio_notification.o
LOAD ./BUILD/NRF52_DK/GCC_ARM/mbed-os/targets/TARGET_NORDIC/TARGET_NRF5/sdk/ble/ble_services/ble_dfu/ble_dfu.o
LOAD ./BUILD/NRF52_DK/GCC_ARM/mbed-os/targets/TARGET_NORDIC/TARGET_NRF5/sdk/ble/common/ble_advdata.o
LOAD ./BUILD/NRF52_DK/GCC_ARM/mbed-os/targets/TARGET_NORDIC/TARGET_NRF5/sdk/ble/common/ble_conn_state.o
LOAD ./BUILD/NRF52_DK/GCC_ARM/mbed-os/targets/TARGET_NORDIC/TARGET_NRF5/sdk/ble/common/ble_srv_common.o
LOAD ./BUILD/NRF52_DK/GCC_ARM/mbed-os/targets/TARGET_NORDIC/TARGET_NRF5/sdk/ble/device_manager/device_manager_peripheral.o
LOAD ./BUILD/NRF52_DK/GCC_ARM/mbed-os/targets/TARGET_NORDIC/TARGET_NRF5/sdk/ble/peer_manager/gatt_cache_manager.o
LOAD ./BUILD/NRF52_DK/GCC_ARM/mbed-os/targets/TARGET_NORDIC/TARGET_NRF5/sdk/ble/peer_manager/gattc_cache_manager.o
LOAD ./BUILD/NRF52_DK/GCC_ARM/mbed-os/targets/TARGET_NORDIC/TARGET_NRF5/sdk/ble/peer_manager/gatts_cache_manager.o
LOAD ./BUILD/NRF52_DK/GCC_ARM/mbed-os/targets/TARGET_NORDIC/TARGET_NRF5/sdk/ble/peer_manager/id_manager.o
LOAD ./BUILD/NRF52_DK/GCC_ARM/mbed-os/targets/TARGET_NORDIC/TARGET_NRF5/sdk/ble/peer_manager/peer_data.o
LOAD ./BUILD/NRF52_DK/GCC_ARM/mbed-os/targets/TARGET_NORDIC/TARGET_NRF5/sdk/ble/peer_manager/peer_data_storage.o
LOAD ./BUILD/NRF52_DK/GCC_ARM/mbed-os/targets/TARGET_NORDIC/TARGET_NRF5/sdk/ble/peer_manager/peer_database.o
LOAD ./BUILD/NRF52_DK/GCC_ARM/mbed-os/targets/TARGET_NORDIC/TARGET_NRF5/sdk/ble/peer_manager/peer_id.o
LOAD ./BUILD/NRF52_DK/GCC_ARM/mbed-os/targets/TARGET_NORDIC/TARGET_NRF5/sdk/ble/peer_manager/peer_manager.o
LOAD ./BUILD/NRF52_DK/GCC_ARM/mbed-os/targets/TARGET_NORDIC/TARGET_NRF5/sdk/ble/peer_manager/pm_buffer.o
LOAD ./BUILD/NRF52_DK/GCC_ARM/mbed-os/targets/TARGET_NORDIC/TARGET_NRF5/sdk/ble/peer_manager/pm_mutex.o
LOAD ./BUILD/NRF52_DK/GCC_ARM/mbed-os/targets/TARGET_NORDIC/TARGET_NRF5/sdk/ble/peer_manager/security_dispatcher.o
LOAD ./BUILD/NRF52_DK/GCC_ARM/mbed-os/targets/TARGET_NORDIC/TARGET_NRF5/sdk/ble/peer_manager/security_manager.o
LOAD ./BUILD/NRF52_DK/GCC_ARM/mbed-os/targets/TARGET_NORDIC/TARGET_NRF5/sdk/drivers_nrf/ble_flash/ble_flash.o
LOAD ./BUILD/NRF52_DK/GCC_ARM/mbed-os/targets/TARGET_NORDIC/TARGET_NRF5/sdk/drivers_nrf/clock/nrf_drv_clock.o
LOAD ./BUILD/NRF52_DK/GCC_ARM/mbed-os/targets/TARGET_NORDIC/TARGET_NRF5/sdk/drivers_nrf/common/nrf_drv_common.o
LOAD ./BUILD/NRF52_DK/GCC_ARM/mbed-os/targets/TARGET_NORDIC/TARGET_NRF5/sdk/drivers_nrf/delay/nrf_delay.o
LOAD ./BUILD/NRF52_DK/GCC_ARM/mbed-os/targets/TARGET_NORDIC/TARGET_NRF5/sdk/drivers_nrf/gpiote/nrf_drv_gpiote.o
LOAD ./BUILD/NRF52_DK/GCC_ARM/mbed-os/targets/TARGET_NORDIC/TARGET_NRF5/sdk/drivers_nrf/hal/nrf_adc.o
LOAD ./BUILD/NRF52_DK/GCC_ARM/mbed-os/targets/TARGET_NORDIC/TARGET_NRF5/sdk/drivers_nrf/hal/nrf_ecb.o
LOAD ./BUILD/NRF52_DK/GCC_ARM/mbed-os/targets/TARGET_NORDIC/TARGET_NRF5/sdk/drivers_nrf/hal/nrf_nvmc.o
LOAD ./BUILD/NRF52_DK/GCC_ARM/mbed-os/targets/TARGET_NORDIC/TARGET_NRF5/sdk/drivers_nrf/hal/nrf_saadc.o
LOAD ./BUILD/NRF52_DK/GCC_ARM/mbed-os/targets/TARGET_NORDIC/TARGET_NRF5/sdk/drivers_nrf/ppi/nrf_drv_ppi.o
LOAD ./BUILD/NRF52_DK/GCC_ARM/mbed-os/targets/TARGET_NORDIC/TARGET_NRF5/sdk/drivers_nrf/pstorage/pstorage.o
LOAD ./BUILD/NRF52_DK/GCC_ARM/mbed-os/targets/TARGET_NORDIC/TARGET_NRF5/sdk/drivers_nrf/spi_master/nrf_drv_spi.o
LOAD ./BUILD/NRF52_DK/GCC_ARM/mbed-os/targets/TARGET_NORDIC/TARGET_NRF5/sdk/drivers_nrf/spi_slave/nrf_drv_spis.o
LOAD ./BUILD/NRF52_DK/GCC_ARM/mbed-os/targets/TARGET_NORDIC/TARGET_NRF5/sdk/drivers_nrf/timer/nrf_drv_timer.o
LOAD ./BUILD/NRF52_DK/GCC_ARM/mbed-os/targets/TARGET_NORDIC/TARGET_NRF5/sdk/drivers_nrf/twi_master/nrf_drv_twi.o
LOAD ./BUILD/NRF52_DK/GCC_ARM/mbed-os/targets/TARGET_NORDIC/TARGET_NRF5/sdk/libraries/bootloader_dfu/bootloader_util.o
LOAD ./BUILD/NRF52_DK/GCC_ARM/mbed-os/targets/TARGET_NORDIC/TARGET_NRF5/sdk/libraries/bootloader_dfu/dfu_app_handler.o
LOAD ./BUILD/NRF52_DK/GCC_ARM/mbed-os/targets/TARGET_NORDIC/TARGET_NRF5/sdk/libraries/bootloader_dfu/dfu_init_template.o
LOAD ./BUILD/NRF52_DK/GCC_ARM/mbed-os/targets/TARGET_NORDIC/TARGET_NRF5/sdk/libraries/crc16/crc16.o
LOAD ./BUILD/NRF52_DK/GCC_ARM/mbed-os/targets/TARGET_NORDIC/TARGET_NRF5/sdk/libraries/fds/fds.o
LOAD ./BUILD/NRF52_DK/GCC_ARM/mbed-os/targets/TARGET_NORDIC/TARGET_NRF5/sdk/libraries/fstorage/fstorage.o
LOAD ./BUILD/NRF52_DK/GCC_ARM/mbed-os/targets/TARGET_NORDIC/TARGET_NRF5/sdk/libraries/fstorage/fstorage_nosd.o
LOAD ./BUILD/NRF52_DK/GCC_ARM/mbed-os/targets/TARGET_NORDIC/TARGET_NRF5/sdk/libraries/hci/hci_mem_pool.o
LOAD ./BUILD/NRF52_DK/GCC_ARM/mbed-os/targets/TARGET_NORDIC/TARGET_NRF5/sdk/libraries/pwm/app_pwm.o
LOAD ./BUILD/NRF52_DK/GCC_ARM/mbed-os/targets/TARGET_NORDIC/TARGET_NRF5/sdk/libraries/scheduler/app_scheduler.o
LOAD ./BUILD/NRF52_DK/GCC_ARM/mbed-os/targets/TARGET_NORDIC/TARGET_NRF5/sdk/libraries/trace/app_trace.o
LOAD ./BUILD/NRF52_DK/GCC_ARM/mbed-os/targets/TARGET_NORDIC/TARGET_NRF5/sdk/libraries/util/app_error.o
LOAD ./BUILD/NRF52_DK/GCC_ARM/mbed-os/targets/TARGET_NORDIC/TARGET_NRF5/sdk/libraries/util/app_error_weak.o
LOAD ./BUILD/NRF52_DK/GCC_ARM/mbed-os/targets/TARGET_NORDIC/TARGET_NRF5/sdk/libraries/util/app_util_platform.o
LOAD ./BUILD/NRF52_DK/GCC_ARM/mbed-os/targets/TARGET_NORDIC/TARGET_NRF5/sdk/libraries/util/nrf_assert.o
LOAD ./BUILD/NRF52_DK/GCC_ARM/mbed-os/targets/TARGET_NORDIC/TARGET_NRF5/sdk/libraries/util/nrf_log.o
LOAD ./BUILD/NRF52_DK/GCC_ARM/mbed-os/targets/TARGET_NORDIC/TARGET_NRF5/sdk/libraries/util/sdk_mapped_flags.o
LOAD ./BUILD/NRF52_DK/GCC_ARM/mbed-os/targets/TARGET_NORDIC/TARGET_NRF5/sdk/softdevice/common/softdevice_handler/softdevice_handler.o
LOAD ./BUILD/NRF52_DK/GCC_ARM/mbed-os/targets/TARGET_NORDIC/TARGET_NRF5/sdk/softdevice/common/softdevice_handler/softdevice_handler_appsh.o
LOAD ./BUILD/NRF52_DK/GCC_ARM/mbed-os/targets/TARGET_NORDIC/TARGET_NRF5/serial_api.o
LOAD ./BUILD/NRF52_DK/GCC_ARM/mbed-os/targets/TARGET_NORDIC/TARGET_NRF5/sleep.o
LOAD ./BUILD/NRF52_DK/GCC_ARM/mbed-os/targets/TARGET_NORDIC/TARGET_NRF5/spi_api.o
LOAD ./BUILD/NRF52_DK/GCC_ARM/mbed-os/targets/TARGET_NORDIC/TARGET_NRF5/us_ticker.o
LOAD ./BUILD/NRF52_DK/GCC_ARM/source/main.o
START GROUP
LOAD /usr/local/Cellar/arm-none-eabi-gcc/6-2016-q4-update/bin/../lib/gcc/arm-none-eabi/6.2.1/../../../../arm-none-eabi/lib/thumb/v7e-m/fpv4-sp/softfp/libstdc++.a
LOAD /usr/local/Cellar/arm-none-eabi-gcc/6-2016-q4-update/bin/../lib/gcc/arm-none-eabi/6.2.1/../../../../arm-none-eabi/lib/thumb/v7e-m/fpv4-sp/softfp/libsupc++.a
LOAD /usr/local/Cellar/arm-none-eabi-gcc/6-2016-q4-update/bin/../lib/gcc/arm-none-eabi/6.2.1/../../../../arm-none-eabi/lib/thumb/v7e-m/fpv4-sp/softfp/libm.a
LOAD /usr/local/Cellar/arm-none-eabi-gcc/6-2016-q4-update/bin/../lib/gcc/arm-none-eabi/6.2.1/../../../../arm-none-eabi/lib/thumb/v7e-m/fpv4-sp/softfp/libc.a
LOAD /usr/local/Cellar/arm-none-eabi-gcc/6-2016-q4-update/bin/../lib/gcc/arm-none-eabi/6.2.1/thumb/v7e-m/fpv4-sp/softfp/libgcc.a
LOAD /usr/local/Cellar/arm-none-eabi-gcc/6-2016-q4-update/bin/../lib/gcc/arm-none-eabi/6.2.1/../../../../arm-none-eabi/lib/thumb/v7e-m/fpv4-sp/softfp/libnosys.a
END GROUP
LOAD /usr/local/Cellar/arm-none-eabi-gcc/6-2016-q4-update/bin/../lib/gcc/arm-none-eabi/6.2.1/../../../../arm-none-eabi/lib/thumb/v7e-m/fpv4-sp/softfp/libstdc++.a
LOAD /usr/local/Cellar/arm-none-eabi-gcc/6-2016-q4-update/bin/../lib/gcc/arm-none-eabi/6.2.1/../../../../arm-none-eabi/lib/thumb/v7e-m/fpv4-sp/softfp/libsupc++.a
LOAD /usr/local/Cellar/arm-none-eabi-gcc/6-2016-q4-update/bin/../lib/gcc/arm-none-eabi/6.2.1/../../../../arm-none-eabi/lib/thumb/v7e-m/fpv4-sp/softfp/libm.a
LOAD /usr/local/Cellar/arm-none-eabi-gcc/6-2016-q4-update/bin/../lib/gcc/arm-none-eabi/6.2.1/../../../../arm-none-eabi/lib/thumb/v7e-m/fpv4-sp/softfp/libc.a
LOAD /usr/local/Cellar/arm-none-eabi-gcc/6-2016-q4-update/bin/../lib/gcc/arm-none-eabi/6.2.1/thumb/v7e-m/fpv4-sp/softfp/libgcc.a
LOAD /usr/local/Cellar/arm-none-eabi-gcc/6-2016-q4-update/bin/../lib/gcc/arm-none-eabi/6.2.1/../../../../arm-none-eabi/lib/thumb/v7e-m/fpv4-sp/softfp/libnosys.a
START GROUP
LOAD /usr/local/Cellar/arm-none-eabi-gcc/6-2016-q4-update/bin/../lib/gcc/arm-none-eabi/6.2.1/thumb/v7e-m/fpv4-sp/softfp/libgcc.a
LOAD /usr/local/Cellar/arm-none-eabi-gcc/6-2016-q4-update/bin/../lib/gcc/arm-none-eabi/6.2.1/../../../../arm-none-eabi/lib/thumb/v7e-m/fpv4-sp/softfp/libc.a
END GROUP
LOAD /usr/local/Cellar/arm-none-eabi-gcc/6-2016-q4-update/bin/../lib/gcc/arm-none-eabi/6.2.1/thumb/v7e-m/fpv4-sp/softfp/crtend.o
LOAD /usr/local/Cellar/arm-none-eabi-gcc/6-2016-q4-update/bin/../lib/gcc/arm-none-eabi/6.2.1/thumb/v7e-m/fpv4-sp/softfp/crtn.o

.text           0x000000000001c000    0x13278
 *(.Vectors)
 .Vectors       0x000000000001c000       0xdc ./BUILD/NRF52_DK/GCC_ARM/mbed-os/targets/TARGET_NORDIC/TARGET_NRF5/TARGET_MCU_NRF52832/device/TOOLCHAIN_GCC_ARM/startup_NRF52832.o
                0x000000000001c000                __Vectors
 *(.text*)
 .text          0x000000000001c0dc       0x6c /usr/local/Cellar/arm-none-eabi-gcc/6-2016-q4-update/bin/../lib/gcc/arm-none-eabi/6.2.1/thumb/v7e-m/fpv4-sp/softfp/crtbegin.o
 .text          0x000000000001c148       0x74 /usr/local/Cellar/arm-none-eabi-gcc/6-2016-q4-update/bin/../lib/gcc/arm-none-eabi/6.2.1/../../../../arm-none-eabi/lib/thumb/v7e-m/fpv4-sp/softfp/crt0.o
                0x000000000001c148                _mainCRTStartup
                0x000000000001c148                _start
 .text._ZN4mbed8CallbackIFviEED2Ev
                0x000000000001c1bc       0x10 ./BUILD/NRF52_DK/GCC_ARM/mbed-os/drivers/I2C.o
                0x000000000001c1bc                mbed::Callback<void (int)>::~Callback()
                0x000000000001c1bc                mbed::Callback<void (int)>::~Callback()
 .text._ZN4mbed8CallbackIFvvEE13function_callIPS1_EEvPKv
                0x000000000001c1cc        0x4 ./BUILD/NRF52_DK/GCC_ARM/mbed-os/drivers/InterruptIn.o
                0x000000000001c1cc                void mbed::Callback<void ()>::function_call<void (*)()>(void const*)
 .text._ZN4mbed8CallbackIFvvEE13function_moveIPS1_EEvPvPKv
                0x000000000001c1d0        0x8 ./BUILD/NRF52_DK/GCC_ARM/mbed-os/drivers/InterruptIn.o
                0x000000000001c1d0                void mbed::Callback<void ()>::function_move<void (*)()>(void*, void const*)
 .text._ZN4mbed8CallbackIFvvEE13function_dtorIPS1_EEvPv
                0x000000000001c1d8        0x2 ./BUILD/NRF52_DK/GCC_ARM/mbed-os/drivers/InterruptIn.o
                0x000000000001c1d8                void mbed::Callback<void ()>::function_dtor<void (*)()>(void*)
 .text._ZN4mbed8CallbackIFvvEED2Ev
                0x000000000001c1da       0x10 ./BUILD/NRF52_DK/GCC_ARM/mbed-os/drivers/InterruptIn.o
                0x000000000001c1da                mbed::Callback<void ()>::~Callback()
                0x000000000001c1da                mbed::Callback<void ()>::~Callback()
 *fill*         0x000000000001c1ea        0x2 
 .text._ZN4mbed6Ticker7handlerEv
                0x000000000001c1ec       0x38 ./BUILD/NRF52_DK/GCC_ARM/mbed-os/drivers/Ticker.o
                0x000000000001c1ec                mbed::Ticker::handler()
 .text._ZN4mbed6Ticker5setupEm
                0x000000000001c224       0x28 ./BUILD/NRF52_DK/GCC_ARM/mbed-os/drivers/Ticker.o
                0x000000000001c224                mbed::Ticker::setup(unsigned long)
 .text._ZN4mbed6Ticker6detachEv
                0x000000000001c24c       0x26 ./BUILD/NRF52_DK/GCC_ARM/mbed-os/drivers/Ticker.o
                0x000000000001c24c                mbed::Ticker::detach()
 *fill*         0x000000000001c272        0x2 
 .text._ZN4mbed6TickerD2Ev
                0x000000000001c274       0x24 ./BUILD/NRF52_DK/GCC_ARM/mbed-os/drivers/Ticker.o
                0x000000000001c274                mbed::Ticker::~Ticker()
                0x000000000001c274                mbed::Ticker::~Ticker()
 .text._ZN4mbed6TickerD0Ev
                0x000000000001c298       0x12 ./BUILD/NRF52_DK/GCC_ARM/mbed-os/drivers/Ticker.o
                0x000000000001c298                mbed::Ticker::~Ticker()
 *fill*         0x000000000001c2aa        0x2 
 .text._ZN4mbed7Timeout7handlerEv
                0x000000000001c2ac       0x2c ./BUILD/NRF52_DK/GCC_ARM/mbed-os/drivers/Timeout.o
                0x000000000001c2ac                mbed::Timeout::handler()
 .text._ZN4mbed7TimeoutD2Ev
                0x000000000001c2d8       0x14 ./BUILD/NRF52_DK/GCC_ARM/mbed-os/drivers/Timeout.o
                0x000000000001c2d8                mbed::Timeout::~Timeout()
                0x000000000001c2d8                mbed::Timeout::~Timeout()
 .text._ZN4mbed7TimeoutD0Ev
                0x000000000001c2ec       0x12 ./BUILD/NRF52_DK/GCC_ARM/mbed-os/drivers/Timeout.o
                0x000000000001c2ec                mbed::Timeout::~Timeout()
 .text._ZN4mbed5Timer5startEv
                0x000000000001c2fe       0x20 ./BUILD/NRF52_DK/GCC_ARM/mbed-os/drivers/Timer.o
                0x000000000001c2fe                mbed::Timer::start()
 .text._ZN4mbed5Timer9slicetimeEv
                0x000000000001c31e       0x1e ./BUILD/NRF52_DK/GCC_ARM/mbed-os/drivers/Timer.o
                0x000000000001c31e                mbed::Timer::slicetime()
 .text._ZN4mbed5Timer7read_usEv
                0x000000000001c33c       0x1a ./BUILD/NRF52_DK/GCC_ARM/mbed-os/drivers/Timer.o
                0x000000000001c33c                mbed::Timer::read_us()
 .text._ZN4mbed5Timer7read_msEv
                0x000000000001c356       0x10 ./BUILD/NRF52_DK/GCC_ARM/mbed-os/drivers/Timer.o
                0x000000000001c356                mbed::Timer::read_ms()
 .text._ZN4mbed5Timer5resetEv
                0x000000000001c366       0x1c ./BUILD/NRF52_DK/GCC_ARM/mbed-os/drivers/Timer.o
                0x000000000001c366                mbed::Timer::reset()
 .text._ZN4mbed5TimerC2Ev
                0x000000000001c382       0x1c ./BUILD/NRF52_DK/GCC_ARM/mbed-os/drivers/Timer.o
                0x000000000001c382                mbed::Timer::Timer()
                0x000000000001c382                mbed::Timer::Timer()
 .text._ZN4mbed10TimerEvent3irqEm
                0x000000000001c39e        0x6 ./BUILD/NRF52_DK/GCC_ARM/mbed-os/drivers/TimerEvent.o
                0x000000000001c39e                mbed::TimerEvent::irq(unsigned long)
 .text._ZN4mbed10TimerEventC2Ev
                0x000000000001c3a4       0x28 ./BUILD/NRF52_DK/GCC_ARM/mbed-os/drivers/TimerEvent.o
                0x000000000001c3a4                mbed::TimerEvent::TimerEvent()
                0x000000000001c3a4                mbed::TimerEvent::TimerEvent()
 .text._ZN4mbed10TimerEvent6insertEm
                0x000000000001c3cc        0xc ./BUILD/NRF52_DK/GCC_ARM/mbed-os/drivers/TimerEvent.o
                0x000000000001c3cc                mbed::TimerEvent::insert(unsigned long)
 .text._ZN4mbed10TimerEvent6removeEv
                0x000000000001c3d8        0x8 ./BUILD/NRF52_DK/GCC_ARM/mbed-os/drivers/TimerEvent.o
                0x000000000001c3d8                mbed::TimerEvent::remove()
 .text._ZN4mbed10TimerEventD2Ev
                0x000000000001c3e0       0x14 ./BUILD/NRF52_DK/GCC_ARM/mbed-os/drivers/TimerEvent.o
                0x000000000001c3e0                mbed::TimerEvent::~TimerEvent()
                0x000000000001c3e0                mbed::TimerEvent::~TimerEvent()
 .text._ZN6events10EventQueueC2EjPh
                0x000000000001c3f4       0x18 ./BUILD/NRF52_DK/GCC_ARM/mbed-os/events/EventQueue.o
                0x000000000001c3f4                events::EventQueue::EventQueue(unsigned int, unsigned char*)
                0x000000000001c3f4                events::EventQueue::EventQueue(unsigned int, unsigned char*)
 .text._ZN6events10EventQueue8dispatchEi
                0x000000000001c40c        0x4 ./BUILD/NRF52_DK/GCC_ARM/mbed-os/events/EventQueue.o
                0x000000000001c40c                events::EventQueue::dispatch(int)
 .text._ZN6events10EventQueueD2Ev
                0x000000000001c410       0x14 ./BUILD/NRF52_DK/GCC_ARM/mbed-os/events/EventQueue.o
                0x000000000001c410                events::EventQueue::~EventQueue()
                0x000000000001c410                events::EventQueue::~EventQueue()
 .text.equeue_enqueue
                0x000000000001c424       0xa6 ./BUILD/NRF52_DK/GCC_ARM/mbed-os/events/equeue/equeue.o
 .text.equeue_create_inplace
                0x000000000001c4ca       0x5a ./BUILD/NRF52_DK/GCC_ARM/mbed-os/events/equeue/equeue.o
                0x000000000001c4ca                equeue_create_inplace
 .text.equeue_create
                0x000000000001c524       0x24 ./BUILD/NRF52_DK/GCC_ARM/mbed-os/events/equeue/equeue.o
                0x000000000001c524                equeue_create
 .text.equeue_destroy
                0x000000000001c548       0x4c ./BUILD/NRF52_DK/GCC_ARM/mbed-os/events/equeue/equeue.o
                0x000000000001c548                equeue_destroy
 .text.equeue_alloc
                0x000000000001c594       0x7a ./BUILD/NRF52_DK/GCC_ARM/mbed-os/events/equeue/equeue.o
                0x000000000001c594                equeue_alloc
 .text.equeue_dealloc
                0x000000000001c60e       0x5c ./BUILD/NRF52_DK/GCC_ARM/mbed-os/events/equeue/equeue.o
                0x000000000001c60e                equeue_dealloc
 .text.equeue_post
                0x000000000001c66a       0x34 ./BUILD/NRF52_DK/GCC_ARM/mbed-os/events/equeue/equeue.o
                0x000000000001c66a                equeue_post
 .text.equeue_dispatch
                0x000000000001c69e      0x16a ./BUILD/NRF52_DK/GCC_ARM/mbed-os/events/equeue/equeue.o
                0x000000000001c69e                equeue_dispatch
 .text.equeue_event_delay
                0x000000000001c808        0x6 ./BUILD/NRF52_DK/GCC_ARM/mbed-os/events/equeue/equeue.o
                0x000000000001c808                equeue_event_delay
 .text.equeue_event_period
                0x000000000001c80e        0x6 ./BUILD/NRF52_DK/GCC_ARM/mbed-os/events/equeue/equeue.o
                0x000000000001c80e                equeue_event_period
 .text.equeue_event_dtor
                0x000000000001c814        0x6 ./BUILD/NRF52_DK/GCC_ARM/mbed-os/events/equeue/equeue.o
                0x000000000001c814                equeue_event_dtor
 *fill*         0x000000000001c81a        0x2 
 .text._ZL18equeue_tick_updatev
                0x000000000001c81c       0x1c ./BUILD/NRF52_DK/GCC_ARM/mbed-os/events/equeue/equeue_mbed.o
 .text.equeue_mutex_create
                0x000000000001c838        0x4 ./BUILD/NRF52_DK/GCC_ARM/mbed-os/events/equeue/equeue_mbed.o
                0x000000000001c838                equeue_mutex_create
 .text.equeue_mutex_destroy
                0x000000000001c83c        0x2 ./BUILD/NRF52_DK/GCC_ARM/mbed-os/events/equeue/equeue_mbed.o
                0x000000000001c83c                equeue_mutex_destroy
 .text.equeue_mutex_lock
                0x000000000001c83e        0x4 ./BUILD/NRF52_DK/GCC_ARM/mbed-os/events/equeue/equeue_mbed.o
                0x000000000001c83e                equeue_mutex_lock
 .text.equeue_mutex_unlock
                0x000000000001c842        0x4 ./BUILD/NRF52_DK/GCC_ARM/mbed-os/events/equeue/equeue_mbed.o
                0x000000000001c842                equeue_mutex_unlock
 .text.equeue_sema_create
                0x000000000001c846        0xe ./BUILD/NRF52_DK/GCC_ARM/mbed-os/events/equeue/equeue_mbed.o
                0x000000000001c846                equeue_sema_create
 .text.equeue_sema_destroy
                0x000000000001c854        0x4 ./BUILD/NRF52_DK/GCC_ARM/mbed-os/events/equeue/equeue_mbed.o
                0x000000000001c854                equeue_sema_destroy
 .text.equeue_sema_signal
                0x000000000001c858        0x4 ./BUILD/NRF52_DK/GCC_ARM/mbed-os/events/equeue/equeue_mbed.o
                0x000000000001c858                equeue_sema_signal
 .text.equeue_sema_wait
                0x000000000001c85c       0x14 ./BUILD/NRF52_DK/GCC_ARM/mbed-os/events/equeue/equeue_mbed.o
                0x000000000001c85c                equeue_sema_wait
 .text.equeue_tick
                0x000000000001c870       0x8c ./BUILD/NRF52_DK/GCC_ARM/mbed-os/events/equeue/equeue_mbed.o
                0x000000000001c870                equeue_tick
 .text._ZNK9SafeBool_4base7trueTagEv
                0x000000000001c8fc        0x2 ./BUILD/NRF52_DK/GCC_ARM/mbed-os/features/FEATURE_BLE/source/BLE.o
                0x000000000001c8fc                SafeBool_::base::trueTag() const
 .text._ZN26FunctionPointerWithContextIPN3BLE32OnEventsToProcessCallbackContextEE14functioncallerEPKS3_S2_
                0x000000000001c8fe        0xa ./BUILD/NRF52_DK/GCC_ARM/mbed-os/features/FEATURE_BLE/source/BLE.o
                0x000000000001c8fe                FunctionPointerWithContext<BLE::OnEventsToProcessCallbackContext*>::functioncaller(FunctionPointerWithContext<BLE::OnEventsToProcessCallbackContext*> const*, BLE::OnEventsToProcessCallbackContext*)
 .text._ZN3BLE18initImplementationE26FunctionPointerWithContextIPNS_37InitializationCompleteCallbackContextEE
                0x000000000001c908       0x2a ./BUILD/NRF52_DK/GCC_ARM/mbed-os/features/FEATURE_BLE/source/BLE.o
                0x000000000001c908                BLE::initImplementation(FunctionPointerWithContext<BLE::InitializationCompleteCallbackContext*>)
 *fill*         0x000000000001c932        0x2 
 .text._ZN3BLEC2Ej
                0x000000000001c934       0x38 ./BUILD/NRF52_DK/GCC_ARM/mbed-os/features/FEATURE_BLE/source/BLE.o
                0x000000000001c934                BLE::BLE(unsigned int)
                0x000000000001c934                BLE::BLE(unsigned int)
 .text._ZN3BLE8InstanceEj
                0x000000000001c96c       0x54 ./BUILD/NRF52_DK/GCC_ARM/mbed-os/features/FEATURE_BLE/source/BLE.o
                0x000000000001c96c                BLE::Instance(unsigned int)
 .text._ZN3BLE3gapEv
                0x000000000001c9c0       0x20 ./BUILD/NRF52_DK/GCC_ARM/mbed-os/features/FEATURE_BLE/source/BLE.o
                0x000000000001c9c0                BLE::gap()
 .text._ZN3BLE10gattServerEv
                0x000000000001c9e0       0x20 ./BUILD/NRF52_DK/GCC_ARM/mbed-os/features/FEATURE_BLE/source/BLE.o
                0x000000000001c9e0                BLE::gattServer()
 .text._ZN3BLE13processEventsEv
                0x000000000001ca00       0x20 ./BUILD/NRF52_DK/GCC_ARM/mbed-os/features/FEATURE_BLE/source/BLE.o
                0x000000000001ca00                BLE::processEvents()
 .text._ZN3BLE17onEventsToProcessERK26FunctionPointerWithContextIPNS_32OnEventsToProcessCallbackContextEE
                0x000000000001ca20       0x1a ./BUILD/NRF52_DK/GCC_ARM/mbed-os/features/FEATURE_BLE/source/BLE.o
                0x000000000001ca20                BLE::onEventsToProcess(FunctionPointerWithContext<BLE::OnEventsToProcessCallbackContext*> const&)
 *fill*         0x000000000001ca3a        0x2 
 .text._ZN3BLE21signalEventsToProcessEv
                0x000000000001ca3c       0x24 ./BUILD/NRF52_DK/GCC_ARM/mbed-os/features/FEATURE_BLE/source/BLE.o
                0x000000000001ca3c                BLE::signalEventsToProcess()
 .text._ZN15BLEInstanceBaseD2Ev
                0x000000000001ca60        0x2 ./BUILD/NRF52_DK/GCC_ARM/mbed-os/features/FEATURE_BLE/source/BLEInstanceBase.o
                0x000000000001ca60                BLEInstanceBase::~BLEInstanceBase()
                0x000000000001ca60                BLEInstanceBase::~BLEInstanceBase()
 .text._ZN15BLEInstanceBase21signalEventsToProcessEj
                0x000000000001ca62       0x10 ./BUILD/NRF52_DK/GCC_ARM/mbed-os/features/FEATURE_BLE/source/BLEInstanceBase.o
                0x000000000001ca62                BLEInstanceBase::signalEventsToProcess(unsigned int)
 .text._ZN17GapScanningParamsC2Etttb
                0x000000000001ca72       0x5c ./BUILD/NRF52_DK/GCC_ARM/mbed-os/features/FEATURE_BLE/source/GapScanningParams.o
                0x000000000001ca72                GapScanningParams::GapScanningParams(unsigned short, unsigned short, unsigned short, bool)
                0x000000000001ca72                GapScanningParams::GapScanningParams(unsigned short, unsigned short, unsigned short, bool)
 .text.sd_ble_gap_address_set
                0x000000000001cace        0x4 ./BUILD/NRF52_DK/GCC_ARM/mbed-os/features/FEATURE_BLE/targets/TARGET_NORDIC/TARGET_NRF5/source/btle/btle.o
 .text.sd_ble_gap_address_get
                0x000000000001cad2        0x4 ./BUILD/NRF52_DK/GCC_ARM/mbed-os/features/FEATURE_BLE/targets/TARGET_NORDIC/TARGET_NRF5/source/btle/btle.o
 .text._ZL16sys_evt_dispatchm
                0x000000000001cad6        0x4 ./BUILD/NRF52_DK/GCC_ARM/mbed-os/features/FEATURE_BLE/targets/TARGET_NORDIC/TARGET_NRF5/source/btle/btle.o
 *fill*         0x000000000001cada        0x2 
 .text._ZL11signalEventv
                0x000000000001cadc       0x20 ./BUILD/NRF52_DK/GCC_ARM/mbed-os/features/FEATURE_BLE/targets/TARGET_NORDIC/TARGET_NRF5/source/btle/btle.o
 .text._ZL12btle_handlerP9ble_evt_t
                0x000000000001cafc      0x220 ./BUILD/NRF52_DK/GCC_ARM/mbed-os/features/FEATURE_BLE/targets/TARGET_NORDIC/TARGET_NRF5/source/btle/btle.o
 .text.btle_init
                0x000000000001cd1c       0xb0 ./BUILD/NRF52_DK/GCC_ARM/mbed-os/features/FEATURE_BLE/targets/TARGET_NORDIC/TARGET_NRF5/source/btle/btle.o
                0x000000000001cd1c                btle_init
 .text._ZN4UUIDC2Et
                0x000000000001cdcc       0x1a ./BUILD/NRF52_DK/GCC_ARM/mbed-os/features/FEATURE_BLE/targets/TARGET_NORDIC/TARGET_NRF5/source/btle/btle_discovery.o
                0x000000000001cdcc                UUID::UUID(unsigned short)
                0x000000000001cdcc                UUID::UUID(unsigned short)
 .text._ZNK4UUIDeqERKS_
                0x000000000001cde6       0x36 ./BUILD/NRF52_DK/GCC_ARM/mbed-os/features/FEATURE_BLE/targets/TARGET_NORDIC/TARGET_NRF5/source/btle/btle_discovery.o
                0x000000000001cde6                UUID::operator==(UUID const&) const
 .text._ZN21nRF5xServiceDiscovery32terminateCharacteristicDiscoveryE11ble_error_t
                0x000000000001ce1c      0x13c ./BUILD/NRF52_DK/GCC_ARM/mbed-os/features/FEATURE_BLE/targets/TARGET_NORDIC/TARGET_NRF5/source/btle/btle_discovery.o
                0x000000000001ce1c                nRF5xServiceDiscovery::terminateCharacteristicDiscovery(ble_error_t)
 .text._Z20bleGattcEventHandlerPK9ble_evt_t
                0x000000000001cf58      0x17c ./BUILD/NRF52_DK/GCC_ARM/mbed-os/features/FEATURE_BLE/targets/TARGET_NORDIC/TARGET_NRF5/source/btle/btle_discovery.o
                0x000000000001cf58                bleGattcEventHandler(ble_evt_t const*)
 .text.sd_ble_gap_tx_power_set
                0x000000000001d0d4        0x4 ./BUILD/NRF52_DK/GCC_ARM/mbed-os/features/FEATURE_BLE/targets/TARGET_NORDIC/TARGET_NRF5/source/btle/btle_gap.o
 .text.sd_ble_gap_appearance_set
                0x000000000001d0d8        0x4 ./BUILD/NRF52_DK/GCC_ARM/mbed-os/features/FEATURE_BLE/targets/TARGET_NORDIC/TARGET_NRF5/source/btle/btle_gap.o
 .text.sd_ble_gap_ppcp_set
                0x000000000001d0dc        0x4 ./BUILD/NRF52_DK/GCC_ARM/mbed-os/features/FEATURE_BLE/targets/TARGET_NORDIC/TARGET_NRF5/source/btle/btle_gap.o
 .text.sd_ble_gap_device_name_set
                0x000000000001d0e0        0x4 ./BUILD/NRF52_DK/GCC_ARM/mbed-os/features/FEATURE_BLE/targets/TARGET_NORDIC/TARGET_NRF5/source/btle/btle_gap.o
 .text._Z13btle_gap_initv
                0x000000000001d0e4       0x64 ./BUILD/NRF52_DK/GCC_ARM/mbed-os/features/FEATURE_BLE/targets/TARGET_NORDIC/TARGET_NRF5/source/btle/btle_gap.o
                0x000000000001d0e4                btle_gap_init()
 .text.sd_ble_gap_conn_sec_get
                0x000000000001d148        0x4 ./BUILD/NRF52_DK/GCC_ARM/mbed-os/features/FEATURE_BLE/targets/TARGET_NORDIC/TARGET_NRF5/source/btle/btle_security_pm.o
 .text.sd_ble_opt_set
                0x000000000001d14c        0x4 ./BUILD/NRF52_DK/GCC_ARM/mbed-os/features/FEATURE_BLE/targets/TARGET_NORDIC/TARGET_NRF5/source/btle/btle_security_pm.o
 .text._ZL10pm_handlerPK8pm_evt_t
                0x000000000001d150      0x11c ./BUILD/NRF52_DK/GCC_ARM/mbed-os/features/FEATURE_BLE/targets/TARGET_NORDIC/TARGET_NRF5/source/btle/btle_security_pm.o
 .text._Z27btle_hasInitializedSecurityv
                0x000000000001d26c        0xc ./BUILD/NRF52_DK/GCC_ARM/mbed-os/features/FEATURE_BLE/targets/TARGET_NORDIC/TARGET_NRF5/source/btle/btle_security_pm.o
                0x000000000001d26c                btle_hasInitializedSecurity()
 .text._Z23btle_initializeSecuritybbN15SecurityManager24SecurityIOCapabilities_tEPKh
                0x000000000001d278       0x98 ./BUILD/NRF52_DK/GCC_ARM/mbed-os/features/FEATURE_BLE/targets/TARGET_NORDIC/TARGET_NRF5/source/btle/btle_security_pm.o
                0x000000000001d278                btle_initializeSecurity(bool, bool, SecurityManager::SecurityIOCapabilities_t, unsigned char const*)
 .text._Z25btle_purgeAllBondingStatev
                0x000000000001d310       0x28 ./BUILD/NRF52_DK/GCC_ARM/mbed-os/features/FEATURE_BLE/targets/TARGET_NORDIC/TARGET_NRF5/source/btle/btle_security_pm.o
                0x000000000001d310                btle_purgeAllBondingState()
 .text._Z20btle_getLinkSecuritytPN15SecurityManager20LinkSecurityStatus_tE
                0x000000000001d338       0x50 ./BUILD/NRF52_DK/GCC_ARM/mbed-os/features/FEATURE_BLE/targets/TARGET_NORDIC/TARGET_NRF5/source/btle/btle_security_pm.o
                0x000000000001d338                btle_getLinkSecurity(unsigned short, SecurityManager::LinkSecurityStatus_t*)
 .text._Z20btle_setLinkSecuritytN15SecurityManager14SecurityMode_tE
                0x000000000001d388       0x74 ./BUILD/NRF52_DK/GCC_ARM/mbed-os/features/FEATURE_BLE/targets/TARGET_NORDIC/TARGET_NRF5/source/btle/btle_security_pm.o
                0x000000000001d388                btle_setLinkSecurity(unsigned short, SecurityManager::SecurityMode_t)
 .text._Z33btle_createWhitelistFromBondTableP19ble_gap_whitelist_t
                0x000000000001d3fc       0x28 ./BUILD/NRF52_DK/GCC_ARM/mbed-os/features/FEATURE_BLE/targets/TARGET_NORDIC/TARGET_NRF5/source/btle/btle_security_pm.o
                0x000000000001d3fc                btle_createWhitelistFromBondTable(ble_gap_whitelist_t*)
 .text._Z23btle_matchAddressAndIrkPK14ble_gap_addr_tPK13ble_gap_irk_t
                0x000000000001d424        0x4 ./BUILD/NRF52_DK/GCC_ARM/mbed-os/features/FEATURE_BLE/targets/TARGET_NORDIC/TARGET_NRF5/source/btle/btle_security_pm.o
                0x000000000001d424                btle_matchAddressAndIrk(ble_gap_addr_t const*, ble_gap_irk_t const*)
 .text._Z30btle_generateResolvableAddressRK13ble_gap_irk_tR14ble_gap_addr_t
                0x000000000001d428       0x18 ./BUILD/NRF52_DK/GCC_ARM/mbed-os/features/FEATURE_BLE/targets/TARGET_NORDIC/TARGET_NRF5/source/btle/btle_security_pm.o
                0x000000000001d428                btle_generateResolvableAddress(ble_gap_irk_t const&, ble_gap_addr_t&)
 .text.sd_ble_gatts_characteristic_add
                0x000000000001d440        0x4 ./BUILD/NRF52_DK/GCC_ARM/mbed-os/features/FEATURE_BLE/targets/TARGET_NORDIC/TARGET_NRF5/source/btle/custom/custom_helper.o
 .text.sd_ble_gatts_descriptor_add
                0x000000000001d444        0x4 ./BUILD/NRF52_DK/GCC_ARM/mbed-os/features/FEATURE_BLE/targets/TARGET_NORDIC/TARGET_NRF5/source/btle/custom/custom_helper.o
 .text.sd_ble_uuid_vs_add
                0x000000000001d448        0x4 ./BUILD/NRF52_DK/GCC_ARM/mbed-os/features/FEATURE_BLE/targets/TARGET_NORDIC/TARGET_NRF5/source/btle/custom/custom_helper.o
 .text.custom_reset_128bits_uuid_table
                0x000000000001d44c        0xc ./BUILD/NRF52_DK/GCC_ARM/mbed-os/features/FEATURE_BLE/targets/TARGET_NORDIC/TARGET_NRF5/source/btle/custom/custom_helper.o
                0x000000000001d44c                custom_reset_128bits_uuid_table
 .text.custom_add_uuid_base
                0x000000000001d458       0x2e ./BUILD/NRF52_DK/GCC_ARM/mbed-os/features/FEATURE_BLE/targets/TARGET_NORDIC/TARGET_NRF5/source/btle/custom/custom_helper.o
                0x000000000001d458                custom_add_uuid_base
 *fill*         0x000000000001d486        0x2 
 .text.custom_convert_to_nordic_uuid
                0x000000000001d488       0xb0 ./BUILD/NRF52_DK/GCC_ARM/mbed-os/features/FEATURE_BLE/targets/TARGET_NORDIC/TARGET_NRF5/source/btle/custom/custom_helper.o
                0x000000000001d488                custom_convert_to_nordic_uuid
 .text.custom_add_in_characteristic
                0x000000000001d538      0x1a8 ./BUILD/NRF52_DK/GCC_ARM/mbed-os/features/FEATURE_BLE/targets/TARGET_NORDIC/TARGET_NRF5/source/btle/custom/custom_helper.o
                0x000000000001d538                custom_add_in_characteristic
 .text.custom_add_in_descriptor
                0x000000000001d6e0       0x60 ./BUILD/NRF52_DK/GCC_ARM/mbed-os/features/FEATURE_BLE/targets/TARGET_NORDIC/TARGET_NRF5/source/btle/custom/custom_helper.o
                0x000000000001d6e0                custom_add_in_descriptor
 .text.sd_ble_gattc_descriptors_discover
                0x000000000001d740        0x4 ./BUILD/NRF52_DK/GCC_ARM/mbed-os/features/FEATURE_BLE/targets/TARGET_NORDIC/TARGET_NRF5/source/nRF5xCharacteristicDescriptorDiscoverer.o
 .text.sd_ble_gattc_attr_info_discover
                0x000000000001d744        0x4 ./BUILD/NRF52_DK/GCC_ARM/mbed-os/features/FEATURE_BLE/targets/TARGET_NORDIC/TARGET_NRF5/source/nRF5xCharacteristicDescriptorDiscoverer.o
 .text._ZN26FunctionPointerWithContextIPKN33CharacteristicDescriptorDiscovery25DiscoveryCallbackParams_tEE14functioncallerEPKS4_S3_
                0x000000000001d748        0xa ./BUILD/NRF52_DK/GCC_ARM/mbed-os/features/FEATURE_BLE/targets/TARGET_NORDIC/TARGET_NRF5/source/nRF5xCharacteristicDescriptorDiscoverer.o
                0x000000000001d748                FunctionPointerWithContext<CharacteristicDescriptorDiscovery::DiscoveryCallbackParams_t const*>::functioncaller(FunctionPointerWithContext<CharacteristicDescriptorDiscovery::DiscoveryCallbackParams_t const*> const*, CharacteristicDescriptorDiscovery::DiscoveryCallbackParams_t const*)
 .text._ZN26FunctionPointerWithContextIPKN33CharacteristicDescriptorDiscovery27TerminationCallbackParams_tEE14functioncallerEPKS4_S3_
                0x000000000001d752        0xa ./BUILD/NRF52_DK/GCC_ARM/mbed-os/features/FEATURE_BLE/targets/TARGET_NORDIC/TARGET_NRF5/source/nRF5xCharacteristicDescriptorDiscoverer.o
                0x000000000001d752                FunctionPointerWithContext<CharacteristicDescriptorDiscovery::TerminationCallbackParams_t const*>::functioncaller(FunctionPointerWithContext<CharacteristicDescriptorDiscovery::TerminationCallbackParams_t const*> const*, CharacteristicDescriptorDiscovery::TerminationCallbackParams_t const*)
 .text._ZeqRK24DiscoveredCharacteristicS1_
                0x000000000001d75c       0x64 ./BUILD/NRF52_DK/GCC_ARM/mbed-os/features/FEATURE_BLE/targets/TARGET_NORDIC/TARGET_NRF5/source/nRF5xCharacteristicDescriptorDiscoverer.o
                0x000000000001d75c                operator==(DiscoveredCharacteristic const&, DiscoveredCharacteristic const&)
 .text._ZN39nRF5xCharacteristicDescriptorDiscoverer9DiscoveryaSERKS0_
                0x000000000001d7c0       0x4c ./BUILD/NRF52_DK/GCC_ARM/mbed-os/features/FEATURE_BLE/targets/TARGET_NORDIC/TARGET_NRF5/source/nRF5xCharacteristicDescriptorDiscoverer.o
                0x000000000001d7c0                nRF5xCharacteristicDescriptorDiscoverer::Discovery::operator=(nRF5xCharacteristicDescriptorDiscoverer::Discovery const&)
 .text._ZNK39nRF5xCharacteristicDescriptorDiscoverer8isActiveERK24DiscoveredCharacteristic
                0x000000000001d80c       0x1c ./BUILD/NRF52_DK/GCC_ARM/mbed-os/features/FEATURE_BLE/targets/TARGET_NORDIC/TARGET_NRF5/source/nRF5xCharacteristicDescriptorDiscoverer.o
                0x000000000001d80c                nRF5xCharacteristicDescriptorDiscoverer::isActive(DiscoveredCharacteristic const&) const
 .text._ZN24DiscoveredCharacteristicC2ERKS_
                0x000000000001d828       0x34 ./BUILD/NRF52_DK/GCC_ARM/mbed-os/features/FEATURE_BLE/targets/TARGET_NORDIC/TARGET_NRF5/source/nRF5xCharacteristicDescriptorDiscoverer.o
                0x000000000001d828                DiscoveredCharacteristic::DiscoveredCharacteristic(DiscoveredCharacteristic const&)
                0x000000000001d828                DiscoveredCharacteristic::DiscoveredCharacteristic(DiscoveredCharacteristic const&)
 .text._ZN39nRF5xCharacteristicDescriptorDiscoverer26gattc_descriptors_discoverEttt
                0x000000000001d85c       0x38 ./BUILD/NRF52_DK/GCC_ARM/mbed-os/features/FEATURE_BLE/targets/TARGET_NORDIC/TARGET_NRF5/source/nRF5xCharacteristicDescriptorDiscoverer.o
                0x000000000001d85c                nRF5xCharacteristicDescriptorDiscoverer::gattc_descriptors_discover(unsigned short, unsigned short, unsigned short)
 .text._ZN39nRF5xCharacteristicDescriptorDiscoverer24gattc_attr_info_discoverEttt
                0x000000000001d894       0x40 ./BUILD/NRF52_DK/GCC_ARM/mbed-os/features/FEATURE_BLE/targets/TARGET_NORDIC/TARGET_NRF5/source/nRF5xCharacteristicDescriptorDiscoverer.o
                0x000000000001d894                nRF5xCharacteristicDescriptorDiscoverer::gattc_attr_info_discover(unsigned short, unsigned short, unsigned short)
 .text._ZN39nRF5xCharacteristicDescriptorDiscoverer9DiscoveryC2Ev
                0x000000000001d8d4       0x40 ./BUILD/NRF52_DK/GCC_ARM/mbed-os/features/FEATURE_BLE/targets/TARGET_NORDIC/TARGET_NRF5/source/nRF5xCharacteristicDescriptorDiscoverer.o
                0x000000000001d8d4                nRF5xCharacteristicDescriptorDiscoverer::Discovery::Discovery()
                0x000000000001d8d4                nRF5xCharacteristicDescriptorDiscoverer::Discovery::Discovery()
 .text._ZN39nRF5xCharacteristicDescriptorDiscovererC2Ev
                0x000000000001d914       0x1c ./BUILD/NRF52_DK/GCC_ARM/mbed-os/features/FEATURE_BLE/targets/TARGET_NORDIC/TARGET_NRF5/source/nRF5xCharacteristicDescriptorDiscoverer.o
                0x000000000001d914                nRF5xCharacteristicDescriptorDiscoverer::nRF5xCharacteristicDescriptorDiscoverer()
                0x000000000001d914                nRF5xCharacteristicDescriptorDiscoverer::nRF5xCharacteristicDescriptorDiscoverer()
 .text._ZN39nRF5xCharacteristicDescriptorDiscoverer9DiscoveryC2ERK24DiscoveredCharacteristicRK26FunctionPointerWithContextIPKN33CharacteristicDescriptorDiscovery25DiscoveryCallbackParams_tEERKS4_IPKNS5_27TerminationCallbackParams_tEE
                0x000000000001d930       0x36 ./BUILD/NRF52_DK/GCC_ARM/mbed-os/features/FEATURE_BLE/targets/TARGET_NORDIC/TARGET_NRF5/source/nRF5xCharacteristicDescriptorDiscoverer.o
                0x000000000001d930                nRF5xCharacteristicDescriptorDiscoverer::Discovery::Discovery(DiscoveredCharacteristic const&, FunctionPointerWithContext<CharacteristicDescriptorDiscovery::DiscoveryCallbackParams_t const*> const&, FunctionPointerWithContext<CharacteristicDescriptorDiscovery::TerminationCallbackParams_t const*> const&)
                0x000000000001d930                nRF5xCharacteristicDescriptorDiscoverer::Discovery::Discovery(DiscoveredCharacteristic const&, FunctionPointerWithContext<CharacteristicDescriptorDiscovery::DiscoveryCallbackParams_t const*> const&, FunctionPointerWithContext<CharacteristicDescriptorDiscovery::TerminationCallbackParams_t const*> const&)
 .text._ZN39nRF5xCharacteristicDescriptorDiscoverer9Discovery7processEtRK4UUID
                0x000000000001d966       0x44 ./BUILD/NRF52_DK/GCC_ARM/mbed-os/features/FEATURE_BLE/targets/TARGET_NORDIC/TARGET_NRF5/source/nRF5xCharacteristicDescriptorDiscoverer.o
                0x000000000001d966                nRF5xCharacteristicDescriptorDiscoverer::Discovery::process(unsigned short, UUID const&)
 .text._ZN39nRF5xCharacteristicDescriptorDiscoverer9Discovery9terminateE11ble_error_t
                0x000000000001d9aa       0x16 ./BUILD/NRF52_DK/GCC_ARM/mbed-os/features/FEATURE_BLE/targets/TARGET_NORDIC/TARGET_NRF5/source/nRF5xCharacteristicDescriptorDiscoverer.o
                0x000000000001d9aa                nRF5xCharacteristicDescriptorDiscoverer::Discovery::terminate(ble_error_t)
 .text._ZN39nRF5xCharacteristicDescriptorDiscoverer9terminateEPNS_9DiscoveryE11ble_error_t
                0x000000000001d9c0       0x4e ./BUILD/NRF52_DK/GCC_ARM/mbed-os/features/FEATURE_BLE/targets/TARGET_NORDIC/TARGET_NRF5/source/nRF5xCharacteristicDescriptorDiscoverer.o
                0x000000000001d9c0                nRF5xCharacteristicDescriptorDiscoverer::terminate(nRF5xCharacteristicDescriptorDiscoverer::Discovery*, ble_error_t)
 .text._ZNK39nRF5xCharacteristicDescriptorDiscoverer9Discovery7isEmptyEv
                0x000000000001da0e       0x50 ./BUILD/NRF52_DK/GCC_ARM/mbed-os/features/FEATURE_BLE/targets/TARGET_NORDIC/TARGET_NRF5/source/nRF5xCharacteristicDescriptorDiscoverer.o
                0x000000000001da0e                nRF5xCharacteristicDescriptorDiscoverer::Discovery::isEmpty() const
 .text._ZN39nRF5xCharacteristicDescriptorDiscoverer20findRunningDiscoveryERK24DiscoveredCharacteristic
                0x000000000001da5e       0x2a ./BUILD/NRF52_DK/GCC_ARM/mbed-os/features/FEATURE_BLE/targets/TARGET_NORDIC/TARGET_NRF5/source/nRF5xCharacteristicDescriptorDiscoverer.o
                0x000000000001da5e                nRF5xCharacteristicDescriptorDiscoverer::findRunningDiscovery(DiscoveredCharacteristic const&)
 .text._ZN39nRF5xCharacteristicDescriptorDiscoverer16requestTerminateERK24DiscoveredCharacteristic
                0x000000000001da88       0x1a ./BUILD/NRF52_DK/GCC_ARM/mbed-os/features/FEATURE_BLE/targets/TARGET_NORDIC/TARGET_NRF5/source/nRF5xCharacteristicDescriptorDiscoverer.o
                0x000000000001da88                nRF5xCharacteristicDescriptorDiscoverer::requestTerminate(DiscoveredCharacteristic const&)
 .text._ZN39nRF5xCharacteristicDescriptorDiscoverer20findRunningDiscoveryEt
                0x000000000001daa2       0x26 ./BUILD/NRF52_DK/GCC_ARM/mbed-os/features/FEATURE_BLE/targets/TARGET_NORDIC/TARGET_NRF5/source/nRF5xCharacteristicDescriptorDiscoverer.o
                0x000000000001daa2                nRF5xCharacteristicDescriptorDiscoverer::findRunningDiscovery(unsigned short)
 .text._ZN39nRF5xCharacteristicDescriptorDiscoverer9terminateEt11ble_error_t
                0x000000000001dac8       0x1c ./BUILD/NRF52_DK/GCC_ARM/mbed-os/features/FEATURE_BLE/targets/TARGET_NORDIC/TARGET_NRF5/source/nRF5xCharacteristicDescriptorDiscoverer.o
                0x000000000001dac8                nRF5xCharacteristicDescriptorDiscoverer::terminate(unsigned short, ble_error_t)
 .text._ZN39nRF5xCharacteristicDescriptorDiscoverer17isConnectionInUseEt
                0x000000000001dae4        0xe ./BUILD/NRF52_DK/GCC_ARM/mbed-os/features/FEATURE_BLE/targets/TARGET_NORDIC/TARGET_NRF5/source/nRF5xCharacteristicDescriptorDiscoverer.o
                0x000000000001dae4                nRF5xCharacteristicDescriptorDiscoverer::isConnectionInUse(unsigned short)
 .text._ZN39nRF5xCharacteristicDescriptorDiscoverer7processEtRK29ble_gattc_evt_desc_disc_rsp_t
                0x000000000001daf2       0x86 ./BUILD/NRF52_DK/GCC_ARM/mbed-os/features/FEATURE_BLE/targets/TARGET_NORDIC/TARGET_NRF5/source/nRF5xCharacteristicDescriptorDiscoverer.o
                0x000000000001daf2                nRF5xCharacteristicDescriptorDiscoverer::process(unsigned short, ble_gattc_evt_desc_disc_rsp_t const&)
 .text._ZN39nRF5xCharacteristicDescriptorDiscoverer27processAttributeInformationEtRK34ble_gattc_evt_attr_info_disc_rsp_t
                0x000000000001db78       0xc8 ./BUILD/NRF52_DK/GCC_ARM/mbed-os/features/FEATURE_BLE/targets/TARGET_NORDIC/TARGET_NRF5/source/nRF5xCharacteristicDescriptorDiscoverer.o
                0x000000000001db78                nRF5xCharacteristicDescriptorDiscoverer::processAttributeInformation(unsigned short, ble_gattc_evt_attr_info_disc_rsp_t const&)
 .text._ZN39nRF5xCharacteristicDescriptorDiscoverer25getAvailableDiscoverySlotEv
                0x000000000001dc40       0x1c ./BUILD/NRF52_DK/GCC_ARM/mbed-os/features/FEATURE_BLE/targets/TARGET_NORDIC/TARGET_NRF5/source/nRF5xCharacteristicDescriptorDiscoverer.o
                0x000000000001dc40                nRF5xCharacteristicDescriptorDiscoverer::getAvailableDiscoverySlot()
 .text._ZN39nRF5xCharacteristicDescriptorDiscoverer6launchERK24DiscoveredCharacteristicRK26FunctionPointerWithContextIPKN33CharacteristicDescriptorDiscovery25DiscoveryCallbackParams_tEERKS3_IPKNS4_27TerminationCallbackParams_tEE
                0x000000000001dc5c       0x74 ./BUILD/NRF52_DK/GCC_ARM/mbed-os/features/FEATURE_BLE/targets/TARGET_NORDIC/TARGET_NRF5/source/nRF5xCharacteristicDescriptorDiscoverer.o
                0x000000000001dc5c                nRF5xCharacteristicDescriptorDiscoverer::launch(DiscoveredCharacteristic const&, FunctionPointerWithContext<CharacteristicDescriptorDiscovery::DiscoveryCallbackParams_t const*> const&, FunctionPointerWithContext<CharacteristicDescriptorDiscovery::TerminationCallbackParams_t const*> const&)
 .text._ZN29nRF5xDiscoveredCharacteristic5setupEP15nRF5xGattClientt21ble_gatt_char_props_ttt
                0x000000000001dcd0       0x4a ./BUILD/NRF52_DK/GCC_ARM/mbed-os/features/FEATURE_BLE/targets/TARGET_NORDIC/TARGET_NRF5/source/nRF5xDiscoveredCharacteristic.o
                0x000000000001dcd0                nRF5xDiscoveredCharacteristic::setup(nRF5xGattClient*, unsigned short, ble_gatt_char_props_t, unsigned short, unsigned short)
 .text._ZN29nRF5xDiscoveredCharacteristic5setupEP15nRF5xGattClienttt21ble_gatt_char_props_ttt
                0x000000000001dd1a       0x78 ./BUILD/NRF52_DK/GCC_ARM/mbed-os/features/FEATURE_BLE/targets/TARGET_NORDIC/TARGET_NRF5/source/nRF5xDiscoveredCharacteristic.o
                0x000000000001dd1a                nRF5xDiscoveredCharacteristic::setup(nRF5xGattClient*, unsigned short, unsigned short, ble_gatt_char_props_t, unsigned short, unsigned short)
 .text.sd_ble_gap_address_set
                0x000000000001dd92        0x4 ./BUILD/NRF52_DK/GCC_ARM/mbed-os/features/FEATURE_BLE/targets/TARGET_NORDIC/TARGET_NRF5/source/nRF5xGap.o
 .text.sd_ble_gap_address_get
                0x000000000001dd96        0x4 ./BUILD/NRF52_DK/GCC_ARM/mbed-os/features/FEATURE_BLE/targets/TARGET_NORDIC/TARGET_NRF5/source/nRF5xGap.o
 .text.sd_ble_gap_adv_data_set
                0x000000000001dd9a        0x4 ./BUILD/NRF52_DK/GCC_ARM/mbed-os/features/FEATURE_BLE/targets/TARGET_NORDIC/TARGET_NRF5/source/nRF5xGap.o
 .text.sd_ble_gap_adv_start
                0x000000000001dd9e        0x4 ./BUILD/NRF52_DK/GCC_ARM/mbed-os/features/FEATURE_BLE/targets/TARGET_NORDIC/TARGET_NRF5/source/nRF5xGap.o
 .text.sd_ble_gap_adv_stop
                0x000000000001dda2        0x4 ./BUILD/NRF52_DK/GCC_ARM/mbed-os/features/FEATURE_BLE/targets/TARGET_NORDIC/TARGET_NRF5/source/nRF5xGap.o
 .text.sd_ble_gap_conn_param_update
                0x000000000001dda6        0x4 ./BUILD/NRF52_DK/GCC_ARM/mbed-os/features/FEATURE_BLE/targets/TARGET_NORDIC/TARGET_NRF5/source/nRF5xGap.o
 .text.sd_ble_gap_disconnect
                0x000000000001ddaa        0x4 ./BUILD/NRF52_DK/GCC_ARM/mbed-os/features/FEATURE_BLE/targets/TARGET_NORDIC/TARGET_NRF5/source/nRF5xGap.o
 .text.sd_ble_gap_tx_power_set
                0x000000000001ddae        0x4 ./BUILD/NRF52_DK/GCC_ARM/mbed-os/features/FEATURE_BLE/targets/TARGET_NORDIC/TARGET_NRF5/source/nRF5xGap.o
 .text.sd_ble_gap_appearance_set
                0x000000000001ddb2        0x4 ./BUILD/NRF52_DK/GCC_ARM/mbed-os/features/FEATURE_BLE/targets/TARGET_NORDIC/TARGET_NRF5/source/nRF5xGap.o
 .text.sd_ble_gap_appearance_get
                0x000000000001ddb6        0x4 ./BUILD/NRF52_DK/GCC_ARM/mbed-os/features/FEATURE_BLE/targets/TARGET_NORDIC/TARGET_NRF5/source/nRF5xGap.o
 .text.sd_ble_gap_ppcp_set
                0x000000000001ddba        0x4 ./BUILD/NRF52_DK/GCC_ARM/mbed-os/features/FEATURE_BLE/targets/TARGET_NORDIC/TARGET_NRF5/source/nRF5xGap.o
 .text.sd_ble_gap_ppcp_get
                0x000000000001ddbe        0x4 ./BUILD/NRF52_DK/GCC_ARM/mbed-os/features/FEATURE_BLE/targets/TARGET_NORDIC/TARGET_NRF5/source/nRF5xGap.o
 .text.sd_ble_gap_device_name_set
                0x000000000001ddc2        0x4 ./BUILD/NRF52_DK/GCC_ARM/mbed-os/features/FEATURE_BLE/targets/TARGET_NORDIC/TARGET_NRF5/source/nRF5xGap.o
 .text.sd_ble_gap_device_name_get
                0x000000000001ddc6        0x4 ./BUILD/NRF52_DK/GCC_ARM/mbed-os/features/FEATURE_BLE/targets/TARGET_NORDIC/TARGET_NRF5/source/nRF5xGap.o
 .text.sd_ble_gap_scan_start
                0x000000000001ddca        0x4 ./BUILD/NRF52_DK/GCC_ARM/mbed-os/features/FEATURE_BLE/targets/TARGET_NORDIC/TARGET_NRF5/source/nRF5xGap.o
 .text.sd_ble_gap_scan_stop
                0x000000000001ddce        0x4 ./BUILD/NRF52_DK/GCC_ARM/mbed-os/features/FEATURE_BLE/targets/TARGET_NORDIC/TARGET_NRF5/source/nRF5xGap.o
 .text.sd_ble_gap_connect
                0x000000000001ddd2        0x4 ./BUILD/NRF52_DK/GCC_ARM/mbed-os/features/FEATURE_BLE/targets/TARGET_NORDIC/TARGET_NRF5/source/nRF5xGap.o
 .text._ZNK8nRF5xGap25getMinAdvertisingIntervalEv
                0x000000000001ddd6        0x4 ./BUILD/NRF52_DK/GCC_ARM/mbed-os/features/FEATURE_BLE/targets/TARGET_NORDIC/TARGET_NRF5/source/nRF5xGap.o
                0x000000000001ddd6                nRF5xGap::getMinAdvertisingInterval() const
 .text._ZNK8nRF5xGap39getMinNonConnectableAdvertisingIntervalEv
                0x000000000001ddda        0x4 ./BUILD/NRF52_DK/GCC_ARM/mbed-os/features/FEATURE_BLE/targets/TARGET_NORDIC/TARGET_NRF5/source/nRF5xGap.o
                0x000000000001ddda                nRF5xGap::getMinNonConnectableAdvertisingInterval() const
 .text._ZNK8nRF5xGap25getMaxAdvertisingIntervalEv
                0x000000000001ddde        0x6 ./BUILD/NRF52_DK/GCC_ARM/mbed-os/features/FEATURE_BLE/targets/TARGET_NORDIC/TARGET_NRF5/source/nRF5xGap.o
                0x000000000001ddde                nRF5xGap::getMaxAdvertisingInterval() const
 .text._ZN8nRF5xGap8stopScanEv
                0x000000000001dde4       0x10 ./BUILD/NRF52_DK/GCC_ARM/mbed-os/features/FEATURE_BLE/targets/TARGET_NORDIC/TARGET_NRF5/source/nRF5xGap.o
                0x000000000001dde4                nRF5xGap::stopScan()
 .text._ZN8nRF5xGap15stopAdvertisingEv
                0x000000000001ddf4       0x1c ./BUILD/NRF52_DK/GCC_ARM/mbed-os/features/FEATURE_BLE/targets/TARGET_NORDIC/TARGET_NRF5/source/nRF5xGap.o
                0x000000000001ddf4                nRF5xGap::stopAdvertising()
 .text._ZN8nRF5xGap10disconnectEtN3Gap21DisconnectionReason_tE
                0x000000000001de10       0x1a ./BUILD/NRF52_DK/GCC_ARM/mbed-os/features/FEATURE_BLE/targets/TARGET_NORDIC/TARGET_NRF5/source/nRF5xGap.o
                0x000000000001de10                nRF5xGap::disconnect(unsigned short, Gap::DisconnectionReason_t)
 .text._ZN8nRF5xGap10disconnectEN3Gap21DisconnectionReason_tE
                0x000000000001de2a       0x14 ./BUILD/NRF52_DK/GCC_ARM/mbed-os/features/FEATURE_BLE/targets/TARGET_NORDIC/TARGET_NRF5/source/nRF5xGap.o
                0x000000000001de2a                nRF5xGap::disconnect(Gap::DisconnectionReason_t)
 .text._ZN8nRF5xGap28getPreferredConnectionParamsEPN3Gap18ConnectionParams_tE
                0x000000000001de3e       0x12 ./BUILD/NRF52_DK/GCC_ARM/mbed-os/features/FEATURE_BLE/targets/TARGET_NORDIC/TARGET_NRF5/source/nRF5xGap.o
                0x000000000001de3e                nRF5xGap::getPreferredConnectionParams(Gap::ConnectionParams_t*)
 .text._ZN8nRF5xGap28setPreferredConnectionParamsEPKN3Gap18ConnectionParams_tE
                0x000000000001de50       0x12 ./BUILD/NRF52_DK/GCC_ARM/mbed-os/features/FEATURE_BLE/targets/TARGET_NORDIC/TARGET_NRF5/source/nRF5xGap.o
                0x000000000001de50                nRF5xGap::setPreferredConnectionParams(Gap::ConnectionParams_t const*)
 .text._ZN8nRF5xGap22updateConnectionParamsEtPKN3Gap18ConnectionParams_tE
                0x000000000001de62       0x14 ./BUILD/NRF52_DK/GCC_ARM/mbed-os/features/FEATURE_BLE/targets/TARGET_NORDIC/TARGET_NRF5/source/nRF5xGap.o
                0x000000000001de62                nRF5xGap::updateConnectionParams(unsigned short, Gap::ConnectionParams_t const*)
 .text._ZN8nRF5xGap13getDeviceNameEPhPj
                0x000000000001de76       0x14 ./BUILD/NRF52_DK/GCC_ARM/mbed-os/features/FEATURE_BLE/targets/TARGET_NORDIC/TARGET_NRF5/source/nRF5xGap.o
                0x000000000001de76                nRF5xGap::getDeviceName(unsigned char*, unsigned int*)
 .text._ZN8nRF5xGap13setAppearanceEN18GapAdvertisingData12Appearance_tE
                0x000000000001de8a       0x12 ./BUILD/NRF52_DK/GCC_ARM/mbed-os/features/FEATURE_BLE/targets/TARGET_NORDIC/TARGET_NRF5/source/nRF5xGap.o
                0x000000000001de8a                nRF5xGap::setAppearance(GapAdvertisingData::Appearance_t)
 .text._ZN8nRF5xGap13getAppearanceEPN18GapAdvertisingData12Appearance_tE
                0x000000000001de9c       0x12 ./BUILD/NRF52_DK/GCC_ARM/mbed-os/features/FEATURE_BLE/targets/TARGET_NORDIC/TARGET_NRF5/source/nRF5xGap.o
                0x000000000001de9c                nRF5xGap::getAppearance(GapAdvertisingData::Appearance_t*)
 .text._ZN8nRF5xGap10setTxPowerEa
                0x000000000001deae       0x14 ./BUILD/NRF52_DK/GCC_ARM/mbed-os/features/FEATURE_BLE/targets/TARGET_NORDIC/TARGET_NRF5/source/nRF5xGap.o
                0x000000000001deae                nRF5xGap::setTxPower(signed char)
 *fill*         0x000000000001dec2        0x2 
 .text._ZN8nRF5xGap25getPermittedTxPowerValuesEPPKaPj
                0x000000000001dec4       0x10 ./BUILD/NRF52_DK/GCC_ARM/mbed-os/features/FEATURE_BLE/targets/TARGET_NORDIC/TARGET_NRF5/source/nRF5xGap.o
                0x000000000001dec4                nRF5xGap::getPermittedTxPowerValues(signed char const**, unsigned int*)
 .text._ZNK8nRF5xGap19getMaxWhitelistSizeEv
                0x000000000001ded4        0x4 ./BUILD/NRF52_DK/GCC_ARM/mbed-os/features/FEATURE_BLE/targets/TARGET_NORDIC/TARGET_NRF5/source/nRF5xGap.o
                0x000000000001ded4                nRF5xGap::getMaxWhitelistSize() const
 .text._ZN8nRF5xGap24setAdvertisingPolicyModeEN3Gap23AdvertisingPolicyMode_tE
                0x000000000001ded8        0x8 ./BUILD/NRF52_DK/GCC_ARM/mbed-os/features/FEATURE_BLE/targets/TARGET_NORDIC/TARGET_NRF5/source/nRF5xGap.o
                0x000000000001ded8                nRF5xGap::setAdvertisingPolicyMode(Gap::AdvertisingPolicyMode_t)
 .text._ZN8nRF5xGap21setScanningPolicyModeEN3Gap20ScanningPolicyMode_tE
                0x000000000001dee0        0x8 ./BUILD/NRF52_DK/GCC_ARM/mbed-os/features/FEATURE_BLE/targets/TARGET_NORDIC/TARGET_NRF5/source/nRF5xGap.o
                0x000000000001dee0                nRF5xGap::setScanningPolicyMode(Gap::ScanningPolicyMode_t)
 .text._ZN8nRF5xGap22setInitiatorPolicyModeEN3Gap21InitiatorPolicyMode_tE
                0x000000000001dee8        0x4 ./BUILD/NRF52_DK/GCC_ARM/mbed-os/features/FEATURE_BLE/targets/TARGET_NORDIC/TARGET_NRF5/source/nRF5xGap.o
                0x000000000001dee8                nRF5xGap::setInitiatorPolicyMode(Gap::InitiatorPolicyMode_t)
 .text._ZNK8nRF5xGap24getAdvertisingPolicyModeEv
                0x000000000001deec        0x6 ./BUILD/NRF52_DK/GCC_ARM/mbed-os/features/FEATURE_BLE/targets/TARGET_NORDIC/TARGET_NRF5/source/nRF5xGap.o
                0x000000000001deec                nRF5xGap::getAdvertisingPolicyMode() const
 .text._ZNK8nRF5xGap21getScanningPolicyModeEv
                0x000000000001def2        0x6 ./BUILD/NRF52_DK/GCC_ARM/mbed-os/features/FEATURE_BLE/targets/TARGET_NORDIC/TARGET_NRF5/source/nRF5xGap.o
                0x000000000001def2                nRF5xGap::getScanningPolicyMode() const
 .text._ZNK8nRF5xGap22getInitiatorPolicyModeEv
                0x000000000001def8        0x4 ./BUILD/NRF52_DK/GCC_ARM/mbed-os/features/FEATURE_BLE/targets/TARGET_NORDIC/TARGET_NRF5/source/nRF5xGap.o
                0x000000000001def8                nRF5xGap::getInitiatorPolicyMode() const
 .text._ZN26FunctionPointerWithContextIPKN3Gap29AdvertisementCallbackParams_tEE14functioncallerEPKS4_S3_
                0x000000000001defc        0xa ./BUILD/NRF52_DK/GCC_ARM/mbed-os/features/FEATURE_BLE/targets/TARGET_NORDIC/TARGET_NRF5/source/nRF5xGap.o
                0x000000000001defc                FunctionPointerWithContext<Gap::AdvertisementCallbackParams_t const*>::functioncaller(FunctionPointerWithContext<Gap::AdvertisementCallbackParams_t const*> const*, Gap::AdvertisementCallbackParams_t const*)
 .text._ZN26FunctionPointerWithContextIbE14functioncallerEPKS0_b
                0x000000000001df06        0xa ./BUILD/NRF52_DK/GCC_ARM/mbed-os/features/FEATURE_BLE/targets/TARGET_NORDIC/TARGET_NRF5/source/nRF5xGap.o
                0x000000000001df06                FunctionPointerWithContext<bool>::functioncaller(FunctionPointerWithContext<bool> const*, bool)
 .text._ZN8nRF5xGap29postRadioNotificationCallbackEv
                0x000000000001df10        0xa ./BUILD/NRF52_DK/GCC_ARM/mbed-os/features/FEATURE_BLE/targets/TARGET_NORDIC/TARGET_NRF5/source/nRF5xGap.o
                0x000000000001df10                nRF5xGap::postRadioNotificationCallback()
 .text._ZN4mbed8CallbackIFvvEE13function_moveINS2_14method_contextI8nRF5xGapMS5_FvvEEEEEvPvPKv
                0x000000000001df1a        0xc ./BUILD/NRF52_DK/GCC_ARM/mbed-os/features/FEATURE_BLE/targets/TARGET_NORDIC/TARGET_NRF5/source/nRF5xGap.o
                0x000000000001df1a                void mbed::Callback<void ()>::function_move<mbed::Callback<void ()>::method_context<nRF5xGap, void (nRF5xGap::*)()> >(void*, void const*)
 .text._ZN4mbed8CallbackIFvvEE13function_dtorINS2_14method_contextI8nRF5xGapMS5_FvvEEEEEvPv
                0x000000000001df26        0x2 ./BUILD/NRF52_DK/GCC_ARM/mbed-os/features/FEATURE_BLE/targets/TARGET_NORDIC/TARGET_NRF5/source/nRF5xGap.o
                0x000000000001df26                void mbed::Callback<void ()>::function_dtor<mbed::Callback<void ()>::method_context<nRF5xGap, void (nRF5xGap::*)()> >(void*)
 .text._ZN4mbed8CallbackIFvvEE13function_callINS2_14method_contextI8nRF5xGapMS5_FvvEEEEEvPKv
                0x000000000001df28       0x18 ./BUILD/NRF52_DK/GCC_ARM/mbed-os/features/FEATURE_BLE/targets/TARGET_NORDIC/TARGET_NRF5/source/nRF5xGap.o
                0x000000000001df28                void mbed::Callback<void ()>::function_call<mbed::Callback<void ()>::method_context<nRF5xGap, void (nRF5xGap::*)()> >(void const*)
 .text._ZN8nRF5xGap10setAddressEN11BLEProtocol11AddressType4TypeEPKh
                0x000000000001df40       0x34 ./BUILD/NRF52_DK/GCC_ARM/mbed-os/features/FEATURE_BLE/targets/TARGET_NORDIC/TARGET_NRF5/source/nRF5xGap.o
                0x000000000001df40                nRF5xGap::setAddress(BLEProtocol::AddressType::Type, unsigned char const*)
 .text._ZN8nRF5xGap10getAddressEPN11BLEProtocol11AddressType4TypeEPh
                0x000000000001df74       0x32 ./BUILD/NRF52_DK/GCC_ARM/mbed-os/features/FEATURE_BLE/targets/TARGET_NORDIC/TARGET_NRF5/source/nRF5xGap.o
                0x000000000001df74                nRF5xGap::getAddress(BLEProtocol::AddressType::Type*, unsigned char*)
 .text._ZNK8nRF5xGap12getWhitelistERN3Gap11Whitelist_tE
                0x000000000001dfa6       0x38 ./BUILD/NRF52_DK/GCC_ARM/mbed-os/features/FEATURE_BLE/targets/TARGET_NORDIC/TARGET_NRF5/source/nRF5xGap.o
                0x000000000001dfa6                nRF5xGap::getWhitelist(Gap::Whitelist_t&) const
 .text._ZN8nRF5xGap13setDeviceNameEPKh
                0x000000000001dfde       0x34 ./BUILD/NRF52_DK/GCC_ARM/mbed-os/features/FEATURE_BLE/targets/TARGET_NORDIC/TARGET_NRF5/source/nRF5xGap.o
                0x000000000001dfde                nRF5xGap::setDeviceName(unsigned char const*)
 *fill*         0x000000000001e012        0x2 
 .text._ZN8nRF5xGap21initRadioNotificationEv
                0x000000000001e014       0x1c ./BUILD/NRF52_DK/GCC_ARM/mbed-os/features/FEATURE_BLE/targets/TARGET_NORDIC/TARGET_NRF5/source/nRF5xGap.o
                0x000000000001e014                nRF5xGap::initRadioNotification()
 .text._ZN8nRF5xGap12setWhitelistERKN3Gap11Whitelist_tE
                0x000000000001e030       0x7a ./BUILD/NRF52_DK/GCC_ARM/mbed-os/features/FEATURE_BLE/targets/TARGET_NORDIC/TARGET_NRF5/source/nRF5xGap.o
                0x000000000001e030                nRF5xGap::setWhitelist(Gap::Whitelist_t const&)
 .text._ZN8nRF5xGap18setAdvertisingDataERK18GapAdvertisingDataS2_
                0x000000000001e0aa       0x2c ./BUILD/NRF52_DK/GCC_ARM/mbed-os/features/FEATURE_BLE/targets/TARGET_NORDIC/TARGET_NRF5/source/nRF5xGap.o
                0x000000000001e0aa                nRF5xGap::setAdvertisingData(GapAdvertisingData const&, GapAdvertisingData const&)
 *fill*         0x000000000001e0d6        0x2 
 .text._ZN3Gap5resetEv
                0x000000000001e0d8       0xec ./BUILD/NRF52_DK/GCC_ARM/mbed-os/features/FEATURE_BLE/targets/TARGET_NORDIC/TARGET_NRF5/source/nRF5xGap.o
                0x000000000001e0d8                Gap::reset()
 .text._ZN8nRF5xGap5resetEv
                0x000000000001e1c4       0x24 ./BUILD/NRF52_DK/GCC_ARM/mbed-os/features/FEATURE_BLE/targets/TARGET_NORDIC/TARGET_NRF5/source/nRF5xGap.o
                0x000000000001e1c4                nRF5xGap::reset()
 .text._ZN8nRF5xGap19setConnectionHandleEt
                0x000000000001e1e8        0x6 ./BUILD/NRF52_DK/GCC_ARM/mbed-os/features/FEATURE_BLE/targets/TARGET_NORDIC/TARGET_NRF5/source/nRF5xGap.o
                0x000000000001e1e8                nRF5xGap::setConnectionHandle(unsigned short)
 .text._ZN8nRF5xGap19getConnectionHandleEv
                0x000000000001e1ee        0x6 ./BUILD/NRF52_DK/GCC_ARM/mbed-os/features/FEATURE_BLE/targets/TARGET_NORDIC/TARGET_NRF5/source/nRF5xGap.o
                0x000000000001e1ee                nRF5xGap::getConnectionHandle()
 .text._ZN8nRF5xGap22generateStackWhitelistER19ble_gap_whitelist_t
                0x000000000001e1f4       0xda ./BUILD/NRF52_DK/GCC_ARM/mbed-os/features/FEATURE_BLE/targets/TARGET_NORDIC/TARGET_NRF5/source/nRF5xGap.o
                0x000000000001e1f4                nRF5xGap::generateStackWhitelist(ble_gap_whitelist_t&)
 .text._ZN8nRF5xGap16startAdvertisingERK20GapAdvertisingParams
                0x000000000001e2ce       0x9a ./BUILD/NRF52_DK/GCC_ARM/mbed-os/features/FEATURE_BLE/targets/TARGET_NORDIC/TARGET_NRF5/source/nRF5xGap.o
                0x000000000001e2ce                nRF5xGap::startAdvertising(GapAdvertisingParams const&)
 .text._ZN8nRF5xGap14startRadioScanERK17GapScanningParams
                0x000000000001e368       0x6a ./BUILD/NRF52_DK/GCC_ARM/mbed-os/features/FEATURE_BLE/targets/TARGET_NORDIC/TARGET_NRF5/source/nRF5xGap.o
                0x000000000001e368                nRF5xGap::startRadioScan(GapScanningParams const&)
 .text._ZN8nRF5xGap7connectEPKhN11BLEProtocol11AddressType4TypeEPKN3Gap18ConnectionParams_tEPK17GapScanningParams
                0x000000000001e3d2       0xfc ./BUILD/NRF52_DK/GCC_ARM/mbed-os/features/FEATURE_BLE/targets/TARGET_NORDIC/TARGET_NRF5/source/nRF5xGap.o
                0x000000000001e3d2                nRF5xGap::connect(unsigned char const*, BLEProtocol::AddressType::Type, Gap::ConnectionParams_t const*, GapScanningParams const*)
 *fill*         0x000000000001e4ce        0x2 
 .text._Z31radioNotificationStaticCallbackb
                0x000000000001e4d0       0x60 ./BUILD/NRF52_DK/GCC_ARM/mbed-os/features/FEATURE_BLE/targets/TARGET_NORDIC/TARGET_NRF5/source/nRF5xGap.o
                0x000000000001e4d0                radioNotificationStaticCallback(bool)
 .text._ZN10GattClient16discoverServicesEt26FunctionPointerWithContextIPK17DiscoveredServiceEtt
                0x000000000001e530        0x4 ./BUILD/NRF52_DK/GCC_ARM/mbed-os/features/FEATURE_BLE/targets/TARGET_NORDIC/TARGET_NRF5/source/nRF5xGattClient.o
                0x000000000001e530                GattClient::discoverServices(unsigned short, FunctionPointerWithContext<DiscoveredService const*>, unsigned short, unsigned short)
 .text._ZNK10GattClient41isCharacteristicDescriptorDiscoveryActiveERK24DiscoveredCharacteristic
                0x000000000001e534        0x4 ./BUILD/NRF52_DK/GCC_ARM/mbed-os/features/FEATURE_BLE/targets/TARGET_NORDIC/TARGET_NRF5/source/nRF5xGattClient.o
                0x000000000001e534                GattClient::isCharacteristicDescriptorDiscoveryActive(DiscoveredCharacteristic const&) const
 .text._ZN10GattClient42terminateCharacteristicDescriptorDiscoveryERK24DiscoveredCharacteristic
                0x000000000001e538        0x2 ./BUILD/NRF52_DK/GCC_ARM/mbed-os/features/FEATURE_BLE/targets/TARGET_NORDIC/TARGET_NRF5/source/nRF5xGattClient.o
                0x000000000001e538                GattClient::terminateCharacteristicDescriptorDiscovery(DiscoveredCharacteristic const&)
 .text.sd_ble_gattc_primary_services_discover
                0x000000000001e53a        0x4 ./BUILD/NRF52_DK/GCC_ARM/mbed-os/features/FEATURE_BLE/targets/TARGET_NORDIC/TARGET_NRF5/source/nRF5xGattClient.o
 .text.sd_ble_gattc_read
                0x000000000001e53e        0x4 ./BUILD/NRF52_DK/GCC_ARM/mbed-os/features/FEATURE_BLE/targets/TARGET_NORDIC/TARGET_NRF5/source/nRF5xGattClient.o
 .text.sd_ble_gattc_write
                0x000000000001e542        0x4 ./BUILD/NRF52_DK/GCC_ARM/mbed-os/features/FEATURE_BLE/targets/TARGET_NORDIC/TARGET_NRF5/source/nRF5xGattClient.o
 .text._ZNK15nRF5xGattClient24isServiceDiscoveryActiveEv
                0x000000000001e546        0xc ./BUILD/NRF52_DK/GCC_ARM/mbed-os/features/FEATURE_BLE/targets/TARGET_NORDIC/TARGET_NRF5/source/nRF5xGattClient.o
                0x000000000001e546                nRF5xGattClient::isServiceDiscoveryActive() const
 .text._ZNK15nRF5xGattClient4readEttt
                0x000000000001e552       0x18 ./BUILD/NRF52_DK/GCC_ARM/mbed-os/features/FEATURE_BLE/targets/TARGET_NORDIC/TARGET_NRF5/source/nRF5xGattClient.o
                0x000000000001e552                nRF5xGattClient::read(unsigned short, unsigned short, unsigned short) const
 .text._ZNK15nRF5xGattClient5writeEN10GattClient9WriteOp_tEttjPKh
                0x000000000001e56a       0x42 ./BUILD/NRF52_DK/GCC_ARM/mbed-os/features/FEATURE_BLE/targets/TARGET_NORDIC/TARGET_NRF5/source/nRF5xGattClient.o
                0x000000000001e56a                nRF5xGattClient::write(GattClient::WriteOp_t, unsigned short, unsigned short, unsigned int, unsigned char const*) const
 .text._ZN26FunctionPointerWithContextIPK17DiscoveredServiceE14functioncallerEPKS3_S2_
                0x000000000001e5ac        0xa ./BUILD/NRF52_DK/GCC_ARM/mbed-os/features/FEATURE_BLE/targets/TARGET_NORDIC/TARGET_NRF5/source/nRF5xGattClient.o
                0x000000000001e5ac                FunctionPointerWithContext<DiscoveredService const*>::functioncaller(FunctionPointerWithContext<DiscoveredService const*> const*, DiscoveredService const*)
 .text._ZN26FunctionPointerWithContextIPK24DiscoveredCharacteristicE14functioncallerEPKS3_S2_
                0x000000000001e5b6        0xa ./BUILD/NRF52_DK/GCC_ARM/mbed-os/features/FEATURE_BLE/targets/TARGET_NORDIC/TARGET_NRF5/source/nRF5xGattClient.o
                0x000000000001e5b6                FunctionPointerWithContext<DiscoveredCharacteristic const*>::functioncaller(FunctionPointerWithContext<DiscoveredCharacteristic const*> const*, DiscoveredCharacteristic const*)
 .text._ZN26FunctionPointerWithContextItE14functioncallerEPKS0_t
                0x000000000001e5c0        0xa ./BUILD/NRF52_DK/GCC_ARM/mbed-os/features/FEATURE_BLE/targets/TARGET_NORDIC/TARGET_NRF5/source/nRF5xGattClient.o
                0x000000000001e5c0                FunctionPointerWithContext<unsigned short>::functioncaller(FunctionPointerWithContext<unsigned short> const*, unsigned short)
 .text._ZN15nRF5xGattClient33discoverCharacteristicDescriptorsERK24DiscoveredCharacteristicRK26FunctionPointerWithContextIPKN33CharacteristicDescriptorDiscovery25DiscoveryCallbackParams_tEERKS3_IPKNS4_27TerminationCallbackParams_tEE
                0x000000000001e5ca        0x8 ./BUILD/NRF52_DK/GCC_ARM/mbed-os/features/FEATURE_BLE/targets/TARGET_NORDIC/TARGET_NRF5/source/nRF5xGattClient.o
                0x000000000001e5ca                nRF5xGattClient::discoverCharacteristicDescriptors(DiscoveredCharacteristic const&, FunctionPointerWithContext<CharacteristicDescriptorDiscovery::DiscoveryCallbackParams_t const*> const&, FunctionPointerWithContext<CharacteristicDescriptorDiscovery::TerminationCallbackParams_t const*> const&)
 .text._ZNK15nRF5xGattClient42isCharacteristicDescriptorsDiscoveryActiveERK24DiscoveredCharacteristic
                0x000000000001e5d2        0x8 ./BUILD/NRF52_DK/GCC_ARM/mbed-os/features/FEATURE_BLE/targets/TARGET_NORDIC/TARGET_NRF5/source/nRF5xGattClient.o
                0x000000000001e5d2                nRF5xGattClient::isCharacteristicDescriptorsDiscoveryActive(DiscoveredCharacteristic const&) const
 .text._ZN15nRF5xGattClient43terminateCharacteristicDescriptorsDiscoveryERK24DiscoveredCharacteristic
                0x000000000001e5da        0x8 ./BUILD/NRF52_DK/GCC_ARM/mbed-os/features/FEATURE_BLE/targets/TARGET_NORDIC/TARGET_NRF5/source/nRF5xGattClient.o
                0x000000000001e5da                nRF5xGattClient::terminateCharacteristicDescriptorsDiscovery(DiscoveredCharacteristic const&)
 .text._ZN15nRF5xGattClient29onServiceDiscoveryTerminationE26FunctionPointerWithContextItE
                0x000000000001e5e2       0x28 ./BUILD/NRF52_DK/GCC_ARM/mbed-os/features/FEATURE_BLE/targets/TARGET_NORDIC/TARGET_NRF5/source/nRF5xGattClient.o
                0x000000000001e5e2                nRF5xGattClient::onServiceDiscoveryTermination(FunctionPointerWithContext<unsigned short>)
 *fill*         0x000000000001e60a        0x2 
 .text._ZN10GattClient16discoverServicesEt26FunctionPointerWithContextIPK17DiscoveredServiceERK4UUID
                0x000000000001e60c       0x50 ./BUILD/NRF52_DK/GCC_ARM/mbed-os/features/FEATURE_BLE/targets/TARGET_NORDIC/TARGET_NRF5/source/nRF5xGattClient.o
                0x000000000001e60c                GattClient::discoverServices(unsigned short, FunctionPointerWithContext<DiscoveredService const*>, UUID const&)
 .text._ZN16ServiceDiscovery5resetEv
                0x000000000001e65c       0x84 ./BUILD/NRF52_DK/GCC_ARM/mbed-os/features/FEATURE_BLE/targets/TARGET_NORDIC/TARGET_NRF5/source/nRF5xGattClient.o
                0x000000000001e65c                ServiceDiscovery::reset()
 .text._ZN10GattClient5resetEv
                0x000000000001e6e0       0x5e ./BUILD/NRF52_DK/GCC_ARM/mbed-os/features/FEATURE_BLE/targets/TARGET_NORDIC/TARGET_NRF5/source/nRF5xGattClient.o
                0x000000000001e6e0                GattClient::reset()
 *fill*         0x000000000001e73e        0x2 
 .text._ZN15nRF5xGattClient5resetEv
                0x000000000001e740       0x84 ./BUILD/NRF52_DK/GCC_ARM/mbed-os/features/FEATURE_BLE/targets/TARGET_NORDIC/TARGET_NRF5/source/nRF5xGattClient.o
                0x000000000001e740                nRF5xGattClient::reset()
 .text._ZN21nRF5xServiceDiscovery25terminateServiceDiscoveryEv
                0x000000000001e7c4       0x7c ./BUILD/NRF52_DK/GCC_ARM/mbed-os/features/FEATURE_BLE/targets/TARGET_NORDIC/TARGET_NRF5/source/nRF5xGattClient.o
                0x000000000001e7c4                nRF5xServiceDiscovery::terminateServiceDiscovery()
 .text._ZN15nRF5xGattClient25terminateServiceDiscoveryEv
                0x000000000001e840        0xa ./BUILD/NRF52_DK/GCC_ARM/mbed-os/features/FEATURE_BLE/targets/TARGET_NORDIC/TARGET_NRF5/source/nRF5xGattClient.o
                0x000000000001e840                nRF5xGattClient::terminateServiceDiscovery()
 .text._ZN15nRF5xGattClient22launchServiceDiscoveryEt26FunctionPointerWithContextIPK17DiscoveredServiceES0_IPK24DiscoveredCharacteristicERK4UUIDSB_
                0x000000000001e84a       0xd0 ./BUILD/NRF52_DK/GCC_ARM/mbed-os/features/FEATURE_BLE/targets/TARGET_NORDIC/TARGET_NRF5/source/nRF5xGattClient.o
                0x000000000001e84a                nRF5xGattClient::launchServiceDiscovery(unsigned short, FunctionPointerWithContext<DiscoveredService const*>, FunctionPointerWithContext<DiscoveredCharacteristic const*>, UUID const&, UUID const&)
 .text.sd_ble_gatts_service_add
                0x000000000001e91a        0x4 ./BUILD/NRF52_DK/GCC_ARM/mbed-os/features/FEATURE_BLE/targets/TARGET_NORDIC/TARGET_NRF5/source/nRF5xGattServer.o
 .text.sd_ble_gatts_value_set
                0x000000000001e91e        0x4 ./BUILD/NRF52_DK/GCC_ARM/mbed-os/features/FEATURE_BLE/targets/TARGET_NORDIC/TARGET_NRF5/source/nRF5xGattServer.o
 .text.sd_ble_gatts_value_get
                0x000000000001e922        0x4 ./BUILD/NRF52_DK/GCC_ARM/mbed-os/features/FEATURE_BLE/targets/TARGET_NORDIC/TARGET_NRF5/source/nRF5xGattServer.o
 .text.sd_ble_gatts_hvx
                0x000000000001e926        0x4 ./BUILD/NRF52_DK/GCC_ARM/mbed-os/features/FEATURE_BLE/targets/TARGET_NORDIC/TARGET_NRF5/source/nRF5xGattServer.o
 .text.sd_ble_gatts_rw_authorize_reply
                0x000000000001e92a        0x4 ./BUILD/NRF52_DK/GCC_ARM/mbed-os/features/FEATURE_BLE/targets/TARGET_NORDIC/TARGET_NRF5/source/nRF5xGattServer.o
 .text.sd_ble_gatts_sys_attr_set
                0x000000000001e92e        0x4 ./BUILD/NRF52_DK/GCC_ARM/mbed-os/features/FEATURE_BLE/targets/TARGET_NORDIC/TARGET_NRF5/source/nRF5xGattServer.o
 .text.sd_ble_user_mem_reply
                0x000000000001e932        0x4 ./BUILD/NRF52_DK/GCC_ARM/mbed-os/features/FEATURE_BLE/targets/TARGET_NORDIC/TARGET_NRF5/source/nRF5xGattServer.o
 .text._ZNK10GattServer21isOnDataReadAvailableEv
                0x000000000001e936        0x4 ./BUILD/NRF52_DK/GCC_ARM/mbed-os/features/FEATURE_BLE/targets/TARGET_NORDIC/TARGET_NRF5/source/nRF5xGattServer.o
                0x000000000001e936                GattServer::isOnDataReadAvailable() const
 .text._ZN15nRF5xGattServer4readEtPhPt
                0x000000000001e93a       0x16 ./BUILD/NRF52_DK/GCC_ARM/mbed-os/features/FEATURE_BLE/targets/TARGET_NORDIC/TARGET_NRF5/source/nRF5xGattServer.o
                0x000000000001e93a                nRF5xGattServer::read(unsigned short, unsigned char*, unsigned short*)
 .text._ZN15nRF5xGattServer4readEttPhPt
                0x000000000001e950       0x2a ./BUILD/NRF52_DK/GCC_ARM/mbed-os/features/FEATURE_BLE/targets/TARGET_NORDIC/TARGET_NRF5/source/nRF5xGattServer.o
                0x000000000001e950                nRF5xGattServer::read(unsigned short, unsigned short, unsigned char*, unsigned short*)
 .text._ZN15nRF5xGattServer5writeEtPKhtb
                0x000000000001e97a       0x1c ./BUILD/NRF52_DK/GCC_ARM/mbed-os/features/FEATURE_BLE/targets/TARGET_NORDIC/TARGET_NRF5/source/nRF5xGattServer.o
                0x000000000001e97a                nRF5xGattServer::write(unsigned short, unsigned char const*, unsigned short, bool)
 .text._ZN15nRF5xGattServer17areUpdatesEnabledERK18GattCharacteristicPb
                0x000000000001e996       0x2e ./BUILD/NRF52_DK/GCC_ARM/mbed-os/features/FEATURE_BLE/targets/TARGET_NORDIC/TARGET_NRF5/source/nRF5xGattServer.o
                0x000000000001e996                nRF5xGattServer::areUpdatesEnabled(GattCharacteristic const&, bool*)
 .text._ZN15nRF5xGattServer17areUpdatesEnabledEtRK18GattCharacteristicPb
                0x000000000001e9c4       0x5e ./BUILD/NRF52_DK/GCC_ARM/mbed-os/features/FEATURE_BLE/targets/TARGET_NORDIC/TARGET_NRF5/source/nRF5xGattServer.o
                0x000000000001e9c4                nRF5xGattServer::areUpdatesEnabled(unsigned short, GattCharacteristic const&, bool*)
 .text._ZN15nRF5xGattServer5writeEttPKhtb
                0x000000000001ea22      0x118 ./BUILD/NRF52_DK/GCC_ARM/mbed-os/features/FEATURE_BLE/targets/TARGET_NORDIC/TARGET_NRF5/source/nRF5xGattServer.o
                0x000000000001ea22                nRF5xGattServer::write(unsigned short, unsigned short, unsigned char const*, unsigned short, bool)
 .text._ZN15nRF5xGattServer10addServiceER11GattService
                0x000000000001eb3a      0x1c4 ./BUILD/NRF52_DK/GCC_ARM/mbed-os/features/FEATURE_BLE/targets/TARGET_NORDIC/TARGET_NRF5/source/nRF5xGattServer.o
                0x000000000001eb3a                nRF5xGattServer::addService(GattService&)
 .text._ZNK15nRF5xGattServer28getBiggestCharacteristicSizeEv
                0x000000000001ecfe       0x22 ./BUILD/NRF52_DK/GCC_ARM/mbed-os/features/FEATURE_BLE/targets/TARGET_NORDIC/TARGET_NRF5/source/nRF5xGattServer.o
                0x000000000001ecfe                nRF5xGattServer::getBiggestCharacteristicSize() const
 .text._ZN15nRF5xGattServer24allocateLongWriteRequestEt
                0x000000000001ed20       0x4e ./BUILD/NRF52_DK/GCC_ARM/mbed-os/features/FEATURE_BLE/targets/TARGET_NORDIC/TARGET_NRF5/source/nRF5xGattServer.o
                0x000000000001ed20                nRF5xGattServer::allocateLongWriteRequest(unsigned short)
 .text._ZN15nRF5xGattServer20findLongWriteRequestEt
                0x000000000001ed6e       0x2e ./BUILD/NRF52_DK/GCC_ARM/mbed-os/features/FEATURE_BLE/targets/TARGET_NORDIC/TARGET_NRF5/source/nRF5xGattServer.o
                0x000000000001ed6e                nRF5xGattServer::findLongWriteRequest(unsigned short)
 .text._ZN15nRF5xGattServer23releaseLongWriteRequestEt
                0x000000000001ed9c       0x1a ./BUILD/NRF52_DK/GCC_ARM/mbed-os/features/FEATURE_BLE/targets/TARGET_NORDIC/TARGET_NRF5/source/nRF5xGattServer.o
                0x000000000001ed9c                nRF5xGattServer::releaseLongWriteRequest(unsigned short)
 .text._ZN15nRF5xGattServer23releaseAllWriteRequestsEv
                0x000000000001edb6       0x20 ./BUILD/NRF52_DK/GCC_ARM/mbed-os/features/FEATURE_BLE/targets/TARGET_NORDIC/TARGET_NRF5/source/nRF5xGattServer.o
                0x000000000001edb6                nRF5xGattServer::releaseAllWriteRequests()
 *fill*         0x000000000001edd6        0x2 
 .text._ZN26FunctionPointerWithContextItEC2EPFvtE
                0x000000000001edd8       0x14 ./BUILD/NRF52_DK/GCC_ARM/mbed-os/features/FEATURE_BLE/targets/TARGET_NORDIC/TARGET_NRF5/source/nRF5xGattServer.o
                0x000000000001edd8                FunctionPointerWithContext<unsigned short>::FunctionPointerWithContext(void (*)(unsigned short))
                0x000000000001edd8                FunctionPointerWithContext<unsigned short>::FunctionPointerWithContext(void (*)(unsigned short))
 .text._ZN10GattServer5resetEv
                0x000000000001edec       0xba ./BUILD/NRF52_DK/GCC_ARM/mbed-os/features/FEATURE_BLE/targets/TARGET_NORDIC/TARGET_NRF5/source/nRF5xGattServer.o
                0x000000000001edec                GattServer::reset()
 .text._ZN15nRF5xGattServer5resetEv
                0x000000000001eea6       0x4e ./BUILD/NRF52_DK/GCC_ARM/mbed-os/features/FEATURE_BLE/targets/TARGET_NORDIC/TARGET_NRF5/source/nRF5xGattServer.o
                0x000000000001eea6                nRF5xGattServer::reset()
 .text._ZNK38CallChainOfFunctionPointersWithContextIPK23GattWriteCallbackParamsE4callES2_
                0x000000000001eef4       0x20 ./BUILD/NRF52_DK/GCC_ARM/mbed-os/features/FEATURE_BLE/targets/TARGET_NORDIC/TARGET_NRF5/source/nRF5xGattServer.o
                0x000000000001eef4                CallChainOfFunctionPointersWithContext<GattWriteCallbackParams const*>::call(GattWriteCallbackParams const*) const
 .text._ZNK26FunctionPointerWithContextItE4callEt
                0x000000000001ef14        0x4 ./BUILD/NRF52_DK/GCC_ARM/mbed-os/features/FEATURE_BLE/targets/TARGET_NORDIC/TARGET_NRF5/source/nRF5xGattServer.o
                0x000000000001ef14                FunctionPointerWithContext<unsigned short>::call(unsigned short) const
 .text._ZN10GattServer11handleEventEN16GattServerEvents11gattEvent_eEt
                0x000000000001ef18       0x48 ./BUILD/NRF52_DK/GCC_ARM/mbed-os/features/FEATURE_BLE/targets/TARGET_NORDIC/TARGET_NRF5/source/nRF5xGattServer.o
                0x000000000001ef18                GattServer::handleEvent(GattServerEvents::gattEvent_e, unsigned short)
 .text._ZN15nRF5xGattServer10hwCallbackEP9ble_evt_t
                0x000000000001ef60      0x3f0 ./BUILD/NRF52_DK/GCC_ARM/mbed-os/features/FEATURE_BLE/targets/TARGET_NORDIC/TARGET_NRF5/source/nRF5xGattServer.o
                0x000000000001ef60                nRF5xGattServer::hwCallback(ble_evt_t*)
 .text.sd_ble_gattc_primary_services_discover
                0x000000000001f350        0x4 ./BUILD/NRF52_DK/GCC_ARM/mbed-os/features/FEATURE_BLE/targets/TARGET_NORDIC/TARGET_NRF5/source/nRF5xServiceDiscovery.o
 .text.sd_ble_gattc_characteristics_discover
                0x000000000001f354        0x4 ./BUILD/NRF52_DK/GCC_ARM/mbed-os/features/FEATURE_BLE/targets/TARGET_NORDIC/TARGET_NRF5/source/nRF5xServiceDiscovery.o
 .text.sd_ble_gattc_char_value_by_uuid_read
                0x000000000001f358        0x4 ./BUILD/NRF52_DK/GCC_ARM/mbed-os/features/FEATURE_BLE/targets/TARGET_NORDIC/TARGET_NRF5/source/nRF5xServiceDiscovery.o
 .text._ZN24DiscoveredCharacteristicC2Ev
                0x000000000001f35c       0x1e ./BUILD/NRF52_DK/GCC_ARM/mbed-os/features/FEATURE_BLE/targets/TARGET_NORDIC/TARGET_NRF5/source/nRF5xServiceDiscovery.o
                0x000000000001f35c                DiscoveredCharacteristic::DiscoveredCharacteristic()
                0x000000000001f35c                DiscoveredCharacteristic::DiscoveredCharacteristic()
 .text._ZN21nRF5xServiceDiscovery25ServiceUUIDDiscoveryQueue7dequeueEv
                0x000000000001f37a       0x28 ./BUILD/NRF52_DK/GCC_ARM/mbed-os/features/FEATURE_BLE/targets/TARGET_NORDIC/TARGET_NRF5/source/nRF5xServiceDiscovery.o
                0x000000000001f37a                nRF5xServiceDiscovery::ServiceUUIDDiscoveryQueue::dequeue()
 .text._ZN21nRF5xServiceDiscovery22CharUUIDDiscoveryQueue7dequeueEv
                0x000000000001f3a2       0x28 ./BUILD/NRF52_DK/GCC_ARM/mbed-os/features/FEATURE_BLE/targets/TARGET_NORDIC/TARGET_NRF5/source/nRF5xServiceDiscovery.o
                0x000000000001f3a2                nRF5xServiceDiscovery::CharUUIDDiscoveryQueue::dequeue()
 *fill*         0x000000000001f3ca        0x2 
 .text._ZN21nRF5xServiceDiscovery25ServiceUUIDDiscoveryQueue12triggerFirstEv
                0x000000000001f3cc       0x58 ./BUILD/NRF52_DK/GCC_ARM/mbed-os/features/FEATURE_BLE/targets/TARGET_NORDIC/TARGET_NRF5/source/nRF5xServiceDiscovery.o
                0x000000000001f3cc                nRF5xServiceDiscovery::ServiceUUIDDiscoveryQueue::triggerFirst()
 .text._ZN21nRF5xServiceDiscovery23setupDiscoveredServicesEPK34ble_gattc_evt_prim_srvc_disc_rsp_t
                0x000000000001f424       0xbc ./BUILD/NRF52_DK/GCC_ARM/mbed-os/features/FEATURE_BLE/targets/TARGET_NORDIC/TARGET_NRF5/source/nRF5xServiceDiscovery.o
                0x000000000001f424                nRF5xServiceDiscovery::setupDiscoveredServices(ble_gattc_evt_prim_srvc_disc_rsp_t const*)
 .text._ZN21nRF5xServiceDiscovery22CharUUIDDiscoveryQueue12triggerFirstEv
                0x000000000001f4e0       0x58 ./BUILD/NRF52_DK/GCC_ARM/mbed-os/features/FEATURE_BLE/targets/TARGET_NORDIC/TARGET_NRF5/source/nRF5xServiceDiscovery.o
                0x000000000001f4e0                nRF5xServiceDiscovery::CharUUIDDiscoveryQueue::triggerFirst()
 .text._ZN21nRF5xServiceDiscovery30setupDiscoveredCharacteristicsEPK29ble_gattc_evt_char_disc_rsp_t
                0x000000000001f538       0xae ./BUILD/NRF52_DK/GCC_ARM/mbed-os/features/FEATURE_BLE/targets/TARGET_NORDIC/TARGET_NRF5/source/nRF5xServiceDiscovery.o
                0x000000000001f538                nRF5xServiceDiscovery::setupDiscoveredCharacteristics(ble_gattc_evt_char_disc_rsp_t const*)