Archive member included to satisfy reference by file (symbol)

/usr/local/Cellar/arm-none-eabi-gcc/6-2016-q4-update/bin/../lib/gcc/arm-none-eabi/6.2.1/../../../../arm-none-eabi/lib/thumb/v7e-m/fpv4-sp/softfp/libc.a(lib_a-assert.o)
                              ./BUILD/NRF52_DK/GCC_ARM/mbed-os/targets/TARGET_NORDIC/TARGET_NRF5/nordic_critical.o (__assert_func)
/usr/local/Cellar/arm-none-eabi-gcc/6-2016-q4-update/bin/../lib/gcc/arm-none-eabi/6.2.1/../../../../arm-none-eabi/lib/thumb/v7e-m/fpv4-sp/softfp/libc.a(lib_a-callocr.o)
                              ./BUILD/NRF52_DK/GCC_ARM/mbed-os/platform/mbed_alloc_wrappers.o (_calloc_r)
/usr/local/Cellar/arm-none-eabi-gcc/6-2016-q4-update/bin/../lib/gcc/arm-none-eabi/6.2.1/../../../../arm-none-eabi/lib/thumb/v7e-m/fpv4-sp/softfp/libc.a(lib_a-errno.o)
                              ./BUILD/NRF52_DK/GCC_ARM/mbed-os/platform/retarget.o (__errno)
/usr/local/Cellar/arm-none-eabi-gcc/6-2016-q4-update/bin/../lib/gcc/arm-none-eabi/6.2.1/../../../../arm-none-eabi/lib/thumb/v7e-m/fpv4-sp/softfp/libc.a(lib_a-fclose.o)
                              ./BUILD/NRF52_DK/GCC_ARM/mbed-os/drivers/Stream.o (fclose)
/usr/local/Cellar/arm-none-eabi-gcc/6-2016-q4-update/bin/../lib/gcc/arm-none-eabi/6.2.1/../../../../arm-none-eabi/lib/thumb/v7e-m/fpv4-sp/softfp/libc.a(lib_a-fflush.o)
                              /usr/local/Cellar/arm-none-eabi-gcc/6-2016-q4-update/bin/../lib/gcc/arm-none-eabi/6.2.1/../../../../arm-none-eabi/lib/thumb/v7e-m/fpv4-sp/softfp/libc.a(lib_a-fclose.o) (__sflush_r)
/usr/local/Cellar/arm-none-eabi-gcc/6-2016-q4-update/bin/../lib/gcc/arm-none-eabi/6.2.1/../../../../arm-none-eabi/lib/thumb/v7e-m/fpv4-sp/softfp/libc.a(lib_a-fgetc.o)
                              ./BUILD/NRF52_DK/GCC_ARM/mbed-os/platform/retarget.o (fgetc)
/usr/local/Cellar/arm-none-eabi-gcc/6-2016-q4-update/bin/../lib/gcc/arm-none-eabi/6.2.1/../../../../arm-none-eabi/lib/thumb/v7e-m/fpv4-sp/softfp/libc.a(lib_a-fgets.o)
                              ./BUILD/NRF52_DK/GCC_ARM/mbed-os/platform/retarget.o (fgets)
/usr/local/Cellar/arm-none-eabi-gcc/6-2016-q4-update/bin/../lib/gcc/arm-none-eabi/6.2.1/../../../../arm-none-eabi/lib/thumb/v7e-m/fpv4-sp/softfp/libc.a(lib_a-findfp.o)
                              /usr/local/Cellar/arm-none-eabi-gcc/6-2016-q4-update/bin/../lib/gcc/arm-none-eabi/6.2.1/../../../../arm-none-eabi/lib/thumb/v7e-m/fpv4-sp/softfp/libc.a(lib_a-fclose.o) (__sinit)
/usr/local/Cellar/arm-none-eabi-gcc/6-2016-q4-update/bin/../lib/gcc/arm-none-eabi/6.2.1/../../../../arm-none-eabi/lib/thumb/v7e-m/fpv4-sp/softfp/libc.a(lib_a-fiprintf.o)
                              /usr/local/Cellar/arm-none-eabi-gcc/6-2016-q4-update/bin/../lib/gcc/arm-none-eabi/6.2.1/../../../../arm-none-eabi/lib/thumb/v7e-m/fpv4-sp/softfp/libc.a(lib_a-assert.o) (fiprintf)
/usr/local/Cellar/arm-none-eabi-gcc/6-2016-q4-update/bin/../lib/gcc/arm-none-eabi/6.2.1/../../../../arm-none-eabi/lib/thumb/v7e-m/fpv4-sp/softfp/libc.a(lib_a-fopen.o)
                              ./BUILD/NRF52_DK/GCC_ARM/mbed-os/drivers/Stream.o (fopen)
/usr/local/Cellar/arm-none-eabi-gcc/6-2016-q4-update/bin/../lib/gcc/arm-none-eabi/6.2.1/../../../../arm-none-eabi/lib/thumb/v7e-m/fpv4-sp/softfp/libc.a(lib_a-fputc.o)
                              ./BUILD/NRF52_DK/GCC_ARM/mbed-os/drivers/Stream.o (fputc)
/usr/local/Cellar/arm-none-eabi-gcc/6-2016-q4-update/bin/../lib/gcc/arm-none-eabi/6.2.1/../../../../arm-none-eabi/lib/thumb/v7e-m/fpv4-sp/softfp/libc.a(lib_a-fputs.o)
                              ./BUILD/NRF52_DK/GCC_ARM/mbed-os/drivers/Stream.o (fputs)
/usr/local/Cellar/arm-none-eabi-gcc/6-2016-q4-update/bin/../lib/gcc/arm-none-eabi/6.2.1/../../../../arm-none-eabi/lib/thumb/v7e-m/fpv4-sp/softfp/libc.a(lib_a-freer.o)
                              ./BUILD/NRF52_DK/GCC_ARM/mbed-os/platform/mbed_alloc_wrappers.o (_free_r)
/usr/local/Cellar/arm-none-eabi-gcc/6-2016-q4-update/bin/../lib/gcc/arm-none-eabi/6.2.1/../../../../arm-none-eabi/lib/thumb/v7e-m/fpv4-sp/softfp/libc.a(lib_a-fseek.o)
                              /usr/local/Cellar/arm-none-eabi-gcc/6-2016-q4-update/bin/../lib/gcc/arm-none-eabi/6.2.1/../../../../arm-none-eabi/lib/thumb/v7e-m/fpv4-sp/softfp/libc.a(lib_a-fopen.o) (_fseek_r)
/usr/local/Cellar/arm-none-eabi-gcc/6-2016-q4-update/bin/../lib/gcc/arm-none-eabi/6.2.1/../../../../arm-none-eabi/lib/thumb/v7e-m/fpv4-sp/softfp/libc.a(lib_a-fseeko.o)
                              /usr/local/Cellar/arm-none-eabi-gcc/6-2016-q4-update/bin/../lib/gcc/arm-none-eabi/6.2.1/../../../../arm-none-eabi/lib/thumb/v7e-m/fpv4-sp/softfp/libc.a(lib_a-fseek.o) (_fseeko_r)
/usr/local/Cellar/arm-none-eabi-gcc/6-2016-q4-update/bin/../lib/gcc/arm-none-eabi/6.2.1/../../../../arm-none-eabi/lib/thumb/v7e-m/fpv4-sp/softfp/libc.a(lib_a-fstatr.o)
                              /usr/local/Cellar/arm-none-eabi-gcc/6-2016-q4-update/bin/../lib/gcc/arm-none-eabi/6.2.1/../../../../arm-none-eabi/lib/thumb/v7e-m/fpv4-sp/softfp/libc.a(lib_a-fseeko.o) (_fstat_r)
[...]
Memory Configuration

Name             Origin             Length             Attributes
FLASH            0x000000000001c000 0x0000000000064000 xr
RAM              0x0000000020002ef8 0x000000000000d108 xrw
*default*        0x0000000000000000 0xffffffffffffffff

Linker script and memory map

LOAD /usr/local/Cellar/arm-none-eabi-gcc/6-2016-q4-update/bin/../lib/gcc/arm-none-eabi/6.2.1/thumb/v7e-m/fpv4-sp/softfp/crti.o
LOAD /usr/local/Cellar/arm-none-eabi-gcc/6-2016-q4-update/bin/../lib/gcc/arm-none-eabi/6.2.1/thumb/v7e-m/fpv4-sp/softfp/crtbegin.o
LOAD /usr/local/Cellar/arm-none-eabi-gcc/6-2016-q4-update/bin/../lib/gcc/arm-none-eabi/6.2.1/../../../../arm-none-eabi/lib/thumb/v7e-m/fpv4-sp/softfp/crt0.o
LOAD ./BUILD/NRF52_DK/GCC_ARM/./test_env.o
LOAD ./BUILD/NRF52_DK/GCC_ARM/mbed-os/drivers/AnalogIn.o
LOAD ./BUILD/NRF52_DK/GCC_ARM/mbed-os/drivers/BusIn.o
LOAD ./BUILD/NRF52_DK/GCC_ARM/mbed-os/drivers/BusInOut.o
LOAD ./BUILD/NRF52_DK/GCC_ARM/mbed-os/drivers/BusOut.o
LOAD ./BUILD/NRF52_DK/GCC_ARM/mbed-os/drivers/CAN.o
LOAD ./BUILD/NRF52_DK/GCC_ARM/mbed-os/drivers/Ethernet.o
LOAD ./BUILD/NRF52_DK/GCC_ARM/mbed-os/drivers/FileBase.o
LOAD ./BUILD/NRF52_DK/GCC_ARM/mbed-os/drivers/FileLike.o
LOAD ./BUILD/NRF52_DK/GCC_ARM/mbed-os/drivers/FilePath.o
LOAD ./BUILD/NRF52_DK/GCC_ARM/mbed-os/drivers/FileSystemLike.o
LOAD ./BUILD/NRF52_DK/GCC_ARM/mbed-os/drivers/I2C.o
LOAD ./BUILD/NRF52_DK/GCC_ARM/mbed-os/drivers/I2CSlave.o
LOAD ./BUILD/NRF52_DK/GCC_ARM/mbed-os/drivers/InterruptIn.o
LOAD ./BUILD/NRF52_DK/GCC_ARM/mbed-os/drivers/InterruptManager.o
LOAD ./BUILD/NRF52_DK/GCC_ARM/mbed-os/drivers/LocalFileSystem.o
LOAD ./BUILD/NRF52_DK/GCC_ARM/mbed-os/drivers/RawSerial.o
LOAD ./BUILD/NRF52_DK/GCC_ARM/mbed-os/drivers/SPI.o
LOAD ./BUILD/NRF52_DK/GCC_ARM/mbed-os/drivers/SPISlave.o
LOAD ./BUILD/NRF52_DK/GCC_ARM/mbed-os/drivers/Serial.o
LOAD ./BUILD/NRF52_DK/GCC_ARM/mbed-os/drivers/SerialBase.o
LOAD ./BUILD/NRF52_DK/GCC_ARM/mbed-os/drivers/Stream.o
LOAD ./BUILD/NRF52_DK/GCC_ARM/mbed-os/drivers/Ticker.o
LOAD ./BUILD/NRF52_DK/GCC_ARM/mbed-os/drivers/Timeout.o
LOAD ./BUILD/NRF52_DK/GCC_ARM/mbed-os/drivers/Timer.o
LOAD ./BUILD/NRF52_DK/GCC_ARM/mbed-os/drivers/TimerEvent.o
LOAD ./BUILD/NRF52_DK/GCC_ARM/mbed-os/events/EventQueue.o
LOAD ./BUILD/NRF52_DK/GCC_ARM/mbed-os/events/equeue/equeue.o
LOAD ./BUILD/NRF52_DK/GCC_ARM/mbed-os/events/equeue/equeue_mbed.o
LOAD ./BUILD/NRF52_DK/GCC_ARM/mbed-os/events/equeue/equeue_posix.o
LOAD ./BUILD/NRF52_DK/GCC_ARM/mbed-os/features/FEATURE_BLE/source/BLE.o
LOAD ./BUILD/NRF52_DK/GCC_ARM/mbed-os/features/FEATURE_BLE/source/BLEInstanceBase.o
LOAD ./BUILD/NRF52_DK/GCC_ARM/mbed-os/features/FEATURE_BLE/source/DiscoveredCharacteristic.o
LOAD ./BUILD/NRF52_DK/GCC_ARM/mbed-os/features/FEATURE_BLE/source/GapScanningParams.o
LOAD ./BUILD/NRF52_DK/GCC_ARM/mbed-os/features/FEATURE_BLE/source/services/DFUService.o
LOAD ./BUILD/NRF52_DK/GCC_ARM/mbed-os/features/FEATURE_BLE/source/services/UARTService.o
LOAD ./BUILD/NRF52_DK/GCC_ARM/mbed-os/features/FEATURE_BLE/source/services/URIBeaconConfigService.o
LOAD ./BUILD/NRF52_DK/GCC_ARM/mbed-os/features/FEATURE_BLE/targets/TARGET_NORDIC/TARGET_NRF5/source/btle/btle.o
LOAD ./BUILD/NRF52_DK/GCC_ARM/mbed-os/features/FEATURE_BLE/targets/TARGET_NORDIC/TARGET_NRF5/source/btle/btle_advertising.o
LOAD ./BUILD/NRF52_DK/GCC_ARM/mbed-os/features/FEATURE_BLE/targets/TARGET_NORDIC/TARGET_NRF5/source/btle/btle_discovery.o
LOAD ./BUILD/NRF52_DK/GCC_ARM/mbed-os/features/FEATURE_BLE/targets/TARGET_NORDIC/TARGET_NRF5/source/btle/btle_gap.o
LOAD ./BUILD/NRF52_DK/GCC_ARM/mbed-os/features/FEATURE_BLE/targets/TARGET_NORDIC/TARGET_NRF5/source/btle/btle_security.o
LOAD ./BUILD/NRF52_DK/GCC_ARM/mbed-os/features/FEATURE_BLE/targets/TARGET_NORDIC/TARGET_NRF5/source/btle/btle_security_pm.o
LOAD ./BUILD/NRF52_DK/GCC_ARM/mbed-os/features/FEATURE_BLE/targets/TARGET_NORDIC/TARGET_NRF5/source/btle/custom/custom_helper.o
LOAD ./BUILD/NRF52_DK/GCC_ARM/mbed-os/features/FEATURE_BLE/targets/TARGET_NORDIC/TARGET_NRF5/source/nRF5xCharacteristicDescriptorDiscoverer.o
LOAD ./BUILD/NRF52_DK/GCC_ARM/mbed-os/features/FEATURE_BLE/targets/TARGET_NORDIC/TARGET_NRF5/source/nRF5xDiscoveredCharacteristic.o
LOAD ./BUILD/NRF52_DK/GCC_ARM/mbed-os/features/FEATURE_BLE/targets/TARGET_NORDIC/TARGET_NRF5/source/nRF5xGap.o
LOAD ./BUILD/NRF52_DK/GCC_ARM/mbed-os/features/FEATURE_BLE/targets/TARGET_NORDIC/TARGET_NRF5/source/nRF5xGattClient.o
LOAD ./BUILD/NRF52_DK/GCC_ARM/mbed-os/features/FEATURE_BLE/targets/TARGET_NORDIC/TARGET_NRF5/source/nRF5xGattServer.o
LOAD ./BUILD/NRF52_DK/GCC_ARM/mbed-os/features/FEATURE_BLE/targets/TARGET_NORDIC/TARGET_NRF5/source/nRF5xServiceDiscovery.o
LOAD ./BUILD/NRF52_DK/GCC_ARM/mbed-os/features/FEATURE_BLE/targets/TARGET_NORDIC/TARGET_NRF5/source/nRF5xn.o
LOAD ./BUILD/NRF52_DK/GCC_ARM/mbed-os/features/frameworks/greentea-client/source/greentea_metrics.o
LOAD ./BUILD/NRF52_DK/GCC_ARM/mbed-os/features/frameworks/greentea-client/source/greentea_serial.o
LOAD ./BUILD/NRF52_DK/GCC_ARM/mbed-os/features/frameworks/greentea-client/source/test_env.o
LOAD ./BUILD/NRF52_DK/GCC_ARM/mbed-os/features/frameworks/unity/source/unity.o
LOAD ./BUILD/NRF52_DK/GCC_ARM/mbed-os/features/frameworks/utest/mbed-utest-shim.o
LOAD ./BUILD/NRF52_DK/GCC_ARM/mbed-os/features/frameworks/utest/source/unity_handler.o
LOAD ./BUILD/NRF52_DK/GCC_ARM/mbed-os/features/frameworks/utest/source/utest_case.o
LOAD ./BUILD/NRF52_DK/GCC_ARM/mbed-os/features/frameworks/utest/source/utest_default_handlers.o
LOAD ./BUILD/NRF52_DK/GCC_ARM/mbed-os/features/frameworks/utest/source/utest_greentea_handlers.o
LOAD ./BUILD/NRF52_DK/GCC_ARM/mbed-os/features/frameworks/utest/source/utest_harness.o
LOAD ./BUILD/NRF52_DK/GCC_ARM/mbed-os/features/frameworks/utest/source/utest_shim.o
LOAD ./BUILD/NRF52_DK/GCC_ARM/mbed-os/features/frameworks/utest/source/utest_stack_trace.o
LOAD ./BUILD/NRF52_DK/GCC_ARM/mbed-os/features/frameworks/utest/source/utest_types.o
LOAD ./BUILD/NRF52_DK/GCC_ARM/mbed-os/features/netsocket/NetworkInterface.o
LOAD ./BUILD/NRF52_DK/GCC_ARM/mbed-os/features/netsocket/NetworkStack.o
LOAD ./BUILD/NRF52_DK/GCC_ARM/mbed-os/features/netsocket/Socket.o
LOAD ./BUILD/NRF52_DK/GCC_ARM/mbed-os/features/netsocket/SocketAddress.o
LOAD ./BUILD/NRF52_DK/GCC_ARM/mbed-os/features/netsocket/TCPServer.o
LOAD ./BUILD/NRF52_DK/GCC_ARM/mbed-os/features/netsocket/TCPSocket.o
LOAD ./BUILD/NRF52_DK/GCC_ARM/mbed-os/features/netsocket/UDPSocket.o
LOAD ./BUILD/NRF52_DK/GCC_ARM/mbed-os/features/netsocket/WiFiAccessPoint.o
LOAD ./BUILD/NRF52_DK/GCC_ARM/mbed-os/features/netsocket/nsapi_dns.o
LOAD ./BUILD/NRF52_DK/GCC_ARM/mbed-os/hal/mbed_gpio.o
LOAD ./BUILD/NRF52_DK/GCC_ARM/mbed-os/hal/mbed_lp_ticker_api.o
LOAD ./BUILD/NRF52_DK/GCC_ARM/mbed-os/hal/mbed_pinmap_common.o
LOAD ./BUILD/NRF52_DK/GCC_ARM/mbed-os/hal/mbed_ticker_api.o
LOAD ./BUILD/NRF52_DK/GCC_ARM/mbed-os/hal/mbed_us_ticker_api.o
LOAD ./BUILD/NRF52_DK/GCC_ARM/mbed-os/platform/CallChain.o
LOAD ./BUILD/NRF52_DK/GCC_ARM/mbed-os/platform/mbed_alloc_wrappers.o
LOAD ./BUILD/NRF52_DK/GCC_ARM/mbed-os/platform/mbed_assert.o
LOAD ./BUILD/NRF52_DK/GCC_ARM/mbed-os/platform/mbed_board.o
LOAD ./BUILD/NRF52_DK/GCC_ARM/mbed-os/platform/mbed_critical.o
LOAD ./BUILD/NRF52_DK/GCC_ARM/mbed-os/platform/mbed_error.o
LOAD ./BUILD/NRF52_DK/GCC_ARM/mbed-os/platform/mbed_interface.o
LOAD ./BUILD/NRF52_DK/GCC_ARM/mbed-os/platform/mbed_mem_trace.o
LOAD ./BUILD/NRF52_DK/GCC_ARM/mbed-os/platform/mbed_rtc_time.o
LOAD ./BUILD/NRF52_DK/GCC_ARM/mbed-os/platform/mbed_semihost_api.o
LOAD ./BUILD/NRF52_DK/GCC_ARM/mbed-os/platform/mbed_stats.o
LOAD ./BUILD/NRF52_DK/GCC_ARM/mbed-os/platform/mbed_wait_api_no_rtos.o
LOAD ./BUILD/NRF52_DK/GCC_ARM/mbed-os/platform/mbed_wait_api_rtos.o
LOAD ./BUILD/NRF52_DK/GCC_ARM/mbed-os/platform/retarget.o
LOAD ./BUILD/NRF52_DK/GCC_ARM/mbed-os/rtos/Mutex.o
LOAD ./BUILD/NRF52_DK/GCC_ARM/mbed-os/rtos/RtosTimer.o
LOAD ./BUILD/NRF52_DK/GCC_ARM/mbed-os/rtos/Semaphore.o
LOAD ./BUILD/NRF52_DK/GCC_ARM/mbed-os/rtos/Thread.o
LOAD ./BUILD/NRF52_DK/GCC_ARM/mbed-os/rtos/rtos_idle.o
LOAD ./BUILD/NRF52_DK/GCC_ARM/mbed-os/rtos/rtx/TARGET_CORTEX_M/HAL_CM.o
LOAD ./BUILD/NRF52_DK/GCC_ARM/mbed-os/rtos/rtx/TARGET_CORTEX_M/RTX_Conf_CM.o
LOAD ./BUILD/NRF52_DK/GCC_ARM/mbed-os/rtos/rtx/TARGET_CORTEX_M/TARGET_RTOS_M4_M7/TOOLCHAIN_GCC/HAL_CM4.o
LOAD ./BUILD/NRF52_DK/GCC_ARM/mbed-os/rtos/rtx/TARGET_CORTEX_M/TARGET_RTOS_M4_M7/TOOLCHAIN_GCC/SVC_Table.o
LOAD ./BUILD/NRF52_DK/GCC_ARM/mbed-os/rtos/rtx/TARGET_CORTEX_M/rt_CMSIS.o
LOAD ./BUILD/NRF52_DK/GCC_ARM/mbed-os/rtos/rtx/TARGET_CORTEX_M/rt_Event.o
LOAD ./BUILD/NRF52_DK/GCC_ARM/mbed-os/rtos/rtx/TARGET_CORTEX_M/rt_List.o
LOAD ./BUILD/NRF52_DK/GCC_ARM/mbed-os/rtos/rtx/TARGET_CORTEX_M/rt_Mailbox.o
LOAD ./BUILD/NRF52_DK/GCC_ARM/mbed-os/rtos/rtx/TARGET_CORTEX_M/rt_MemBox.o
LOAD ./BUILD/NRF52_DK/GCC_ARM/mbed-os/rtos/rtx/TARGET_CORTEX_M/rt_Memory.o
LOAD ./BUILD/NRF52_DK/GCC_ARM/mbed-os/rtos/rtx/TARGET_CORTEX_M/rt_Mutex.o
LOAD ./BUILD/NRF52_DK/GCC_ARM/mbed-os/rtos/rtx/TARGET_CORTEX_M/rt_OsEventObserver.o
LOAD ./BUILD/NRF52_DK/GCC_ARM/mbed-os/rtos/rtx/TARGET_CORTEX_M/rt_Robin.o
LOAD ./BUILD/NRF52_DK/GCC_ARM/mbed-os/rtos/rtx/TARGET_CORTEX_M/rt_Semaphore.o
LOAD ./BUILD/NRF52_DK/GCC_ARM/mbed-os/rtos/rtx/TARGET_CORTEX_M/rt_System.o
LOAD ./BUILD/NRF52_DK/GCC_ARM/mbed-os/rtos/rtx/TARGET_CORTEX_M/rt_Task.o
LOAD ./BUILD/NRF52_DK/GCC_ARM/mbed-os/rtos/rtx/TARGET_CORTEX_M/rt_Time.o
LOAD ./BUILD/NRF52_DK/GCC_ARM/mbed-os/rtos/rtx/TARGET_CORTEX_M/rt_Timer.o
LOAD ./BUILD/NRF52_DK/GCC_ARM/mbed-os/targets/TARGET_NORDIC/TARGET_NRF5/TARGET_MCU_NRF52832/analogin_api.o
LOAD ./BUILD/NRF52_DK/GCC_ARM/mbed-os/targets/TARGET_NORDIC/TARGET_NRF5/TARGET_MCU_NRF52832/device/TOOLCHAIN_GCC_ARM/startup_NRF52832.o
LOAD ./BUILD/NRF52_DK/GCC_ARM/mbed-os/targets/TARGET_NORDIC/TARGET_NRF5/TARGET_MCU_NRF52832/device/cmsis_nvic.o
LOAD ./BUILD/NRF52_DK/GCC_ARM/mbed-os/targets/TARGET_NORDIC/TARGET_NRF5/TARGET_MCU_NRF52832/device/system_nrf52.o
LOAD ./BUILD/NRF52_DK/GCC_ARM/mbed-os/targets/TARGET_NORDIC/TARGET_NRF5/TARGET_MCU_NRF52832/pwmout_api.o
LOAD ./BUILD/NRF52_DK/GCC_ARM/mbed-os/targets/TARGET_NORDIC/TARGET_NRF5/TARGET_MCU_NRF52832/sdk/driver_nrf/pwm/nrf_drv_pwm.o
LOAD ./BUILD/NRF52_DK/GCC_ARM/mbed-os/targets/TARGET_NORDIC/TARGET_NRF5/TARGET_MCU_NRF52832/sdk/driver_nrf/saadc/nrf_drv_saadc.o
LOAD ./BUILD/NRF52_DK/GCC_ARM/mbed-os/targets/TARGET_NORDIC/TARGET_NRF5/gpio_api.o
LOAD ./BUILD/NRF52_DK/GCC_ARM/mbed-os/targets/TARGET_NORDIC/TARGET_NRF5/i2c_api.o
LOAD ./BUILD/NRF52_DK/GCC_ARM/mbed-os/targets/TARGET_NORDIC/TARGET_NRF5/lp_ticker.o
LOAD ./BUILD/NRF52_DK/GCC_ARM/mbed-os/targets/TARGET_NORDIC/TARGET_NRF5/nordic_critical.o
LOAD ./BUILD/NRF52_DK/GCC_ARM/mbed-os/targets/TARGET_NORDIC/TARGET_NRF5/pinmap.o
LOAD ./BUILD/NRF52_DK/GCC_ARM/mbed-os/targets/TARGET_NORDIC/TARGET_NRF5/port_api.o
LOAD ./BUILD/NRF52_DK/GCC_ARM/mbed-os/targets/TARGET_NORDIC/TARGET_NRF5/reloc_vector_table.o
LOAD ./BUILD/NRF52_DK/GCC_ARM/mbed-os/targets/TARGET_NORDIC/TARGET_NRF5/rtc_api.o
LOAD ./BUILD/NRF52_DK/GCC_ARM/mbed-os/targets/TARGET_NORDIC/TARGET_NRF5/sdk/ble/ble_advertising/ble_advertising.o
LOAD ./BUILD/NRF52_DK/GCC_ARM/mbed-os/targets/TARGET_NORDIC/TARGET_NRF5/sdk/ble/ble_db_discovery/ble_db_discovery.o
LOAD ./BUILD/NRF52_DK/GCC_ARM/mbed-os/targets/TARGET_NORDIC/TARGET_NRF5/sdk/ble/ble_debug_assert_handler/ble_debug_assert_handler.o
LOAD ./BUILD/NRF52_DK/GCC_ARM/mbed-os/targets/TARGET_NORDIC/TARGET_NRF5/sdk/ble/ble_dtm/ble_dtm.o
LOAD ./BUILD/NRF52_DK/GCC_ARM/mbed-os/targets/TARGET_NORDIC/TARGET_NRF5/sdk/ble/ble_racp/ble_racp.o
LOAD ./BUILD/NRF52_DK/GCC_ARM/mbed-os/targets/TARGET_NORDIC/TARGET_NRF5/sdk/ble/ble_radio_notification/ble_radio_notification.o
LOAD ./BUILD/NRF52_DK/GCC_ARM/mbed-os/targets/TARGET_NORDIC/TARGET_NRF5/sdk/ble/ble_services/ble_dfu/ble_dfu.o
LOAD ./BUILD/NRF52_DK/GCC_ARM/mbed-os/targets/TARGET_NORDIC/TARGET_NRF5/sdk/ble/common/ble_advdata.o
LOAD ./BUILD/NRF52_DK/GCC_ARM/mbed-os/targets/TARGET_NORDIC/TARGET_NRF5/sdk/ble/common/ble_conn_state.o
LOAD ./BUILD/NRF52_DK/GCC_ARM/mbed-os/targets/TARGET_NORDIC/TARGET_NRF5/sdk/ble/common/ble_srv_common.o
LOAD ./BUILD/NRF52_DK/GCC_ARM/mbed-os/targets/TARGET_NORDIC/TARGET_NRF5/sdk/ble/device_manager/device_manager_peripheral.o
LOAD ./BUILD/NRF52_DK/GCC_ARM/mbed-os/targets/TARGET_NORDIC/TARGET_NRF5/sdk/ble/peer_manager/gatt_cache_manager.o
LOAD ./BUILD/NRF52_DK/GCC_ARM/mbed-os/targets/TARGET_NORDIC/TARGET_NRF5/sdk/ble/peer_manager/gattc_cache_manager.o
LOAD ./BUILD/NRF52_DK/GCC_ARM/mbed-os/targets/TARGET_NORDIC/TARGET_NRF5/sdk/ble/peer_manager/gatts_cache_manager.o
LOAD ./BUILD/NRF52_DK/GCC_ARM/mbed-os/targets/TARGET_NORDIC/TARGET_NRF5/sdk/ble/peer_manager/id_manager.o
LOAD ./BUILD/NRF52_DK/GCC_ARM/mbed-os/targets/TARGET_NORDIC/TARGET_NRF5/sdk/ble/peer_manager/peer_data.o
LOAD ./BUILD/NRF52_DK/GCC_ARM/mbed-os/targets/TARGET_NORDIC/TARGET_NRF5/sdk/ble/peer_manager/peer_data_storage.o
LOAD ./BUILD/NRF52_DK/GCC_ARM/mbed-os/targets/TARGET_NORDIC/TARGET_NRF5/sdk/ble/peer_manager/peer_database.o
LOAD ./BUILD/NRF52_DK/GCC_ARM/mbed-os/targets/TARGET_NORDIC/TARGET_NRF5/sdk/ble/peer_manager/peer_id.o
LOAD ./BUILD/NRF52_DK/GCC_ARM/mbed-os/targets/TARGET_NORDIC/TARGET_NRF5/sdk/ble/peer_manager/peer_manager.o
LOAD ./BUILD/NRF52_DK/GCC_ARM/mbed-os/targets/TARGET_NORDIC/TARGET_NRF5/sdk/ble/peer_manager/pm_buffer.o
LOAD ./BUILD/NRF52_DK/GCC_ARM/mbed-os/targets/TARGET_NORDIC/TARGET_NRF5/sdk/ble/peer_manager/pm_mutex.o
LOAD ./BUILD/NRF52_DK/GCC_ARM/mbed-os/targets/TARGET_NORDIC/TARGET_NRF5/sdk/ble/peer_manager/security_dispatcher.o
LOAD ./BUILD/NRF52_DK/GCC_ARM/mbed-os/targets/TARGET_NORDIC/TARGET_NRF5/sdk/ble/peer_manager/security_manager.o
LOAD ./BUILD/NRF52_DK/GCC_ARM/mbed-os/targets/TARGET_NORDIC/TARGET_NRF5/sdk/drivers_nrf/ble_flash/ble_flash.o
LOAD ./BUILD/NRF52_DK/GCC_ARM/mbed-os/targets/TARGET_NORDIC/TARGET_NRF5/sdk/drivers_nrf/clock/nrf_drv_clock.o
LOAD ./BUILD/NRF52_DK/GCC_ARM/mbed-os/targets/TARGET_NORDIC/TARGET_NRF5/sdk/drivers_nrf/common/nrf_drv_common.o
LOAD ./BUILD/NRF52_DK/GCC_ARM/mbed-os/targets/TARGET_NORDIC/TARGET_NRF5/sdk/drivers_nrf/delay/nrf_delay.o
LOAD ./BUILD/NRF52_DK/GCC_ARM/mbed-os/targets/TARGET_NORDIC/TARGET_NRF5/sdk/drivers_nrf/gpiote/nrf_drv_gpiote.o
LOAD ./BUILD/NRF52_DK/GCC_ARM/mbed-os/targets/TARGET_NORDIC/TARGET_NRF5/sdk/drivers_nrf/hal/nrf_adc.o
LOAD ./BUILD/NRF52_DK/GCC_ARM/mbed-os/targets/TARGET_NORDIC/TARGET_NRF5/sdk/drivers_nrf/hal/nrf_ecb.o
LOAD ./BUILD/NRF52_DK/GCC_ARM/mbed-os/targets/TARGET_NORDIC/TARGET_NRF5/sdk/drivers_nrf/hal/nrf_nvmc.o
LOAD ./BUILD/NRF52_DK/GCC_ARM/mbed-os/targets/TARGET_NORDIC/TARGET_NRF5/sdk/drivers_nrf/hal/nrf_saadc.o
LOAD ./BUILD/NRF52_DK/GCC_ARM/mbed-os/targets/TARGET_NORDIC/TARGET_NRF5/sdk/drivers_nrf/ppi/nrf_drv_ppi.o
LOAD ./BUILD/NRF52_DK/GCC_ARM/mbed-os/targets/TARGET_NORDIC/TARGET_NRF5/sdk/drivers_nrf/pstorage/pstorage.o
LOAD ./BUILD/NRF52_DK/GCC_ARM/mbed-os/targets/TARGET_NORDIC/TARGET_NRF5/sdk/drivers_nrf/spi_master/nrf_drv_spi.o
LOAD ./BUILD/NRF52_DK/GCC_ARM/mbed-os/targets/TARGET_NORDIC/TARGET_NRF5/sdk/drivers_nrf/spi_slave/nrf_drv_spis.o
LOAD ./BUILD/NRF52_DK/GCC_ARM/mbed-os/targets/TARGET_NORDIC/TARGET_NRF5/sdk/drivers_nrf/timer/nrf_drv_timer.o
LOAD ./BUILD/NRF52_DK/GCC_ARM/mbed-os/targets/TARGET_NORDIC/TARGET_NRF5/sdk/drivers_nrf/twi_master/nrf_drv_twi.o
LOAD ./BUILD/NRF52_DK/GCC_ARM/mbed-os/targets/TARGET_NORDIC/TARGET_NRF5/sdk/libraries/bootloader_dfu/bootloader_util.o
LOAD ./BUILD/NRF52_DK/GCC_ARM/mbed-os/targets/TARGET_NORDIC/TARGET_NRF5/sdk/libraries/bootloader_dfu/dfu_app_handler.o
LOAD ./BUILD/NRF52_DK/GCC_ARM/mbed-os/targets/TARGET_NORDIC/TARGET_NRF5/sdk/libraries/bootloader_dfu/dfu_init_template.o
LOAD ./BUILD/NRF52_DK/GCC_ARM/mbed-os/targets/TARGET_NORDIC/TARGET_NRF5/sdk/libraries/crc16/crc16.o
LOAD ./BUILD/NRF52_DK/GCC_ARM/mbed-os/targets/TARGET_NORDIC/TARGET_NRF5/sdk/libraries/fds/fds.o
LOAD ./BUILD/NRF52_DK/GCC_ARM/mbed-os/targets/TARGET_NORDIC/TARGET_NRF5/sdk/libraries/fstorage/fstorage.o
LOAD ./BUILD/NRF52_DK/GCC_ARM/mbed-os/targets/TARGET_NORDIC/TARGET_NRF5/sdk/libraries/fstorage/fstorage_nosd.o
LOAD ./BUILD/NRF52_DK/GCC_ARM/mbed-os/targets/TARGET_NORDIC/TARGET_NRF5/sdk/libraries/hci/hci_mem_pool.o
LOAD ./BUILD/NRF52_DK/GCC_ARM/mbed-os/targets/TARGET_NORDIC/TARGET_NRF5/sdk/libraries/pwm/app_pwm.o
LOAD ./BUILD/NRF52_DK/GCC_ARM/mbed-os/targets/TARGET_NORDIC/TARGET_NRF5/sdk/libraries/scheduler/app_scheduler.o
LOAD ./BUILD/NRF52_DK/GCC_ARM/mbed-os/targets/TARGET_NORDIC/TARGET_NRF5/sdk/libraries/trace/app_trace.o
LOAD ./BUILD/NRF52_DK/GCC_ARM/mbed-os/targets/TARGET_NORDIC/TARGET_NRF5/sdk/libraries/util/app_error.o
LOAD ./BUILD/NRF52_DK/GCC_ARM/mbed-os/targets/TARGET_NORDIC/TARGET_NRF5/sdk/libraries/util/app_error_weak.o
LOAD ./BUILD/NRF52_DK/GCC_ARM/mbed-os/targets/TARGET_NORDIC/TARGET_NRF5/sdk/libraries/util/app_util_platform.o
LOAD ./BUILD/NRF52_DK/GCC_ARM/mbed-os/targets/TARGET_NORDIC/TARGET_NRF5/sdk/libraries/util/nrf_assert.o
LOAD ./BUILD/NRF52_DK/GCC_ARM/mbed-os/targets/TARGET_NORDIC/TARGET_NRF5/sdk/libraries/util/nrf_log.o
LOAD ./BUILD/NRF52_DK/GCC_ARM/mbed-os/targets/TARGET_NORDIC/TARGET_NRF5/sdk/libraries/util/sdk_mapped_flags.o
LOAD ./BUILD/NRF52_DK/GCC_ARM/mbed-os/targets/TARGET_NORDIC/TARGET_NRF5/sdk/softdevice/common/softdevice_handler/softdevice_handler.o
LOAD ./BUILD/NRF52_DK/GCC_ARM/mbed-os/targets/TARGET_NORDIC/TARGET_NRF5/sdk/softdevice/common/softdevice_handler/softdevice_handler_appsh.o
LOAD ./BUILD/NRF52_DK/GCC_ARM/mbed-os/targets/TARGET_NORDIC/TARGET_NRF5/serial_api.o
LOAD ./BUILD/NRF52_DK/GCC_ARM/mbed-os/targets/TARGET_NORDIC/TARGET_NRF5/sleep.o
LOAD ./BUILD/NRF52_DK/GCC_ARM/mbed-os/targets/TARGET_NORDIC/TARGET_NRF5/spi_api.o
LOAD ./BUILD/NRF52_DK/GCC_ARM/mbed-os/targets/TARGET_NORDIC/TARGET_NRF5/us_ticker.o
LOAD ./BUILD/NRF52_DK/GCC_ARM/source/main.o
START GROUP
LOAD /usr/local/Cellar/arm-none-eabi-gcc/6-2016-q4-update/bin/../lib/gcc/arm-none-eabi/6.2.1/../../../../arm-none-eabi/lib/thumb/v7e-m/fpv4-sp/softfp/libstdc++.a
LOAD /usr/local/Cellar/arm-none-eabi-gcc/6-2016-q4-update/bin/../lib/gcc/arm-none-eabi/6.2.1/../../../../arm-none-eabi/lib/thumb/v7e-m/fpv4-sp/softfp/libsupc++.a
LOAD /usr/local/Cellar/arm-none-eabi-gcc/6-2016-q4-update/bin/../lib/gcc/arm-none-eabi/6.2.1/../../../../arm-none-eabi/lib/thumb/v7e-m/fpv4-sp/softfp/libm.a
LOAD /usr/local/Cellar/arm-none-eabi-gcc/6-2016-q4-update/bin/../lib/gcc/arm-none-eabi/6.2.1/../../../../arm-none-eabi/lib/thumb/v7e-m/fpv4-sp/softfp/libc.a
LOAD /usr/local/Cellar/arm-none-eabi-gcc/6-2016-q4-update/bin/../lib/gcc/arm-none-eabi/6.2.1/thumb/v7e-m/fpv4-sp/softfp/libgcc.a
LOAD /usr/local/Cellar/arm-none-eabi-gcc/6-2016-q4-update/bin/../lib/gcc/arm-none-eabi/6.2.1/../../../../arm-none-eabi/lib/thumb/v7e-m/fpv4-sp/softfp/libnosys.a
END GROUP
LOAD /usr/local/Cellar/arm-none-eabi-gcc/6-2016-q4-update/bin/../lib/gcc/arm-none-eabi/6.2.1/../../../../arm-none-eabi/lib/thumb/v7e-m/fpv4-sp/softfp/libstdc++.a
LOAD /usr/local/Cellar/arm-none-eabi-gcc/6-2016-q4-update/bin/../lib/gcc/arm-none-eabi/6.2.1/../../../../arm-none-eabi/lib/thumb/v7e-m/fpv4-sp/softfp/libsupc++.a
LOAD /usr/local/Cellar/arm-none-eabi-gcc/6-2016-q4-update/bin/../lib/gcc/arm-none-eabi/6.2.1/../../../../arm-none-eabi/lib/thumb/v7e-m/fpv4-sp/softfp/libm.a
LOAD /usr/local/Cellar/arm-none-eabi-gcc/6-2016-q4-update/bin/../lib/gcc/arm-none-eabi/6.2.1/../../../../arm-none-eabi/lib/thumb/v7e-m/fpv4-sp/softfp/libc.a
LOAD /usr/local/Cellar/arm-none-eabi-gcc/6-2016-q4-update/bin/../lib/gcc/arm-none-eabi/6.2.1/thumb/v7e-m/fpv4-sp/softfp/libgcc.a
LOAD /usr/local/Cellar/arm-none-eabi-gcc/6-2016-q4-update/bin/../lib/gcc/arm-none-eabi/6.2.1/../../../../arm-none-eabi/lib/thumb/v7e-m/fpv4-sp/softfp/libnosys.a
START GROUP
LOAD /usr/local/Cellar/arm-none-eabi-gcc/6-2016-q4-update/bin/../lib/gcc/arm-none-eabi/6.2.1/thumb/v7e-m/fpv4-sp/softfp/libgcc.a
LOAD /usr/local/Cellar/arm-none-eabi-gcc/6-2016-q4-update/bin/../lib/gcc/arm-none-eabi/6.2.1/../../../../arm-none-eabi/lib/thumb/v7e-m/fpv4-sp/softfp/libc.a
END GROUP
LOAD /usr/local/Cellar/arm-none-eabi-gcc/6-2016-q4-update/bin/../lib/gcc/arm-none-eabi/6.2.1/thumb/v7e-m/fpv4-sp/softfp/crtend.o
LOAD /usr/local/Cellar/arm-none-eabi-gcc/6-2016-q4-update/bin/../lib/gcc/arm-none-eabi/6.2.1/thumb/v7e-m/fpv4-sp/softfp/crtn.o

.text           0x000000000001c000    0x13748
 *(.Vectors)
 .Vectors       0x000000000001c000       0xdc ./BUILD/NRF52_DK/GCC_ARM/mbed-os/targets/TARGET_NORDIC/TARGET_NRF5/TARGET_MCU_NRF52832/device/TOOLCHAIN_GCC_ARM/startup_NRF52832.o
                0x000000000001c000                __Vectors
 *(.text*)
 .text          0x000000000001c0dc       0x6c /usr/local/Cellar/arm-none-eabi-gcc/6-2016-q4-update/bin/../lib/gcc/arm-none-eabi/6.2.1/thumb/v7e-m/fpv4-sp/softfp/crtbegin.o
 .text          0x000000000001c148       0x74 /usr/local/Cellar/arm-none-eabi-gcc/6-2016-q4-update/bin/../lib/gcc/arm-none-eabi/6.2.1/../../../../arm-none-eabi/lib/thumb/v7e-m/fpv4-sp/softfp/crt0.o
                0x000000000001c148                _mainCRTStartup
                0x000000000001c148                _start
 .text._ZN4mbed8CallbackIFviEED2Ev
                0x000000000001c1bc       0x10 ./BUILD/NRF52_DK/GCC_ARM/mbed-os/drivers/I2C.o
                0x000000000001c1bc                mbed::Callback<void (int)>::~Callback()
                0x000000000001c1bc                mbed::Callback<void (int)>::~Callback()
 .text._ZN4mbedL9donothingEv
                0x000000000001c1cc        0x2 ./BUILD/NRF52_DK/GCC_ARM/mbed-os/drivers/InterruptIn.o
 .text._ZN4mbed8CallbackIFvvEE13function_callIPS1_EEvPKv
                0x000000000001c1ce        0x4 ./BUILD/NRF52_DK/GCC_ARM/mbed-os/drivers/InterruptIn.o
                0x000000000001c1ce                void mbed::Callback<void ()>::function_call<void (*)()>(void const*)
 .text._ZN4mbed8CallbackIFvvEE13function_moveIPS1_EEvPvPKv
                0x000000000001c1d2        0x8 ./BUILD/NRF52_DK/GCC_ARM/mbed-os/drivers/InterruptIn.o
                0x000000000001c1d2                void mbed::Callback<void ()>::function_move<void (*)()>(void*, void const*)
 .text._ZN4mbed8CallbackIFvvEE13function_dtorIPS1_EEvPv
                0x000000000001c1da        0x2 ./BUILD/NRF52_DK/GCC_ARM/mbed-os/drivers/InterruptIn.o
                0x000000000001c1da                void mbed::Callback<void ()>::function_dtor<void (*)()>(void*)
 .text._ZN4mbed8CallbackIFvvEED2Ev
                0x000000000001c1dc       0x10 ./BUILD/NRF52_DK/GCC_ARM/mbed-os/drivers/InterruptIn.o
                0x000000000001c1dc                mbed::Callback<void ()>::~Callback()
                0x000000000001c1dc                mbed::Callback<void ()>::~Callback()
 .text._ZN4mbed11InterruptInD2Ev
                0x000000000001c1ec       0x28 ./BUILD/NRF52_DK/GCC_ARM/mbed-os/drivers/InterruptIn.o
                0x000000000001c1ec                mbed::InterruptIn::~InterruptIn()
                0x000000000001c1ec                mbed::InterruptIn::~InterruptIn()
 .text._ZN4mbed11InterruptInD0Ev
                0x000000000001c214       0x12 ./BUILD/NRF52_DK/GCC_ARM/mbed-os/drivers/InterruptIn.o
                0x000000000001c214                mbed::InterruptIn::~InterruptIn()
 *fill*         0x000000000001c226        0x2 
 .text._ZN4mbed8CallbackIFvvEE6attachEPS1_
                0x000000000001c228       0x20 ./BUILD/NRF52_DK/GCC_ARM/mbed-os/drivers/InterruptIn.o
                0x000000000001c228                mbed::Callback<void ()>::attach(void (*)())
 .text._ZN4mbed11InterruptInC2E7PinName
                0x000000000001c248       0x50 ./BUILD/NRF52_DK/GCC_ARM/mbed-os/drivers/InterruptIn.o
                0x000000000001c248                mbed::InterruptIn::InterruptIn(PinName)
                0x000000000001c248                mbed::InterruptIn::InterruptIn(PinName)
 .text._ZNK4mbed8CallbackIFvvEE4callEv
                0x000000000001c298       0x28 ./BUILD/NRF52_DK/GCC_ARM/mbed-os/drivers/InterruptIn.o
                0x000000000001c298                mbed::Callback<void ()>::call() const
 .text._ZN4mbed11InterruptIn12_irq_handlerEm14gpio_irq_event
                0x000000000001c2c0       0x18 ./BUILD/NRF52_DK/GCC_ARM/mbed-os/drivers/InterruptIn.o
                0x000000000001c2c0                mbed::InterruptIn::_irq_handler(unsigned long, gpio_irq_event)
 .text._ZN4mbed8CallbackIFvvEEC2ERKS2_
                0x000000000001c2d8       0x16 ./BUILD/NRF52_DK/GCC_ARM/mbed-os/drivers/InterruptIn.o
                0x000000000001c2d8                mbed::Callback<void ()>::Callback(mbed::Callback<void ()> const&)
                0x000000000001c2d8                mbed::Callback<void ()>::Callback(mbed::Callback<void ()> const&)
 *fill*         0x000000000001c2ee        0x2 
 .text._ZN4mbed11InterruptIn4fallENS_8CallbackIFvvEEE
                0x000000000001c2f0       0x48 ./BUILD/NRF52_DK/GCC_ARM/mbed-os/drivers/InterruptIn.o
                0x000000000001c2f0                mbed::InterruptIn::fall(mbed::Callback<void ()>)
 .text._ZN4mbed11InterruptIn4riseENS_8CallbackIFvvEEE
                0x000000000001c338       0x48 ./BUILD/NRF52_DK/GCC_ARM/mbed-os/drivers/InterruptIn.o
                0x000000000001c338                mbed::InterruptIn::rise(mbed::Callback<void ()>)
 .text._ZN4mbed6Ticker7handlerEv
                0x000000000001c380       0x38 ./BUILD/NRF52_DK/GCC_ARM/mbed-os/drivers/Ticker.o
                0x000000000001c380                mbed::Ticker::handler()
 .text._ZN4mbed6Ticker5setupEm
                0x000000000001c3b8       0x28 ./BUILD/NRF52_DK/GCC_ARM/mbed-os/drivers/Ticker.o
                0x000000000001c3b8                mbed::Ticker::setup(unsigned long)
 .text._ZN4mbed6Ticker6detachEv
                0x000000000001c3e0       0x26 ./BUILD/NRF52_DK/GCC_ARM/mbed-os/drivers/Ticker.o
                0x000000000001c3e0                mbed::Ticker::detach()
 *fill*         0x000000000001c406        0x2 
 .text._ZN4mbed6TickerD2Ev
                0x000000000001c408       0x24 ./BUILD/NRF52_DK/GCC_ARM/mbed-os/drivers/Ticker.o
                0x000000000001c408                mbed::Ticker::~Ticker()
                0x000000000001c408                mbed::Ticker::~Ticker()
 .text._ZN4mbed6TickerD0Ev
                0x000000000001c42c       0x12 ./BUILD/NRF52_DK/GCC_ARM/mbed-os/drivers/Ticker.o
                0x000000000001c42c                mbed::Ticker::~Ticker()
 *fill*         0x000000000001c43e        0x2 
 .text._ZN4mbed7Timeout7handlerEv
                0x000000000001c440       0x2c ./BUILD/NRF52_DK/GCC_ARM/mbed-os/drivers/Timeout.o
                0x000000000001c440                mbed::Timeout::handler()
 .text._ZN4mbed7TimeoutD2Ev
                0x000000000001c46c       0x14 ./BUILD/NRF52_DK/GCC_ARM/mbed-os/drivers/Timeout.o
                0x000000000001c46c                mbed::Timeout::~Timeout()
                0x000000000001c46c                mbed::Timeout::~Timeout()
 .text._ZN4mbed7TimeoutD0Ev
                0x000000000001c480       0x12 ./BUILD/NRF52_DK/GCC_ARM/mbed-os/drivers/Timeout.o
                0x000000000001c480                mbed::Timeout::~Timeout()
 .text._ZN4mbed5Timer5startEv
                0x000000000001c492       0x20 ./BUILD/NRF52_DK/GCC_ARM/mbed-os/drivers/Timer.o
                0x000000000001c492                mbed::Timer::start()
 .text._ZN4mbed5Timer9slicetimeEv
                0x000000000001c4b2       0x1e ./BUILD/NRF52_DK/GCC_ARM/mbed-os/drivers/Timer.o
                0x000000000001c4b2                mbed::Timer::slicetime()
 .text._ZN4mbed5Timer7read_usEv
                0x000000000001c4d0       0x1a ./BUILD/NRF52_DK/GCC_ARM/mbed-os/drivers/Timer.o
                0x000000000001c4d0                mbed::Timer::read_us()
 .text._ZN4mbed5Timer7read_msEv
                0x000000000001c4ea       0x10 ./BUILD/NRF52_DK/GCC_ARM/mbed-os/drivers/Timer.o
                0x000000000001c4ea                mbed::Timer::read_ms()
 .text._ZN4mbed5Timer5resetEv
                0x000000000001c4fa       0x1c ./BUILD/NRF52_DK/GCC_ARM/mbed-os/drivers/Timer.o
                0x000000000001c4fa                mbed::Timer::reset()
 .text._ZN4mbed5TimerC2Ev
                0x000000000001c516       0x1c ./BUILD/NRF52_DK/GCC_ARM/mbed-os/drivers/Timer.o
                0x000000000001c516                mbed::Timer::Timer()
                0x000000000001c516                mbed::Timer::Timer()
 .text._ZN4mbed10TimerEvent3irqEm
                0x000000000001c532        0x6 ./BUILD/NRF52_DK/GCC_ARM/mbed-os/drivers/TimerEvent.o
                0x000000000001c532                mbed::TimerEvent::irq(unsigned long)
 .text._ZN4mbed10TimerEventC2Ev
                0x000000000001c538       0x28 ./BUILD/NRF52_DK/GCC_ARM/mbed-os/drivers/TimerEvent.o
                0x000000000001c538                mbed::TimerEvent::TimerEvent()
                0x000000000001c538                mbed::TimerEvent::TimerEvent()
 .text._ZN4mbed10TimerEvent6insertEm
                0x000000000001c560        0xc ./BUILD/NRF52_DK/GCC_ARM/mbed-os/drivers/TimerEvent.o
                0x000000000001c560                mbed::TimerEvent::insert(unsigned long)
 .text._ZN4mbed10TimerEvent6removeEv
                0x000000000001c56c        0x8 ./BUILD/NRF52_DK/GCC_ARM/mbed-os/drivers/TimerEvent.o
                0x000000000001c56c                mbed::TimerEvent::remove()
 .text._ZN4mbed10TimerEventD2Ev
                0x000000000001c574       0x14 ./BUILD/NRF52_DK/GCC_ARM/mbed-os/drivers/TimerEvent.o
                0x000000000001c574                mbed::TimerEvent::~TimerEvent()
                0x000000000001c574                mbed::TimerEvent::~TimerEvent()
 .text._ZN6events10EventQueueC2EjPh
                0x000000000001c588       0x18 ./BUILD/NRF52_DK/GCC_ARM/mbed-os/events/EventQueue.o
                0x000000000001c588                events::EventQueue::EventQueue(unsigned int, unsigned char*)
                0x000000000001c588                events::EventQueue::EventQueue(unsigned int, unsigned char*)
 .text._ZN6events10EventQueue8dispatchEi
                0x000000000001c5a0        0x4 ./BUILD/NRF52_DK/GCC_ARM/mbed-os/events/EventQueue.o
                0x000000000001c5a0                events::EventQueue::dispatch(int)
 .text._ZN6events10EventQueueD2Ev
                0x000000000001c5a4       0x14 ./BUILD/NRF52_DK/GCC_ARM/mbed-os/events/EventQueue.o
                0x000000000001c5a4                events::EventQueue::~EventQueue()
                0x000000000001c5a4                events::EventQueue::~EventQueue()
 .text.equeue_enqueue
                0x000000000001c5b8       0xa6 ./BUILD/NRF52_DK/GCC_ARM/mbed-os/events/equeue/equeue.o
 .text.equeue_create_inplace
                0x000000000001c65e       0x5a ./BUILD/NRF52_DK/GCC_ARM/mbed-os/events/equeue/equeue.o
                0x000000000001c65e                equeue_create_inplace
 .text.equeue_create
                0x000000000001c6b8       0x24 ./BUILD/NRF52_DK/GCC_ARM/mbed-os/events/equeue/equeue.o
                0x000000000001c6b8                equeue_create
 .text.equeue_destroy
                0x000000000001c6dc       0x4c ./BUILD/NRF52_DK/GCC_ARM/mbed-os/events/equeue/equeue.o
                0x000000000001c6dc                equeue_destroy
 .text.equeue_alloc
                0x000000000001c728       0x7a ./BUILD/NRF52_DK/GCC_ARM/mbed-os/events/equeue/equeue.o
                0x000000000001c728                equeue_alloc
 .text.equeue_dealloc
                0x000000000001c7a2       0x5c ./BUILD/NRF52_DK/GCC_ARM/mbed-os/events/equeue/equeue.o
                0x000000000001c7a2                equeue_dealloc
 .text.equeue_post
                0x000000000001c7fe       0x34 ./BUILD/NRF52_DK/GCC_ARM/mbed-os/events/equeue/equeue.o
                0x000000000001c7fe                equeue_post
 .text.equeue_dispatch
                0x000000000001c832      0x16a ./BUILD/NRF52_DK/GCC_ARM/mbed-os/events/equeue/equeue.o
                0x000000000001c832                equeue_dispatch
 .text.equeue_event_delay
                0x000000000001c99c        0x6 ./BUILD/NRF52_DK/GCC_ARM/mbed-os/events/equeue/equeue.o
                0x000000000001c99c                equeue_event_delay
 .text.equeue_event_period
                0x000000000001c9a2        0x6 ./BUILD/NRF52_DK/GCC_ARM/mbed-os/events/equeue/equeue.o
                0x000000000001c9a2                equeue_event_period
 .text.equeue_event_dtor
                0x000000000001c9a8        0x6 ./BUILD/NRF52_DK/GCC_ARM/mbed-os/events/equeue/equeue.o
                0x000000000001c9a8                equeue_event_dtor
 *fill*         0x000000000001c9ae        0x2 
 .text._ZL18equeue_tick_updatev
                0x000000000001c9b0       0x1c ./BUILD/NRF52_DK/GCC_ARM/mbed-os/events/equeue/equeue_mbed.o
 .text.equeue_mutex_create
                0x000000000001c9cc        0x4 ./BUILD/NRF52_DK/GCC_ARM/mbed-os/events/equeue/equeue_mbed.o
                0x000000000001c9cc                equeue_mutex_create
 .text.equeue_mutex_destroy
                0x000000000001c9d0        0x2 ./BUILD/NRF52_DK/GCC_ARM/mbed-os/events/equeue/equeue_mbed.o
                0x000000000001c9d0                equeue_mutex_destroy
 .text.equeue_mutex_lock
                0x000000000001c9d2        0x4 ./BUILD/NRF52_DK/GCC_ARM/mbed-os/events/equeue/equeue_mbed.o
                0x000000000001c9d2                equeue_mutex_lock
 .text.equeue_mutex_unlock
                0x000000000001c9d6        0x4 ./BUILD/NRF52_DK/GCC_ARM/mbed-os/events/equeue/equeue_mbed.o
                0x000000000001c9d6                equeue_mutex_unlock
 .text.equeue_sema_create
                0x000000000001c9da        0xe ./BUILD/NRF52_DK/GCC_ARM/mbed-os/events/equeue/equeue_mbed.o
                0x000000000001c9da                equeue_sema_create
 .text.equeue_sema_destroy
                0x000000000001c9e8        0x4 ./BUILD/NRF52_DK/GCC_ARM/mbed-os/events/equeue/equeue_mbed.o
                0x000000000001c9e8                equeue_sema_destroy
 .text.equeue_sema_signal
                0x000000000001c9ec        0x4 ./BUILD/NRF52_DK/GCC_ARM/mbed-os/events/equeue/equeue_mbed.o
                0x000000000001c9ec                equeue_sema_signal
 .text.equeue_sema_wait
                0x000000000001c9f0       0x14 ./BUILD/NRF52_DK/GCC_ARM/mbed-os/events/equeue/equeue_mbed.o
                0x000000000001c9f0                equeue_sema_wait
 .text.equeue_tick
                0x000000000001ca04       0x8c ./BUILD/NRF52_DK/GCC_ARM/mbed-os/events/equeue/equeue_mbed.o
                0x000000000001ca04                equeue_tick
 .text._ZNK9SafeBool_4base7trueTagEv
                0x000000000001ca90        0x2 ./BUILD/NRF52_DK/GCC_ARM/mbed-os/features/FEATURE_BLE/source/BLE.o
                0x000000000001ca90                SafeBool_::base::trueTag() const
 .text._ZN26FunctionPointerWithContextIPN3BLE32OnEventsToProcessCallbackContextEE14functioncallerEPKS3_S2_
                0x000000000001ca92        0xa ./BUILD/NRF52_DK/GCC_ARM/mbed-os/features/FEATURE_BLE/source/BLE.o
                0x000000000001ca92                FunctionPointerWithContext<BLE::OnEventsToProcessCallbackContext*>::functioncaller(FunctionPointerWithContext<BLE::OnEventsToProcessCallbackContext*> const*, BLE::OnEventsToProcessCallbackContext*)
 .text._ZN3BLE18initImplementationE26FunctionPointerWithContextIPNS_37InitializationCompleteCallbackContextEE
                0x000000000001ca9c       0x2a ./BUILD/NRF52_DK/GCC_ARM/mbed-os/features/FEATURE_BLE/source/BLE.o
                0x000000000001ca9c                BLE::initImplementation(FunctionPointerWithContext<BLE::InitializationCompleteCallbackContext*>)
 *fill*         0x000000000001cac6        0x2 
 .text._ZN3BLEC2Ej
                0x000000000001cac8       0x38 ./BUILD/NRF52_DK/GCC_ARM/mbed-os/features/FEATURE_BLE/source/BLE.o
                0x000000000001cac8                BLE::BLE(unsigned int)
                0x000000000001cac8                BLE::BLE(unsigned int)
 .text._ZN3BLE8InstanceEj
                0x000000000001cb00       0x54 ./BUILD/NRF52_DK/GCC_ARM/mbed-os/features/FEATURE_BLE/source/BLE.o
                0x000000000001cb00                BLE::Instance(unsigned int)
 .text._ZNK3BLE14hasInitializedEv
                0x000000000001cb54       0x20 ./BUILD/NRF52_DK/GCC_ARM/mbed-os/features/FEATURE_BLE/source/BLE.o
                0x000000000001cb54                BLE::hasInitialized() const
 .text._ZN3BLE3gapEv
                0x000000000001cb74       0x20 ./BUILD/NRF52_DK/GCC_ARM/mbed-os/features/FEATURE_BLE/source/BLE.o
                0x000000000001cb74                BLE::gap()
 .text._ZN3BLE10gattServerEv
                0x000000000001cb94       0x20 ./BUILD/NRF52_DK/GCC_ARM/mbed-os/features/FEATURE_BLE/source/BLE.o
                0x000000000001cb94                BLE::gattServer()
 .text._ZN3BLE13processEventsEv
                0x000000000001cbb4       0x20 ./BUILD/NRF52_DK/GCC_ARM/mbed-os/features/FEATURE_BLE/source/BLE.o
                0x000000000001cbb4                BLE::processEvents()
 .text._ZN3BLE17onEventsToProcessERK26FunctionPointerWithContextIPNS_32OnEventsToProcessCallbackContextEE
                0x000000000001cbd4       0x1a ./BUILD/NRF52_DK/GCC_ARM/mbed-os/features/FEATURE_BLE/source/BLE.o
                0x000000000001cbd4                BLE::onEventsToProcess(FunctionPointerWithContext<BLE::OnEventsToProcessCallbackContext*> const&)
 *fill*         0x000000000001cbee        0x2 
 .text._ZN3BLE21signalEventsToProcessEv
                0x000000000001cbf0       0x24 ./BUILD/NRF52_DK/GCC_ARM/mbed-os/features/FEATURE_BLE/source/BLE.o
                0x000000000001cbf0                BLE::signalEventsToProcess()
 .text._ZN15BLEInstanceBaseD2Ev
                0x000000000001cc14        0x2 ./BUILD/NRF52_DK/GCC_ARM/mbed-os/features/FEATURE_BLE/source/BLEInstanceBase.o
                0x000000000001cc14                BLEInstanceBase::~BLEInstanceBase()
                0x000000000001cc14                BLEInstanceBase::~BLEInstanceBase()
 .text._ZN15BLEInstanceBase21signalEventsToProcessEj
                0x000000000001cc16       0x10 ./BUILD/NRF52_DK/GCC_ARM/mbed-os/features/FEATURE_BLE/source/BLEInstanceBase.o
                0x000000000001cc16                BLEInstanceBase::signalEventsToProcess(unsigned int)
 .text._ZN17GapScanningParamsC2Etttb
                0x000000000001cc26       0x5c ./BUILD/NRF52_DK/GCC_ARM/mbed-os/features/FEATURE_BLE/source/GapScanningParams.o
                0x000000000001cc26                GapScanningParams::GapScanningParams(unsigned short, unsigned short, unsigned short, bool)
                0x000000000001cc26                GapScanningParams::GapScanningParams(unsigned short, unsigned short, unsigned short, bool)
 .text.sd_ble_gap_address_set
                0x000000000001cc82        0x4 ./BUILD/NRF52_DK/GCC_ARM/mbed-os/features/FEATURE_BLE/targets/TARGET_NORDIC/TARGET_NRF5/source/btle/btle.o
 .text.sd_ble_gap_address_get
                0x000000000001cc86        0x4 ./BUILD/NRF52_DK/GCC_ARM/mbed-os/features/FEATURE_BLE/targets/TARGET_NORDIC/TARGET_NRF5/source/btle/btle.o
 .text._ZL16sys_evt_dispatchm
                0x000000000001cc8a        0x4 ./BUILD/NRF52_DK/GCC_ARM/mbed-os/features/FEATURE_BLE/targets/TARGET_NORDIC/TARGET_NRF5/source/btle/btle.o
 *fill*         0x000000000001cc8e        0x2 
 .text._ZL11signalEventv
                0x000000000001cc90       0x20 ./BUILD/NRF52_DK/GCC_ARM/mbed-os/features/FEATURE_BLE/targets/TARGET_NORDIC/TARGET_NRF5/source/btle/btle.o
 .text._ZL12btle_handlerP9ble_evt_t
                0x000000000001ccb0      0x220 ./BUILD/NRF52_DK/GCC_ARM/mbed-os/features/FEATURE_BLE/targets/TARGET_NORDIC/TARGET_NRF5/source/btle/btle.o
 .text.btle_init
                0x000000000001ced0       0xb0 ./BUILD/NRF52_DK/GCC_ARM/mbed-os/features/FEATURE_BLE/targets/TARGET_NORDIC/TARGET_NRF5/source/btle/btle.o
                0x000000000001ced0                btle_init
 .text._ZN4UUIDC2Et
                0x000000000001cf80       0x1a ./BUILD/NRF52_DK/GCC_ARM/mbed-os/features/FEATURE_BLE/targets/TARGET_NORDIC/TARGET_NRF5/source/btle/btle_discovery.o
                0x000000000001cf80                UUID::UUID(unsigned short)
                0x000000000001cf80                UUID::UUID(unsigned short)
 .text._ZNK4UUIDeqERKS_
                0x000000000001cf9a       0x36 ./BUILD/NRF52_DK/GCC_ARM/mbed-os/features/FEATURE_BLE/targets/TARGET_NORDIC/TARGET_NRF5/source/btle/btle_discovery.o
                0x000000000001cf9a                UUID::operator==(UUID const&) const
 .text._ZN21nRF5xServiceDiscovery32terminateCharacteristicDiscoveryE11ble_error_t
                0x000000000001cfd0      0x13c ./BUILD/NRF52_DK/GCC_ARM/mbed-os/features/FEATURE_BLE/targets/TARGET_NORDIC/TARGET_NRF5/source/btle/btle_discovery.o
                0x000000000001cfd0                nRF5xServiceDiscovery::terminateCharacteristicDiscovery(ble_error_t)
 .text._Z20bleGattcEventHandlerPK9ble_evt_t
                0x000000000001d10c      0x17c ./BUILD/NRF52_DK/GCC_ARM/mbed-os/features/FEATURE_BLE/targets/TARGET_NORDIC/TARGET_NRF5/source/btle/btle_discovery.o
                0x000000000001d10c                bleGattcEventHandler(ble_evt_t const*)
 .text.sd_ble_gap_tx_power_set
                0x000000000001d288        0x4 ./BUILD/NRF52_DK/GCC_ARM/mbed-os/features/FEATURE_BLE/targets/TARGET_NORDIC/TARGET_NRF5/source/btle/btle_gap.o
 .text.sd_ble_gap_appearance_set
                0x000000000001d28c        0x4 ./BUILD/NRF52_DK/GCC_ARM/mbed-os/features/FEATURE_BLE/targets/TARGET_NORDIC/TARGET_NRF5/source/btle/btle_gap.o
 .text.sd_ble_gap_ppcp_set
                0x000000000001d290        0x4 ./BUILD/NRF52_DK/GCC_ARM/mbed-os/features/FEATURE_BLE/targets/TARGET_NORDIC/TARGET_NRF5/source/btle/btle_gap.o
 .text.sd_ble_gap_device_name_set
                0x000000000001d294        0x4 ./BUILD/NRF52_DK/GCC_ARM/mbed-os/features/FEATURE_BLE/targets/TARGET_NORDIC/TARGET_NRF5/source/btle/btle_gap.o
 .text._Z13btle_gap_initv
                0x000000000001d298       0x64 ./BUILD/NRF52_DK/GCC_ARM/mbed-os/features/FEATURE_BLE/targets/TARGET_NORDIC/TARGET_NRF5/source/btle/btle_gap.o
                0x000000000001d298                btle_gap_init()
 .text.sd_ble_gap_conn_sec_get
                0x000000000001d2fc        0x4 ./BUILD/NRF52_DK/GCC_ARM/mbed-os/features/FEATURE_BLE/targets/TARGET_NORDIC/TARGET_NRF5/source/btle/btle_security_pm.o
 .text.sd_ble_opt_set
                0x000000000001d300        0x4 ./BUILD/NRF52_DK/GCC_ARM/mbed-os/features/FEATURE_BLE/targets/TARGET_NORDIC/TARGET_NRF5/source/btle/btle_security_pm.o
 .text._ZL10pm_handlerPK8pm_evt_t
                0x000000000001d304      0x11c ./BUILD/NRF52_DK/GCC_ARM/mbed-os/features/FEATURE_BLE/targets/TARGET_NORDIC/TARGET_NRF5/source/btle/btle_security_pm.o
 .text._Z27btle_hasInitializedSecurityv
                0x000000000001d420        0xc ./BUILD/NRF52_DK/GCC_ARM/mbed-os/features/FEATURE_BLE/targets/TARGET_NORDIC/TARGET_NRF5/source/btle/btle_security_pm.o
                0x000000000001d420                btle_hasInitializedSecurity()
 .text._Z23btle_initializeSecuritybbN15SecurityManager24SecurityIOCapabilities_tEPKh
                0x000000000001d42c       0x98 ./BUILD/NRF52_DK/GCC_ARM/mbed-os/features/FEATURE_BLE/targets/TARGET_NORDIC/TARGET_NRF5/source/btle/btle_security_pm.o
                0x000000000001d42c                btle_initializeSecurity(bool, bool, SecurityManager::SecurityIOCapabilities_t, unsigned char const*)
 .text._Z25btle_purgeAllBondingStatev
                0x000000000001d4c4       0x28 ./BUILD/NRF52_DK/GCC_ARM/mbed-os/features/FEATURE_BLE/targets/TARGET_NORDIC/TARGET_NRF5/source/btle/btle_security_pm.o
                0x000000000001d4c4                btle_purgeAllBondingState()
 .text._Z20btle_getLinkSecuritytPN15SecurityManager20LinkSecurityStatus_tE
                0x000000000001d4ec       0x50 ./BUILD/NRF52_DK/GCC_ARM/mbed-os/features/FEATURE_BLE/targets/TARGET_NORDIC/TARGET_NRF5/source/btle/btle_security_pm.o
                0x000000000001d4ec                btle_getLinkSecurity(unsigned short, SecurityManager::LinkSecurityStatus_t*)
 .text._Z20btle_setLinkSecuritytN15SecurityManager14SecurityMode_tE
                0x000000000001d53c       0x74 ./BUILD/NRF52_DK/GCC_ARM/mbed-os/features/FEATURE_BLE/targets/TARGET_NORDIC/TARGET_NRF5/source/btle/btle_security_pm.o
                0x000000000001d53c                btle_setLinkSecurity(unsigned short, SecurityManager::SecurityMode_t)
 .text._Z33btle_createWhitelistFromBondTableP19ble_gap_whitelist_t
                0x000000000001d5b0       0x28 ./BUILD/NRF52_DK/GCC_ARM/mbed-os/features/FEATURE_BLE/targets/TARGET_NORDIC/TARGET_NRF5/source/btle/btle_security_pm.o
                0x000000000001d5b0                btle_createWhitelistFromBondTable(ble_gap_whitelist_t*)
 .text._Z23btle_matchAddressAndIrkPK14ble_gap_addr_tPK13ble_gap_irk_t
                0x000000000001d5d8        0x4 ./BUILD/NRF52_DK/GCC_ARM/mbed-os/features/FEATURE_BLE/targets/TARGET_NORDIC/TARGET_NRF5/source/btle/btle_security_pm.o
                0x000000000001d5d8                btle_matchAddressAndIrk(ble_gap_addr_t const*, ble_gap_irk_t const*)
 .text._Z30btle_generateResolvableAddressRK13ble_gap_irk_tR14ble_gap_addr_t
                0x000000000001d5dc       0x18 ./BUILD/NRF52_DK/GCC_ARM/mbed-os/features/FEATURE_BLE/targets/TARGET_NORDIC/TARGET_NRF5/source/btle/btle_security_pm.o
                0x000000000001d5dc                btle_generateResolvableAddress(ble_gap_irk_t const&, ble_gap_addr_t&)
 .text.sd_ble_gatts_characteristic_add
                0x000000000001d5f4        0x4 ./BUILD/NRF52_DK/GCC_ARM/mbed-os/features/FEATURE_BLE/targets/TARGET_NORDIC/TARGET_NRF5/source/btle/custom/custom_helper.o
 .text.sd_ble_gatts_descriptor_add
                0x000000000001d5f8        0x4 ./BUILD/NRF52_DK/GCC_ARM/mbed-os/features/FEATURE_BLE/targets/TARGET_NORDIC/TARGET_NRF5/source/btle/custom/custom_helper.o
 .text.sd_ble_uuid_vs_add
                0x000000000001d5fc        0x4 ./BUILD/NRF52_DK/GCC_ARM/mbed-os/features/FEATURE_BLE/targets/TARGET_NORDIC/TARGET_NRF5/source/btle/custom/custom_helper.o
 .text.custom_reset_128bits_uuid_table
                0x000000000001d600        0xc ./BUILD/NRF52_DK/GCC_ARM/mbed-os/features/FEATURE_BLE/targets/TARGET_NORDIC/TARGET_NRF5/source/btle/custom/custom_helper.o
                0x000000000001d600                custom_reset_128bits_uuid_table
 .text.custom_add_uuid_base
                0x000000000001d60c       0x2e ./BUILD/NRF52_DK/GCC_ARM/mbed-os/features/FEATURE_BLE/targets/TARGET_NORDIC/TARGET_NRF5/source/btle/custom/custom_helper.o
                0x000000000001d60c                custom_add_uuid_base
 *fill*         0x000000000001d63a        0x2 
 .text.custom_convert_to_nordic_uuid
                0x000000000001d63c       0xb0 ./BUILD/NRF52_DK/GCC_ARM/mbed-os/features/FEATURE_BLE/targets/TARGET_NORDIC/TARGET_NRF5/source/btle/custom/custom_helper.o
                0x000000000001d63c                custom_convert_to_nordic_uuid
 .text.custom_add_in_characteristic
                0x000000000001d6ec      0x1a8 ./BUILD/NRF52_DK/GCC_ARM/mbed-os/features/FEATURE_BLE/targets/TARGET_NORDIC/TARGET_NRF5/source/btle/custom/custom_helper.o
                0x000000000001d6ec                custom_add_in_characteristic
 .text.custom_add_in_descriptor
                0x000000000001d894       0x60 ./BUILD/NRF52_DK/GCC_ARM/mbed-os/features/FEATURE_BLE/targets/TARGET_NORDIC/TARGET_NRF5/source/btle/custom/custom_helper.o
                0x000000000001d894                custom_add_in_descriptor
 .text.sd_ble_gattc_descriptors_discover
                0x000000000001d8f4        0x4 ./BUILD/NRF52_DK/GCC_ARM/mbed-os/features/FEATURE_BLE/targets/TARGET_NORDIC/TARGET_NRF5/source/nRF5xCharacteristicDescriptorDiscoverer.o
 .text.sd_ble_gattc_attr_info_discover
                0x000000000001d8f8        0x4 ./BUILD/NRF52_DK/GCC_ARM/mbed-os/features/FEATURE_BLE/targets/TARGET_NORDIC/TARGET_NRF5/source/nRF5xCharacteristicDescriptorDiscoverer.o
 .text._ZN26FunctionPointerWithContextIPKN33CharacteristicDescriptorDiscovery25DiscoveryCallbackParams_tEE14functioncallerEPKS4_S3_
                0x000000000001d8fc        0xa ./BUILD/NRF52_DK/GCC_ARM/mbed-os/features/FEATURE_BLE/targets/TARGET_NORDIC/TARGET_NRF5/source/nRF5xCharacteristicDescriptorDiscoverer.o
                0x000000000001d8fc                FunctionPointerWithContext<CharacteristicDescriptorDiscovery::DiscoveryCallbackParams_t const*>::functioncaller(FunctionPointerWithContext<CharacteristicDescriptorDiscovery::DiscoveryCallbackParams_t const*> const*, CharacteristicDescriptorDiscovery::DiscoveryCallbackParams_t const*)
 .text._ZN26FunctionPointerWithContextIPKN33CharacteristicDescriptorDiscovery27TerminationCallbackParams_tEE14functioncallerEPKS4_S3_
                0x000000000001d906        0xa ./BUILD/NRF52_DK/GCC_ARM/mbed-os/features/FEATURE_BLE/targets/TARGET_NORDIC/TARGET_NRF5/source/nRF5xCharacteristicDescriptorDiscoverer.o
                0x000000000001d906                FunctionPointerWithContext<CharacteristicDescriptorDiscovery::TerminationCallbackParams_t const*>::functioncaller(FunctionPointerWithContext<CharacteristicDescriptorDiscovery::TerminationCallbackParams_t const*> const*, CharacteristicDescriptorDiscovery::TerminationCallbackParams_t const*)
 .text._ZeqRK24DiscoveredCharacteristicS1_
                0x000000000001d910       0x64 ./BUILD/NRF52_DK/GCC_ARM/mbed-os/features/FEATURE_BLE/targets/TARGET_NORDIC/TARGET_NRF5/source/nRF5xCharacteristicDescriptorDiscoverer.o
                0x000000000001d910                operator==(DiscoveredCharacteristic const&, DiscoveredCharacteristic const&)
 .text._ZN39nRF5xCharacteristicDescriptorDiscoverer9DiscoveryaSERKS0_
                0x000000000001d974       0x4c ./BUILD/NRF52_DK/GCC_ARM/mbed-os/features/FEATURE_BLE/targets/TARGET_NORDIC/TARGET_NRF5/source/nRF5xCharacteristicDescriptorDiscoverer.o
                0x000000000001d974                nRF5xCharacteristicDescriptorDiscoverer::Discovery::operator=(nRF5xCharacteristicDescriptorDiscoverer::Discovery const&)
 .text._ZNK39nRF5xCharacteristicDescriptorDiscoverer8isActiveERK24DiscoveredCharacteristic
                0x000000000001d9c0       0x1c ./BUILD/NRF52_DK/GCC_ARM/mbed-os/features/FEATURE_BLE/targets/TARGET_NORDIC/TARGET_NRF5/source/nRF5xCharacteristicDescriptorDiscoverer.o
                0x000000000001d9c0                nRF5xCharacteristicDescriptorDiscoverer::isActive(DiscoveredCharacteristic const&) const
 .text._ZN24DiscoveredCharacteristicC2ERKS_
                0x000000000001d9dc       0x34 ./BUILD/NRF52_DK/GCC_ARM/mbed-os/features/FEATURE_BLE/targets/TARGET_NORDIC/TARGET_NRF5/source/nRF5xCharacteristicDescriptorDiscoverer.o
                0x000000000001d9dc                DiscoveredCharacteristic::DiscoveredCharacteristic(DiscoveredCharacteristic const&)
                0x000000000001d9dc                DiscoveredCharacteristic::DiscoveredCharacteristic(DiscoveredCharacteristic const&)
 .text._ZN39nRF5xCharacteristicDescriptorDiscoverer26gattc_descriptors_discoverEttt
                0x000000000001da10       0x38 ./BUILD/NRF52_DK/GCC_ARM/mbed-os/features/FEATURE_BLE/targets/TARGET_NORDIC/TARGET_NRF5/source/nRF5xCharacteristicDescriptorDiscoverer.o
                0x000000000001da10                nRF5xCharacteristicDescriptorDiscoverer::gattc_descriptors_discover(unsigned short, unsigned short, unsigned short)
 .text._ZN39nRF5xCharacteristicDescriptorDiscoverer24gattc_attr_info_discoverEttt
                0x000000000001da48       0x40 ./BUILD/NRF52_DK/GCC_ARM/mbed-os/features/FEATURE_BLE/targets/TARGET_NORDIC/TARGET_NRF5/source/nRF5xCharacteristicDescriptorDiscoverer.o
                0x000000000001da48                nRF5xCharacteristicDescriptorDiscoverer::gattc_attr_info_discover(unsigned short, unsigned short, unsigned short)
 .text._ZN39nRF5xCharacteristicDescriptorDiscoverer9DiscoveryC2Ev
                0x000000000001da88       0x40 ./BUILD/NRF52_DK/GCC_ARM/mbed-os/features/FEATURE_BLE/targets/TARGET_NORDIC/TARGET_NRF5/source/nRF5xCharacteristicDescriptorDiscoverer.o
                0x000000000001da88                nRF5xCharacteristicDescriptorDiscoverer::Discovery::Discovery()
                0x000000000001da88                nRF5xCharacteristicDescriptorDiscoverer::Discovery::Discovery()
 .text._ZN39nRF5xCharacteristicDescriptorDiscovererC2Ev
                0x000000000001dac8       0x1c ./BUILD/NRF52_DK/GCC_ARM/mbed-os/features/FEATURE_BLE/targets/TARGET_NORDIC/TARGET_NRF5/source/nRF5xCharacteristicDescriptorDiscoverer.o
                0x000000000001dac8                nRF5xCharacteristicDescriptorDiscoverer::nRF5xCharacteristicDescriptorDiscoverer()
                0x000000000001dac8                nRF5xCharacteristicDescriptorDiscoverer::nRF5xCharacteristicDescriptorDiscoverer()
 .text._ZN39nRF5xCharacteristicDescriptorDiscoverer9DiscoveryC2ERK24DiscoveredCharacteristicRK26FunctionPointerWithContextIPKN33CharacteristicDescriptorDiscovery25DiscoveryCallbackParams_tEERKS4_IPKNS5_27TerminationCallbackParams_tEE
                0x000000000001dae4       0x36 ./BUILD/NRF52_DK/GCC_ARM/mbed-os/features/FEATURE_BLE/targets/TARGET_NORDIC/TARGET_NRF5/source/nRF5xCharacteristicDescriptorDiscoverer.o
                0x000000000001dae4                nRF5xCharacteristicDescriptorDiscoverer::Discovery::Discovery(DiscoveredCharacteristic const&, FunctionPointerWithContext<CharacteristicDescriptorDiscovery::DiscoveryCallbackParams_t const*> const&, FunctionPointerWithContext<CharacteristicDescriptorDiscovery::TerminationCallbackParams_t const*> const&)
                0x000000000001dae4                nRF5xCharacteristicDescriptorDiscoverer::Discovery::Discovery(DiscoveredCharacteristic const&, FunctionPointerWithContext<CharacteristicDescriptorDiscovery::DiscoveryCallbackParams_t const*> const&, FunctionPointerWithContext<CharacteristicDescriptorDiscovery::TerminationCallbackParams_t const*> const&)
 .text._ZN39nRF5xCharacteristicDescriptorDiscoverer9Discovery7processEtRK4UUID
                0x000000000001db1a       0x44 ./BUILD/NRF52_DK/GCC_ARM/mbed-os/features/FEATURE_BLE/targets/TARGET_NORDIC/TARGET_NRF5/source/nRF5xCharacteristicDescriptorDiscoverer.o
                0x000000000001db1a                nRF5xCharacteristicDescriptorDiscoverer::Discovery::process(unsigned short, UUID const&)
 .text._ZN39nRF5xCharacteristicDescriptorDiscoverer9Discovery9terminateE11ble_error_t
                0x000000000001db5e       0x16 ./BUILD/NRF52_DK/GCC_ARM/mbed-os/features/FEATURE_BLE/targets/TARGET_NORDIC/TARGET_NRF5/source/nRF5xCharacteristicDescriptorDiscoverer.o
                0x000000000001db5e                nRF5xCharacteristicDescriptorDiscoverer::Discovery::terminate(ble_error_t)
 .text._ZN39nRF5xCharacteristicDescriptorDiscoverer9terminateEPNS_9DiscoveryE11ble_error_t
                0x000000000001db74       0x4e ./BUILD/NRF52_DK/GCC_ARM/mbed-os/features/FEATURE_BLE/targets/TARGET_NORDIC/TARGET_NRF5/source/nRF5xCharacteristicDescriptorDiscoverer.o
                0x000000000001db74                nRF5xCharacteristicDescriptorDiscoverer::terminate(nRF5xCharacteristicDescriptorDiscoverer::Discovery*, ble_error_t)
 .text._ZNK39nRF5xCharacteristicDescriptorDiscoverer9Discovery7isEmptyEv
                0x000000000001dbc2       0x50 ./BUILD/NRF52_DK/GCC_ARM/mbed-os/features/FEATURE_BLE/targets/TARGET_NORDIC/TARGET_NRF5/source/nRF5xCharacteristicDescriptorDiscoverer.o
                0x000000000001dbc2                nRF5xCharacteristicDescriptorDiscoverer::Discovery::isEmpty() const
 .text._ZN39nRF5xCharacteristicDescriptorDiscoverer20findRunningDiscoveryERK24DiscoveredCharacteristic
                0x000000000001dc12       0x2a ./BUILD/NRF52_DK/GCC_ARM/mbed-os/features/FEATURE_BLE/targets/TARGET_NORDIC/TARGET_NRF5/source/nRF5xCharacteristicDescriptorDiscoverer.o
                0x000000000001dc12                nRF5xCharacteristicDescriptorDiscoverer::findRunningDiscovery(DiscoveredCharacteristic const&)
 .text._ZN39nRF5xCharacteristicDescriptorDiscoverer16requestTerminateERK24DiscoveredCharacteristic
                0x000000000001dc3c       0x1a ./BUILD/NRF52_DK/GCC_ARM/mbed-os/features/FEATURE_BLE/targets/TARGET_NORDIC/TARGET_NRF5/source/nRF5xCharacteristicDescriptorDiscoverer.o
                0x000000000001dc3c                nRF5xCharacteristicDescriptorDiscoverer::requestTerminate(DiscoveredCharacteristic const&)
 .text._ZN39nRF5xCharacteristicDescriptorDiscoverer20findRunningDiscoveryEt
                0x000000000001dc56       0x26 ./BUILD/NRF52_DK/GCC_ARM/mbed-os/features/FEATURE_BLE/targets/TARGET_NORDIC/TARGET_NRF5/source/nRF5xCharacteristicDescriptorDiscoverer.o
                0x000000000001dc56                nRF5xCharacteristicDescriptorDiscoverer::findRunningDiscovery(unsigned short)
 .text._ZN39nRF5xCharacteristicDescriptorDiscoverer9terminateEt11ble_error_t
                0x000000000001dc7c       0x1c ./BUILD/NRF52_DK/GCC_ARM/mbed-os/features/FEATURE_BLE/targets/TARGET_NORDIC/TARGET_NRF5/source/nRF5xCharacteristicDescriptorDiscoverer.o
                0x000000000001dc7c                nRF5xCharacteristicDescriptorDiscoverer::terminate(unsigned short, ble_error_t)
 .text._ZN39nRF5xCharacteristicDescriptorDiscoverer17isConnectionInUseEt
                0x000000000001dc98        0xe ./BUILD/NRF52_DK/GCC_ARM/mbed-os/features/FEATURE_BLE/targets/TARGET_NORDIC/TARGET_NRF5/source/nRF5xCharacteristicDescriptorDiscoverer.o
                0x000000000001dc98                nRF5xCharacteristicDescriptorDiscoverer::isConnectionInUse(unsigned short)
 .text._ZN39nRF5xCharacteristicDescriptorDiscoverer7processEtRK29ble_gattc_evt_desc_disc_rsp_t
                0x000000000001dca6       0x86 ./BUILD/NRF52_DK/GCC_ARM/mbed-os/features/FEATURE_BLE/targets/TARGET_NORDIC/TARGET_NRF5/source/nRF5xCharacteristicDescriptorDiscoverer.o
                0x000000000001dca6                nRF5xCharacteristicDescriptorDiscoverer::process(unsigned short, ble_gattc_evt_desc_disc_rsp_t const&)
 .text._ZN39nRF5xCharacteristicDescriptorDiscoverer27processAttributeInformationEtRK34ble_gattc_evt_attr_info_disc_rsp_t
                0x000000000001dd2c       0xc8 ./BUILD/NRF52_DK/GCC_ARM/mbed-os/features/FEATURE_BLE/targets/TARGET_NORDIC/TARGET_NRF5/source/nRF5xCharacteristicDescriptorDiscoverer.o
                0x000000000001dd2c                nRF5xCharacteristicDescriptorDiscoverer::processAttributeInformation(unsigned short, ble_gattc_evt_attr_info_disc_rsp_t const&)
 .text._ZN39nRF5xCharacteristicDescriptorDiscoverer25getAvailableDiscoverySlotEv
                0x000000000001ddf4       0x1c ./BUILD/NRF52_DK/GCC_ARM/mbed-os/features/FEATURE_BLE/targets/TARGET_NORDIC/TARGET_NRF5/source/nRF5xCharacteristicDescriptorDiscoverer.o
                0x000000000001ddf4                nRF5xCharacteristicDescriptorDiscoverer::getAvailableDiscoverySlot()
 .text._ZN39nRF5xCharacteristicDescriptorDiscoverer6launchERK24DiscoveredCharacteristicRK26FunctionPointerWithContextIPKN33CharacteristicDescriptorDiscovery25DiscoveryCallbackParams_tEERKS3_IPKNS4_27TerminationCallbackParams_tEE
                0x000000000001de10       0x74 ./BUILD/NRF52_DK/GCC_ARM/mbed-os/features/FEATURE_BLE/targets/TARGET_NORDIC/TARGET_NRF5/source/nRF5xCharacteristicDescriptorDiscoverer.o
                0x000000000001de10                nRF5xCharacteristicDescriptorDiscoverer::launch(DiscoveredCharacteristic const&, FunctionPointerWithContext<CharacteristicDescriptorDiscovery::DiscoveryCallbackParams_t const*> const&, FunctionPointerWithContext<CharacteristicDescriptorDiscovery::TerminationCallbackParams_t const*> const&)
 .text._ZN29nRF5xDiscoveredCharacteristic5setupEP15nRF5xGattClientt21ble_gatt_char_props_ttt
                0x000000000001de84       0x4a ./BUILD/NRF52_DK/GCC_ARM/mbed-os/features/FEATURE_BLE/targets/TARGET_NORDIC/TARGET_NRF5/source/nRF5xDiscoveredCharacteristic.o
                0x000000000001de84                nRF5xDiscoveredCharacteristic::setup(nRF5xGattClient*, unsigned short, ble_gatt_char_props_t, unsigned short, unsigned short)
 .text._ZN29nRF5xDiscoveredCharacteristic5setupEP15nRF5xGattClienttt21ble_gatt_char_props_ttt
                0x000000000001dece       0x78 ./BUILD/NRF52_DK/GCC_ARM/mbed-os/features/FEATURE_BLE/targets/TARGET_NORDIC/TARGET_NRF5/source/nRF5xDiscoveredCharacteristic.o
                0x000000000001dece                nRF5xDiscoveredCharacteristic::setup(nRF5xGattClient*, unsigned short, unsigned short, ble_gatt_char_props_t, unsigned short, unsigned short)
 .text.sd_ble_gap_address_set
                0x000000000001df46        0x4 ./BUILD/NRF52_DK/GCC_ARM/mbed-os/features/FEATURE_BLE/targets/TARGET_NORDIC/TARGET_NRF5/source/nRF5xGap.o
 .text.sd_ble_gap_address_get
                0x000000000001df4a        0x4 ./BUILD/NRF52_DK/GCC_ARM/mbed-os/features/FEATURE_BLE/targets/TARGET_NORDIC/TARGET_NRF5/source/nRF5xGap.o
 .text.sd_ble_gap_adv_data_set
                0x000000000001df4e        0x4 ./BUILD/NRF52_DK/GCC_ARM/mbed-os/features/FEATURE_BLE/targets/TARGET_NORDIC/TARGET_NRF5/source/nRF5xGap.o
 .text.sd_ble_gap_adv_start
                0x000000000001df52        0x4 ./BUILD/NRF52_DK/GCC_ARM/mbed-os/features/FEATURE_BLE/targets/TARGET_NORDIC/TARGET_NRF5/source/nRF5xGap.o
 .text.sd_ble_gap_adv_stop
                0x000000000001df56        0x4 ./BUILD/NRF52_DK/GCC_ARM/mbed-os/features/FEATURE_BLE/targets/TARGET_NORDIC/TARGET_NRF5/source/nRF5xGap.o
 .text.sd_ble_gap_conn_param_update
                0x000000000001df5a        0x4 ./BUILD/NRF52_DK/GCC_ARM/mbed-os/features/FEATURE_BLE/targets/TARGET_NORDIC/TARGET_NRF5/source/nRF5xGap.o
 .text.sd_ble_gap_disconnect
                0x000000000001df5e        0x4 ./BUILD/NRF52_DK/GCC_ARM/mbed-os/features/FEATURE_BLE/targets/TARGET_NORDIC/TARGET_NRF5/source/nRF5xGap.o
 .text.sd_ble_gap_tx_power_set
                0x000000000001df62        0x4 ./BUILD/NRF52_DK/GCC_ARM/mbed-os/features/FEATURE_BLE/targets/TARGET_NORDIC/TARGET_NRF5/source/nRF5xGap.o
 .text.sd_ble_gap_appearance_set
                0x000000000001df66        0x4 ./BUILD/NRF52_DK/GCC_ARM/mbed-os/features/FEATURE_BLE/targets/TARGET_NORDIC/TARGET_NRF5/source/nRF5xGap.o
 .text.sd_ble_gap_appearance_get
                0x000000000001df6a        0x4 ./BUILD/NRF52_DK/GCC_ARM/mbed-os/features/FEATURE_BLE/targets/TARGET_NORDIC/TARGET_NRF5/source/nRF5xGap.o
 .text.sd_ble_gap_ppcp_set
                0x000000000001df6e        0x4 ./BUILD/NRF52_DK/GCC_ARM/mbed-os/features/FEATURE_BLE/targets/TARGET_NORDIC/TARGET_NRF5/source/nRF5xGap.o
 .text.sd_ble_gap_ppcp_get
                0x000000000001df72        0x4 ./BUILD/NRF52_DK/GCC_ARM/mbed-os/features/FEATURE_BLE/targets/TARGET_NORDIC/TARGET_NRF5/source/nRF5xGap.o
 .text.sd_ble_gap_device_name_set
                0x000000000001df76        0x4 ./BUILD/NRF52_DK/GCC_ARM/mbed-os/features/FEATURE_BLE/targets/TARGET_NORDIC/TARGET_NRF5/source/nRF5xGap.o
 .text.sd_ble_gap_device_name_get
                0x000000000001df7a        0x4 ./BUILD/NRF52_DK/GCC_ARM/mbed-os/features/FEATURE_BLE/targets/TARGET_NORDIC/TARGET_NRF5/source/nRF5xGap.o
 .text.sd_ble_gap_scan_start
                0x000000000001df7e        0x4 ./BUILD/NRF52_DK/GCC_ARM/mbed-os/features/FEATURE_BLE/targets/TARGET_NORDIC/TARGET_NRF5/source/nRF5xGap.o
 .text.sd_ble_gap_scan_stop
                0x000000000001df82        0x4 ./BUILD/NRF52_DK/GCC_ARM/mbed-os/features/FEATURE_BLE/targets/TARGET_NORDIC/TARGET_NRF5/source/nRF5xGap.o
 .text.sd_ble_gap_connect
                0x000000000001df86        0x4 ./BUILD/NRF52_DK/GCC_ARM/mbed-os/features/FEATURE_BLE/targets/TARGET_NORDIC/TARGET_NRF5/source/nRF5xGap.o
 .text._ZNK8nRF5xGap25getMinAdvertisingIntervalEv
                0x000000000001df8a        0x4 ./BUILD/NRF52_DK/GCC_ARM/mbed-os/features/FEATURE_BLE/targets/TARGET_NORDIC/TARGET_NRF5/source/nRF5xGap.o
                0x000000000001df8a                nRF5xGap::getMinAdvertisingInterval() const
 .text._ZNK8nRF5xGap39getMinNonConnectableAdvertisingIntervalEv
                0x000000000001df8e        0x4 ./BUILD/NRF52_DK/GCC_ARM/mbed-os/features/FEATURE_BLE/targets/TARGET_NORDIC/TARGET_NRF5/source/nRF5xGap.o
                0x000000000001df8e                nRF5xGap::getMinNonConnectableAdvertisingInterval() const
 .text._ZNK8nRF5xGap25getMaxAdvertisingIntervalEv
                0x000000000001df92        0x6 ./BUILD/NRF52_DK/GCC_ARM/mbed-os/features/FEATURE_BLE/targets/TARGET_NORDIC/TARGET_NRF5/source/nRF5xGap.o
                0x000000000001df92                nRF5xGap::getMaxAdvertisingInterval() const
 .text._ZN8nRF5xGap8stopScanEv
                0x000000000001df98       0x10 ./BUILD/NRF52_DK/GCC_ARM/mbed-os/features/FEATURE_BLE/targets/TARGET_NORDIC/TARGET_NRF5/source/nRF5xGap.o
                0x000000000001df98                nRF5xGap::stopScan()
 .text._ZN8nRF5xGap15stopAdvertisingEv
                0x000000000001dfa8       0x1c ./BUILD/NRF52_DK/GCC_ARM/mbed-os/features/FEATURE_BLE/targets/TARGET_NORDIC/TARGET_NRF5/source/nRF5xGap.o
                0x000000000001dfa8                nRF5xGap::stopAdvertising()
 .text._ZN8nRF5xGap10disconnectEtN3Gap21DisconnectionReason_tE
                0x000000000001dfc4       0x1a ./BUILD/NRF52_DK/GCC_ARM/mbed-os/features/FEATURE_BLE/targets/TARGET_NORDIC/TARGET_NRF5/source/nRF5xGap.o
                0x000000000001dfc4                nRF5xGap::disconnect(unsigned short, Gap::DisconnectionReason_t)
 .text._ZN8nRF5xGap10disconnectEN3Gap21DisconnectionReason_tE
                0x000000000001dfde       0x14 ./BUILD/NRF52_DK/GCC_ARM/mbed-os/features/FEATURE_BLE/targets/TARGET_NORDIC/TARGET_NRF5/source/nRF5xGap.o
                0x000000000001dfde                nRF5xGap::disconnect(Gap::DisconnectionReason_t)
 .text._ZN8nRF5xGap28getPreferredConnectionParamsEPN3Gap18ConnectionParams_tE
                0x000000000001dff2       0x12 ./BUILD/NRF52_DK/GCC_ARM/mbed-os/features/FEATURE_BLE/targets/TARGET_NORDIC/TARGET_NRF5/source/nRF5xGap.o
                0x000000000001dff2                nRF5xGap::getPreferredConnectionParams(Gap::ConnectionParams_t*)
 .text._ZN8nRF5xGap28setPreferredConnectionParamsEPKN3Gap18ConnectionParams_tE
                0x000000000001e004       0x12 ./BUILD/NRF52_DK/GCC_ARM/mbed-os/features/FEATURE_BLE/targets/TARGET_NORDIC/TARGET_NRF5/source/nRF5xGap.o
                0x000000000001e004                nRF5xGap::setPreferredConnectionParams(Gap::ConnectionParams_t const*)
 .text._ZN8nRF5xGap22updateConnectionParamsEtPKN3Gap18ConnectionParams_tE
                0x000000000001e016       0x14 ./BUILD/NRF52_DK/GCC_ARM/mbed-os/features/FEATURE_BLE/targets/TARGET_NORDIC/TARGET_NRF5/source/nRF5xGap.o
                0x000000000001e016                nRF5xGap::updateConnectionParams(unsigned short, Gap::ConnectionParams_t const*)
 .text._ZN8nRF5xGap13getDeviceNameEPhPj
                0x000000000001e02a       0x14 ./BUILD/NRF52_DK/GCC_ARM/mbed-os/features/FEATURE_BLE/targets/TARGET_NORDIC/TARGET_NRF5/source/nRF5xGap.o
                0x000000000001e02a                nRF5xGap::getDeviceName(unsigned char*, unsigned int*)
 .text._ZN8nRF5xGap13setAppearanceEN18GapAdvertisingData12Appearance_tE
                0x000000000001e03e       0x12 ./BUILD/NRF52_DK/GCC_ARM/mbed-os/features/FEATURE_BLE/targets/TARGET_NORDIC/TARGET_NRF5/source/nRF5xGap.o
                0x000000000001e03e                nRF5xGap::setAppearance(GapAdvertisingData::Appearance_t)
 .text._ZN8nRF5xGap13getAppearanceEPN18GapAdvertisingData12Appearance_tE
                0x000000000001e050       0x12 ./BUILD/NRF52_DK/GCC_ARM/mbed-os/features/FEATURE_BLE/targets/TARGET_NORDIC/TARGET_NRF5/source/nRF5xGap.o
                0x000000000001e050                nRF5xGap::getAppearance(GapAdvertisingData::Appearance_t*)
 .text._ZN8nRF5xGap10setTxPowerEa
                0x000000000001e062       0x14 ./BUILD/NRF52_DK/GCC_ARM/mbed-os/features/FEATURE_BLE/targets/TARGET_NORDIC/TARGET_NRF5/source/nRF5xGap.o
                0x000000000001e062                nRF5xGap::setTxPower(signed char)
 *fill*         0x000000000001e076        0x2 
 .text._ZN8nRF5xGap25getPermittedTxPowerValuesEPPKaPj
                0x000000000001e078       0x10 ./BUILD/NRF52_DK/GCC_ARM/mbed-os/features/FEATURE_BLE/targets/TARGET_NORDIC/TARGET_NRF5/source/nRF5xGap.o
                0x000000000001e078                nRF5xGap::getPermittedTxPowerValues(signed char const**, unsigned int*)
 .text._ZNK8nRF5xGap19getMaxWhitelistSizeEv
                0x000000000001e088        0x4 ./BUILD/NRF52_DK/GCC_ARM/mbed-os/features/FEATURE_BLE/targets/TARGET_NORDIC/TARGET_NRF5/source/nRF5xGap.o
                0x000000000001e088                nRF5xGap::getMaxWhitelistSize() const
 .text._ZN8nRF5xGap24setAdvertisingPolicyModeEN3Gap23AdvertisingPolicyMode_tE
                0x000000000001e08c        0x8 ./BUILD/NRF52_DK/GCC_ARM/mbed-os/features/FEATURE_BLE/targets/TARGET_NORDIC/TARGET_NRF5/source/nRF5xGap.o
                0x000000000001e08c                nRF5xGap::setAdvertisingPolicyMode(Gap::AdvertisingPolicyMode_t)
 .text._ZN8nRF5xGap21setScanningPolicyModeEN3Gap20ScanningPolicyMode_tE
                0x000000000001e094        0x8 ./BUILD/NRF52_DK/GCC_ARM/mbed-os/features/FEATURE_BLE/targets/TARGET_NORDIC/TARGET_NRF5/source/nRF5xGap.o
                0x000000000001e094                nRF5xGap::setScanningPolicyMode(Gap::ScanningPolicyMode_t)
 .text._ZN8nRF5xGap22setInitiatorPolicyModeEN3Gap21InitiatorPolicyMode_tE
                0x000000000001e09c        0x4 ./BUILD/NRF52_DK/GCC_ARM/mbed-os/features/FEATURE_BLE/targets/TARGET_NORDIC/TARGET_NRF5/source/nRF5xGap.o
                0x000000000001e09c                nRF5xGap::setInitiatorPolicyMode(Gap::InitiatorPolicyMode_t)
 .text._ZNK8nRF5xGap24getAdvertisingPolicyModeEv
                0x000000000001e0a0        0x6 ./BUILD/NRF52_DK/GCC_ARM/mbed-os/features/FEATURE_BLE/targets/TARGET_NORDIC/TARGET_NRF5/source/nRF5xGap.o
                0x000000000001e0a0                nRF5xGap::getAdvertisingPolicyMode() const
 .text._ZNK8nRF5xGap21getScanningPolicyModeEv
                0x000000000001e0a6        0x6 ./BUILD/NRF52_DK/GCC_ARM/mbed-os/features/FEATURE_BLE/targets/TARGET_NORDIC/TARGET_NRF5/source/nRF5xGap.o
                0x000000000001e0a6                nRF5xGap::getScanningPolicyMode() const
 .text._ZNK8nRF5xGap22getInitiatorPolicyModeEv
                0x000000000001e0ac        0x4 ./BUILD/NRF52_DK/GCC_ARM/mbed-os/features/FEATURE_BLE/targets/TARGET_NORDIC/TARGET_NRF5/source/nRF5xGap.o
                0x000000000001e0ac                nRF5xGap::getInitiatorPolicyMode() const
 .text._ZN26FunctionPointerWithContextIPKN3Gap29AdvertisementCallbackParams_tEE14functioncallerEPKS4_S3_
                0x000000000001e0b0        0xa ./BUILD/NRF52_DK/GCC_ARM/mbed-os/features/FEATURE_BLE/targets/TARGET_NORDIC/TARGET_NRF5/source/nRF5xGap.o
                0x000000000001e0b0                FunctionPointerWithContext<Gap::AdvertisementCallbackParams_t const*>::functioncaller(FunctionPointerWithContext<Gap::AdvertisementCallbackParams_t const*> const*, Gap::AdvertisementCallbackParams_t const*)
 .text._ZN26FunctionPointerWithContextIbE14functioncallerEPKS0_b
                0x000000000001e0ba        0xa ./BUILD/NRF52_DK/GCC_ARM/mbed-os/features/FEATURE_BLE/targets/TARGET_NORDIC/TARGET_NRF5/source/nRF5xGap.o
                0x000000000001e0ba                FunctionPointerWithContext<bool>::functioncaller(FunctionPointerWithContext<bool> const*, bool)
 .text._ZN8nRF5xGap29postRadioNotificationCallbackEv
                0x000000000001e0c4        0xa ./BUILD/NRF52_DK/GCC_ARM/mbed-os/features/FEATURE_BLE/targets/TARGET_NORDIC/TARGET_NRF5/source/nRF5xGap.o
                0x000000000001e0c4                nRF5xGap::postRadioNotificationCallback()
 .text._ZN4mbed8CallbackIFvvEE13function_moveINS2_14method_contextI8nRF5xGapMS5_FvvEEEEEvPvPKv
                0x000000000001e0ce        0xc ./BUILD/NRF52_DK/GCC_ARM/mbed-os/features/FEATURE_BLE/targets/TARGET_NORDIC/TARGET_NRF5/source/nRF5xGap.o
                0x000000000001e0ce                void mbed::Callback<void ()>::function_move<mbed::Callback<void ()>::method_context<nRF5xGap, void (nRF5xGap::*)()> >(void*, void const*)
 .text._ZN4mbed8CallbackIFvvEE13function_dtorINS2_14method_contextI8nRF5xGapMS5_FvvEEEEEvPv
                0x000000000001e0da        0x2 ./BUILD/NRF52_DK/GCC_ARM/mbed-os/features/FEATURE_BLE/targets/TARGET_NORDIC/TARGET_NRF5/source/nRF5xGap.o
                0x000000000001e0da                void mbed::Callback<void ()>::function_dtor<mbed::Callback<void ()>::method_context<nRF5xGap, void (nRF5xGap::*)()> >(void*)
 .text._ZN4mbed8CallbackIFvvEE13function_callINS2_14method_contextI8nRF5xGapMS5_FvvEEEEEvPKv
                0x000000000001e0dc       0x18 ./BUILD/NRF52_DK/GCC_ARM/mbed-os/features/FEATURE_BLE/targets/TARGET_NORDIC/TARGET_NRF5/source/nRF5xGap.o
                0x000000000001e0dc                void mbed::Callback<void ()>::function_call<mbed::Callback<void ()>::method_context<nRF5xGap, void (nRF5xGap::*)()> >(void const*)
 .text._ZN8nRF5xGap10setAddressEN11BLEProtocol11AddressType4TypeEPKh
                0x000000000001e0f4       0x34 ./BUILD/NRF52_DK/GCC_ARM/mbed-os/features/FEATURE_BLE/targets/TARGET_NORDIC/TARGET_NRF5/source/nRF5xGap.o
                0x000000000001e0f4                nRF5xGap::setAddress(BLEProtocol::AddressType::Type, unsigned char const*)
 .text._ZN8nRF5xGap10getAddressEPN11BLEProtocol11AddressType4TypeEPh
                0x000000000001e128       0x32 ./BUILD/NRF52_DK/GCC_ARM/mbed-os/features/FEATURE_BLE/targets/TARGET_NORDIC/TARGET_NRF5/source/nRF5xGap.o
                0x000000000001e128                nRF5xGap::getAddress(BLEProtocol::AddressType::Type*, unsigned char*)
 .text._ZNK8nRF5xGap12getWhitelistERN3Gap11Whitelist_tE
                0x000000000001e15a       0x38 ./BUILD/NRF52_DK/GCC_ARM/mbed-os/features/FEATURE_BLE/targets/TARGET_NORDIC/TARGET_NRF5/source/nRF5xGap.o
                0x000000000001e15a                nRF5xGap::getWhitelist(Gap::Whitelist_t&) const
 .text._ZN8nRF5xGap13setDeviceNameEPKh
                0x000000000001e192       0x34 ./BUILD/NRF52_DK/GCC_ARM/mbed-os/features/FEATURE_BLE/targets/TARGET_NORDIC/TARGET_NRF5/source/nRF5xGap.o
                0x000000000001e192                nRF5xGap::setDeviceName(unsigned char const*)
 *fill*         0x000000000001e1c6        0x2 
 .text._ZN8nRF5xGap21initRadioNotificationEv
                0x000000000001e1c8       0x1c ./BUILD/NRF52_DK/GCC_ARM/mbed-os/features/FEATURE_BLE/targets/TARGET_NORDIC/TARGET_NRF5/source/nRF5xGap.o
                0x000000000001e1c8                nRF5xGap::initRadioNotification()
 .text._ZN8nRF5xGap12setWhitelistERKN3Gap11Whitelist_tE
                0x000000000001e1e4       0x7a ./BUILD/NRF52_DK/GCC_ARM/mbed-os/features/FEATURE_BLE/targets/TARGET_NORDIC/TARGET_NRF5/source/nRF5xGap.o
                0x000000000001e1e4                nRF5xGap::setWhitelist(Gap::Whitelist_t const&)
 .text._ZN8nRF5xGap18setAdvertisingDataERK18GapAdvertisingDataS2_
                0x000000000001e25e       0x2c ./BUILD/NRF52_DK/GCC_ARM/mbed-os/features/FEATURE_BLE/targets/TARGET_NORDIC/TARGET_NRF5/source/nRF5xGap.o
                0x000000000001e25e                nRF5xGap::setAdvertisingData(GapAdvertisingData const&, GapAdvertisingData const&)
 *fill*         0x000000000001e28a        0x2 
 .text._ZN3Gap5resetEv
                0x000000000001e28c       0xec ./BUILD/NRF52_DK/GCC_ARM/mbed-os/features/FEATURE_BLE/targets/TARGET_NORDIC/TARGET_NRF5/source/nRF5xGap.o
                0x000000000001e28c                Gap::reset()
 .text._ZN8nRF5xGap5resetEv
                0x000000000001e378       0x24 ./BUILD/NRF52_DK/GCC_ARM/mbed-os/features/FEATURE_BLE/targets/TARGET_NORDIC/TARGET_NRF5/source/nRF5xGap.o
                0x000000000001e378                nRF5xGap::reset()
 .text._ZN8nRF5xGap19setConnectionHandleEt
                0x000000000001e39c        0x6 ./BUILD/NRF52_DK/GCC_ARM/mbed-os/features/FEATURE_BLE/targets/TARGET_NORDIC/TARGET_NRF5/source/nRF5xGap.o
                0x000000000001e39c                nRF5xGap::setConnectionHandle(unsigned short)
 .text._ZN8nRF5xGap19getConnectionHandleEv
                0x000000000001e3a2        0x6 ./BUILD/NRF52_DK/GCC_ARM/mbed-os/features/FEATURE_BLE/targets/TARGET_NORDIC/TARGET_NRF5/source/nRF5xGap.o
                0x000000000001e3a2                nRF5xGap::getConnectionHandle()
 .text._ZN8nRF5xGap22generateStackWhitelistER19ble_gap_whitelist_t
                0x000000000001e3a8       0xda ./BUILD/NRF52_DK/GCC_ARM/mbed-os/features/FEATURE_BLE/targets/TARGET_NORDIC/TARGET_NRF5/source/nRF5xGap.o
                0x000000000001e3a8                nRF5xGap::generateStackWhitelist(ble_gap_whitelist_t&)
 .text._ZN8nRF5xGap16startAdvertisingERK20GapAdvertisingParams
                0x000000000001e482       0x9a ./BUILD/NRF52_DK/GCC_ARM/mbed-os/features/FEATURE_BLE/targets/TARGET_NORDIC/TARGET_NRF5/source/nRF5xGap.o
                0x000000000001e482                nRF5xGap::startAdvertising(GapAdvertisingParams const&)
 .text._ZN8nRF5xGap14startRadioScanERK17GapScanningParams
                0x000000000001e51c       0x6a ./BUILD/NRF52_DK/GCC_ARM/mbed-os/features/FEATURE_BLE/targets/TARGET_NORDIC/TARGET_NRF5/source/nRF5xGap.o
                0x000000000001e51c                nRF5xGap::startRadioScan(GapScanningParams const&)
 .text._ZN8nRF5xGap7connectEPKhN11BLEProtocol11AddressType4TypeEPKN3Gap18ConnectionParams_tEPK17GapScanningParams
                0x000000000001e586       0xfc ./BUILD/NRF52_DK/GCC_ARM/mbed-os/features/FEATURE_BLE/targets/TARGET_NORDIC/TARGET_NRF5/source/nRF5xGap.o
                0x000000000001e586                nRF5xGap::connect(unsigned char const*, BLEProtocol::AddressType::Type, Gap::ConnectionParams_t const*, GapScanningParams const*)
 *fill*         0x000000000001e682        0x2 
 .text._Z31radioNotificationStaticCallbackb
                0x000000000001e684       0x60 ./BUILD/NRF52_DK/GCC_ARM/mbed-os/features/FEATURE_BLE/targets/TARGET_NORDIC/TARGET_NRF5/source/nRF5xGap.o
                0x000000000001e684                radioNotificationStaticCallback(bool)
 .text._ZN10GattClient16discoverServicesEt26FunctionPointerWithContextIPK17DiscoveredServiceEtt
                0x000000000001e6e4        0x4 ./BUILD/NRF52_DK/GCC_ARM/mbed-os/features/FEATURE_BLE/targets/TARGET_NORDIC/TARGET_NRF5/source/nRF5xGattClient.o
                0x000000000001e6e4                GattClient::discoverServices(unsigned short, FunctionPointerWithContext<DiscoveredService const*>, unsigned short, unsigned short)
 .text._ZNK10GattClient41isCharacteristicDescriptorDiscoveryActiveERK24DiscoveredCharacteristic
                0x000000000001e6e8        0x4 ./BUILD/NRF52_DK/GCC_ARM/mbed-os/features/FEATURE_BLE/targets/TARGET_NORDIC/TARGET_NRF5/source/nRF5xGattClient.o
                0x000000000001e6e8                GattClient::isCharacteristicDescriptorDiscoveryActive(DiscoveredCharacteristic const&) const
 .text._ZN10GattClient42terminateCharacteristicDescriptorDiscoveryERK24DiscoveredCharacteristic
                0x000000000001e6ec        0x2 ./BUILD/NRF52_DK/GCC_ARM/mbed-os/features/FEATURE_BLE/targets/TARGET_NORDIC/TARGET_NRF5/source/nRF5xGattClient.o
                0x000000000001e6ec                GattClient::terminateCharacteristicDescriptorDiscovery(DiscoveredCharacteristic const&)
 .text.sd_ble_gattc_primary_services_discover
                0x000000000001e6ee        0x4 ./BUILD/NRF52_DK/GCC_ARM/mbed-os/features/FEATURE_BLE/targets/TARGET_NORDIC/TARGET_NRF5/source/nRF5xGattClient.o
 .text.sd_ble_gattc_read
                0x000000000001e6f2        0x4 ./BUILD/NRF52_DK/GCC_ARM/mbed-os/features/FEATURE_BLE/targets/TARGET_NORDIC/TARGET_NRF5/source/nRF5xGattClient.o
 .text.sd_ble_gattc_write
                0x000000000001e6f6        0x4 ./BUILD/NRF52_DK/GCC_ARM/mbed-os/features/FEATURE_BLE/targets/TARGET_NORDIC/TARGET_NRF5/source/nRF5xGattClient.o
 .text._ZNK15nRF5xGattClient24isServiceDiscoveryActiveEv
                0x000000000001e6fa        0xc ./BUILD/NRF52_DK/GCC_ARM/mbed-os/features/FEATURE_BLE/targets/TARGET_NORDIC/TARGET_NRF5/source/nRF5xGattClient.o
                0x000000000001e6fa                nRF5xGattClient::isServiceDiscoveryActive() const
 .text._ZNK15nRF5xGattClient4readEttt
                0x000000000001e706       0x18 ./BUILD/NRF52_DK/GCC_ARM/mbed-os/features/FEATURE_BLE/targets/TARGET_NORDIC/TARGET_NRF5/source/nRF5xGattClient.o
                0x000000000001e706                nRF5xGattClient::read(unsigned short, unsigned short, unsigned short) const
 .text._ZNK15nRF5xGattClient5writeEN10GattClient9WriteOp_tEttjPKh
                0x000000000001e71e       0x42 ./BUILD/NRF52_DK/GCC_ARM/mbed-os/features/FEATURE_BLE/targets/TARGET_NORDIC/TARGET_NRF5/source/nRF5xGattClient.o
                0x000000000001e71e                nRF5xGattClient::write(GattClient::WriteOp_t, unsigned short, unsigned short, unsigned int, unsigned char const*) const
 .text._ZN26FunctionPointerWithContextIPK17DiscoveredServiceE14functioncallerEPKS3_S2_
                0x000000000001e760        0xa ./BUILD/NRF52_DK/GCC_ARM/mbed-os/features/FEATURE_BLE/targets/TARGET_NORDIC/TARGET_NRF5/source/nRF5xGattClient.o
                0x000000000001e760                FunctionPointerWithContext<DiscoveredService const*>::functioncaller(FunctionPointerWithContext<DiscoveredService const*> const*, DiscoveredService const*)
 .text._ZN26FunctionPointerWithContextIPK24DiscoveredCharacteristicE14functioncallerEPKS3_S2_
                0x000000000001e76a        0xa ./BUILD/NRF52_DK/GCC_ARM/mbed-os/features/FEATURE_BLE/targets/TARGET_NORDIC/TARGET_NRF5/source/nRF5xGattClient.o
                0x000000000001e76a                FunctionPointerWithContext<DiscoveredCharacteristic const*>::functioncaller(FunctionPointerWithContext<DiscoveredCharacteristic const*> const*, DiscoveredCharacteristic const*)
 .text._ZN26FunctionPointerWithContextItE14functioncallerEPKS0_t
                0x000000000001e774        0xa ./BUILD/NRF52_DK/GCC_ARM/mbed-os/features/FEATURE_BLE/targets/TARGET_NORDIC/TARGET_NRF5/source/nRF5xGattClient.o
                0x000000000001e774                FunctionPointerWithContext<unsigned short>::functioncaller(FunctionPointerWithContext<unsigned short> const*, unsigned short)
 .text._ZN15nRF5xGattClient33discoverCharacteristicDescriptorsERK24DiscoveredCharacteristicRK26FunctionPointerWithContextIPKN33CharacteristicDescriptorDiscovery25DiscoveryCallbackParams_tEERKS3_IPKNS4_27TerminationCallbackParams_tEE
                0x000000000001e77e        0x8 ./BUILD/NRF52_DK/GCC_ARM/mbed-os/features/FEATURE_BLE/targets/TARGET_NORDIC/TARGET_NRF5/source/nRF5xGattClient.o
                0x000000000001e77e                nRF5xGattClient::discoverCharacteristicDescriptors(DiscoveredCharacteristic const&, FunctionPointerWithContext<CharacteristicDescriptorDiscovery::DiscoveryCallbackParams_t const*> const&, FunctionPointerWithContext<CharacteristicDescriptorDiscovery::TerminationCallbackParams_t const*> const&)
 .text._ZNK15nRF5xGattClient42isCharacteristicDescriptorsDiscoveryActiveERK24DiscoveredCharacteristic
                0x000000000001e786        0x8 ./BUILD/NRF52_DK/GCC_ARM/mbed-os/features/FEATURE_BLE/targets/TARGET_NORDIC/TARGET_NRF5/source/nRF5xGattClient.o
                0x000000000001e786                nRF5xGattClient::isCharacteristicDescriptorsDiscoveryActive(DiscoveredCharacteristic const&) const
 .text._ZN15nRF5xGattClient43terminateCharacteristicDescriptorsDiscoveryERK24DiscoveredCharacteristic
                0x000000000001e78e        0x8 ./BUILD/NRF52_DK/GCC_ARM/mbed-os/features/FEATURE_BLE/targets/TARGET_NORDIC/TARGET_NRF5/source/nRF5xGattClient.o
                0x000000000001e78e                nRF5xGattClient::terminateCharacteristicDescriptorsDiscovery(DiscoveredCharacteristic const&)
 .text._ZN15nRF5xGattClient29onServiceDiscoveryTerminationE26FunctionPointerWithContextItE
                0x000000000001e796       0x28 ./BUILD/NRF52_DK/GCC_ARM/mbed-os/features/FEATURE_BLE/targets/TARGET_NORDIC/TARGET_NRF5/source/nRF5xGattClient.o
                0x000000000001e796                nRF5xGattClient::onServiceDiscoveryTermination(FunctionPointerWithContext<unsigned short>)
 *fill*         0x000000000001e7be        0x2 
 .text._ZN10GattClient16discoverServicesEt26FunctionPointerWithContextIPK17DiscoveredServiceERK4UUID
                0x000000000001e7c0       0x50 ./BUILD/NRF52_DK/GCC_ARM/mbed-os/features/FEATURE_BLE/targets/TARGET_NORDIC/TARGET_NRF5/source/nRF5xGattClient.o
                0x000000000001e7c0                GattClient::discoverServices(unsigned short, FunctionPointerWithContext<DiscoveredService const*>, UUID const&)
 .text._ZN16ServiceDiscovery5resetEv
                0x000000000001e810       0x84 ./BUILD/NRF52_DK/GCC_ARM/mbed-os/features/FEATURE_BLE/targets/TARGET_NORDIC/TARGET_NRF5/source/nRF5xGattClient.o
                0x000000000001e810                ServiceDiscovery::reset()
 .text._ZN10GattClient5resetEv
                0x000000000001e894       0x5e ./BUILD/NRF52_DK/GCC_ARM/mbed-os/features/FEATURE_BLE/targets/TARGET_NORDIC/TARGET_NRF5/source/nRF5xGattClient.o
                0x000000000001e894                GattClient::reset()
 *fill*         0x000000000001e8f2        0x2 
 .text._ZN15nRF5xGattClient5resetEv
                0x000000000001e8f4       0x84 ./BUILD/NRF52_DK/GCC_ARM/mbed-os/features/FEATURE_BLE/targets/TARGET_NORDIC/TARGET_NRF5/source/nRF5xGattClient.o
                0x000000000001e8f4                nRF5xGattClient::reset()
 .text._ZN21nRF5xServiceDiscovery25terminateServiceDiscoveryEv
                0x000000000001e978       0x7c ./BUILD/NRF52_DK/GCC_ARM/mbed-os/features/FEATURE_BLE/targets/TARGET_NORDIC/TARGET_NRF5/source/nRF5xGattClient.o
                0x000000000001e978                nRF5xServiceDiscovery::terminateServiceDiscovery()
 .text._ZN15nRF5xGattClient25terminateServiceDiscoveryEv
                0x000000000001e9f4        0xa ./BUILD/NRF52_DK/GCC_ARM/mbed-os/features/FEATURE_BLE/targets/TARGET_NORDIC/TARGET_NRF5/source/nRF5xGattClient.o
                0x000000000001e9f4                nRF5xGattClient::terminateServiceDiscovery()
 .text._ZN15nRF5xGattClient22launchServiceDiscoveryEt26FunctionPointerWithContextIPK17DiscoveredServiceES0_IPK24DiscoveredCharacteristicERK4UUIDSB_
                0x000000000001e9fe       0xd0 ./BUILD/NRF52_DK/GCC_ARM/mbed-os/features/FEATURE_BLE/targets/TARGET_NORDIC/TARGET_NRF5/source/nRF5xGattClient.o
                0x000000000001e9fe                nRF5xGattClient::launchServiceDiscovery(unsigned short, FunctionPointerWithContext<DiscoveredService const*>, FunctionPointerWithContext<DiscoveredCharacteristic const*>, UUID const&, UUID const&)
 .text.sd_ble_gatts_service_add
                0x000000000001eace        0x4 ./BUILD/NRF52_DK/GCC_ARM/mbed-os/features/FEATURE_BLE/targets/TARGET_NORDIC/TARGET_NRF5/source/nRF5xGattServer.o
 .text.sd_ble_gatts_value_set
                0x000000000001ead2        0x4 ./BUILD/NRF52_DK/GCC_ARM/mbed-os/features/FEATURE_BLE/targets/TARGET_NORDIC/TARGET_NRF5/source/nRF5xGattServer.o
 .text.sd_ble_gatts_value_get
                0x000000000001ead6        0x4 ./BUILD/NRF52_DK/GCC_ARM/mbed-os/features/FEATURE_BLE/targets/TARGET_NORDIC/TARGET_NRF5/source/nRF5xGattServer.o
 .text.sd_ble_gatts_hvx
                0x000000000001eada        0x4 ./BUILD/NRF52_DK/GCC_ARM/mbed-os/features/FEATURE_BLE/targets/TARGET_NORDIC/TARGET_NRF5/source/nRF5xGattServer.o
 .text.sd_ble_gatts_rw_authorize_reply
                0x000000000001eade        0x4 ./BUILD/NRF52_DK/GCC_ARM/mbed-os/features/FEATURE_BLE/targets/TARGET_NORDIC/TARGET_NRF5/source/nRF5xGattServer.o
 .text.sd_ble_gatts_sys_attr_set
                0x000000000001eae2        0x4 ./BUILD/NRF52_DK/GCC_ARM/mbed-os/features/FEATURE_BLE/targets/TARGET_NORDIC/TARGET_NRF5/source/nRF5xGattServer.o
 .text.sd_ble_user_mem_reply
                0x000000000001eae6        0x4 ./BUILD/NRF52_DK/GCC_ARM/mbed-os/features/FEATURE_BLE/targets/TARGET_NORDIC/TARGET_NRF5/source/nRF5xGattServer.o
 .text._ZNK10GattServer21isOnDataReadAvailableEv
                0x000000000001eaea        0x4 ./BUILD/NRF52_DK/GCC_ARM/mbed-os/features/FEATURE_BLE/targets/TARGET_NORDIC/TARGET_NRF5/source/nRF5xGattServer.o
                0x000000000001eaea                GattServer::isOnDataReadAvailable() const
 .text._ZN15nRF5xGattServer4readEtPhPt
                0x000000000001eaee       0x16 ./BUILD/NRF52_DK/GCC_ARM/mbed-os/features/FEATURE_BLE/targets/TARGET_NORDIC/TARGET_NRF5/source/nRF5xGattServer.o
                0x000000000001eaee                nRF5xGattServer::read(unsigned short, unsigned char*, unsigned short*)
 .text._ZN15nRF5xGattServer4readEttPhPt
                0x000000000001eb04       0x2a ./BUILD/NRF52_DK/GCC_ARM/mbed-os/features/FEATURE_BLE/targets/TARGET_NORDIC/TARGET_NRF5/source/nRF5xGattServer.o
                0x000000000001eb04                nRF5xGattServer::read(unsigned short, unsigned short, unsigned char*, unsigned short*)
 .text._ZN15nRF5xGattServer5writeEtPKhtb
                0x000000000001eb2e       0x1c ./BUILD/NRF52_DK/GCC_ARM/mbed-os/features/FEATURE_BLE/targets/TARGET_NORDIC/TARGET_NRF5/source/nRF5xGattServer.o
                0x000000000001eb2e                nRF5xGattServer::write(unsigned short, unsigned char const*, unsigned short, bool)
 .text._ZN15nRF5xGattServer17areUpdatesEnabledERK18GattCharacteristicPb
                0x000000000001eb4a       0x2e ./BUILD/NRF52_DK/GCC_ARM/mbed-os/features/FEATURE_BLE/targets/TARGET_NORDIC/TARGET_NRF5/source/nRF5xGattServer.o
                0x000000000001eb4a                nRF5xGattServer::areUpdatesEnabled(GattCharacteristic const&, bool*)
 .text._ZN15nRF5xGattServer17areUpdatesEnabledEtRK18GattCharacteristicPb
                0x000000000001eb78       0x5e ./BUILD/NRF52_DK/GCC_ARM/mbed-os/features/FEATURE_BLE/targets/TARGET_NORDIC/TARGET_NRF5/source/nRF5xGattServer.o
                0x000000000001eb78                nRF5xGattServer::areUpdatesEnabled(unsigned short, GattCharacteristic const&, bool*)
 .text._ZN15nRF5xGattServer5writeEttPKhtb
                0x000000000001ebd6      0x118 ./BUILD/NRF52_DK/GCC_ARM/mbed-os/features/FEATURE_BLE/targets/TARGET_NORDIC/TARGET_NRF5/source/nRF5xGattServer.o
                0x000000000001ebd6                nRF5xGattServer::write(unsigned short, unsigned short, unsigned char const*, unsigned short, bool)
 .text._ZN15nRF5xGattServer10addServiceER11GattService
                0x000000000001ecee      0x1c4 ./BUILD/NRF52_DK/GCC_ARM/mbed-os/features/FEATURE_BLE/targets/TARGET_NORDIC/TARGET_NRF5/source/nRF5xGattServer.o
                0x000000000001ecee                nRF5xGattServer::addService(GattService&)
 .text._ZNK15nRF5xGattServer28getBiggestCharacteristicSizeEv
                0x000000000001eeb2       0x22 ./BUILD/NRF52_DK/GCC_ARM/mbed-os/features/FEATURE_BLE/targets/TARGET_NORDIC/TARGET_NRF5/source/nRF5xGattServer.o
                0x000000000001eeb2                nRF5xGattServer::getBiggestCharacteristicSize() const
 .text._ZN15nRF5xGattServer24allocateLongWriteRequestEt
                0x000000000001eed4       0x4e ./BUILD/NRF52_DK/GCC_ARM/mbed-os/features/FEATURE_BLE/targets/TARGET_NORDIC/TARGET_NRF5/source/nRF5xGattServer.o
                0x000000000001eed4                nRF5xGattServer::allocateLongWriteRequest(unsigned short)
 .text._ZN15nRF5xGattServer20findLongWriteRequestEt
                0x000000000001ef22       0x2e ./BUILD/NRF52_DK/GCC_ARM/mbed-os/features/FEATURE_BLE/targets/TARGET_NORDIC/TARGET_NRF5/source/nRF5xGattServer.o
                0x000000000001ef22                nRF5xGattServer::findLongWriteRequest(unsigned short)
 .text._ZN15nRF5xGattServer23releaseLongWriteRequestEt
                0x000000000001ef50       0x1a ./BUILD/NRF52_DK/GCC_ARM/mbed-os/features/FEATURE_BLE/targets/TARGET_NORDIC/TARGET_NRF5/source/nRF5xGattServer.o
                0x000000000001ef50                nRF5xGattServer::releaseLongWriteRequest(unsigned short)
 .text._ZN15nRF5xGattServer23releaseAllWriteRequestsEv
                0x000000000001ef6a       0x20 ./BUILD/NRF52_DK/GCC_ARM/mbed-os/features/FEATURE_BLE/targets/TARGET_NORDIC/TARGET_NRF5/source/nRF5xGattServer.o
                0x000000000001ef6a                nRF5xGattServer::releaseAllWriteRequests()
 *fill*         0x000000000001ef8a        0x2 
 .text._ZN26FunctionPointerWithContextItEC2EPFvtE
                0x000000000001ef8c       0x14 ./BUILD/NRF52_DK/GCC_ARM/mbed-os/features/FEATURE_BLE/targets/TARGET_NORDIC/TARGET_NRF5/source/nRF5xGattServer.o
                0x000000000001ef8c                FunctionPointerWithContext<unsigned short>::FunctionPointerWithContext(void (*)(unsigned short))
                0x000000000001ef8c                FunctionPointerWithContext<unsigned short>::FunctionPointerWithContext(void (*)(unsigned short))
 .text._ZN10GattServer5resetEv
                0x000000000001efa0       0xba ./BUILD/NRF52_DK/GCC_ARM/mbed-os/features/FEATURE_BLE/targets/TARGET_NORDIC/TARGET_NRF5/source/nRF5xGattServer.o
                0x000000000001efa0                GattServer::reset()
 .text._ZN15nRF5xGattServer5resetEv
                0x000000000001f05a       0x4e ./BUILD/NRF52_DK/GCC_ARM/mbed-os/features/FEATURE_BLE/targets/TARGET_NORDIC/TARGET_NRF5/source/nRF5xGattServer.o
                0x000000000001f05a                nRF5xGattServer::reset()
 .text._ZNK38CallChainOfFunctionPointersWithContextIPK23GattWriteCallbackParamsE4callES2_
                0x000000000001f0a8       0x20 ./BUILD/NRF52_DK/GCC_ARM/mbed-os/features/FEATURE_BLE/targets/TARGET_NORDIC/TARGET_NRF5/source/nRF5xGattServer.o
                0x000000000001f0a8                CallChainOfFunctionPointersWithContext<GattWriteCallbackParams const*>::call(GattWriteCallbackParams const*) const
 .text._ZNK26FunctionPointerWithContextItE4callEt
                0x000000000001f0c8        0x4 ./BUILD/NRF52_DK/GCC_ARM/mbed-os/features/FEATURE_BLE/targets/TARGET_NORDIC/TARGET_NRF5/source/nRF5xGattServer.o
                0x000000000001f0c8                FunctionPointerWithContext<unsigned short>::call(unsigned short) const
 .text._ZN10GattServer11handleEventEN16GattServerEvents11gattEvent_eEt
                0x000000000001f0cc       0x48 ./BUILD/NRF52_DK/GCC_ARM/mbed-os/features/FEATURE_BLE/targets/TARGET_NORDIC/TARGET_NRF5/source/nRF5xGattServer.o
                0x000000000001f0cc                GattServer::handleEvent(GattServerEvents::gattEvent_e, unsigned short)
 .text._ZN15nRF5xGattServer10hwCallbackEP9ble_evt_t
                0x000000000001f114      0x3f0 ./BUILD/NRF52_DK/GCC_ARM/mbed-os/features/FEATURE_BLE/targets/TARGET_NORDIC/TARGET_NRF5/source/nRF5xGattServer.o
                0x000000000001f114                nRF5xGattServer::hwCallback(ble_evt_t*)
 .text.sd_ble_gattc_primary_services_discover
                0x000000000001f504        0x4 ./BUILD/NRF52_DK/GCC_ARM/mbed-os/features/FEATURE_BLE/targets/TARGET_NORDIC/TARGET_NRF5/source/nRF5xServiceDiscovery.o
 .text.sd_ble_gattc_characteristics_discover
                0x000000000001f508        0x4 ./BUILD/NRF52_DK/GCC_ARM/mbed-os/features/FEATURE_BLE/targets/TARGET_NORDIC/TARGET_NRF5/source/nRF5xServiceDiscovery.o